<html>
<body>
<pre>
<h1>礦ision Build Log</h1>
<h2>Tool Versions:</h2>
IDE-Version: μVision V5.20.0.39
Copyright (C) 2016 ARM Ltd and ARM Germany GmbH. All rights reserved.
License Information: chen Microsoft, Microsoft, LIC=65ITG-VN6F8-KPWZY-I554G-F28WM-N8L93
 
Tool Versions:
Toolchain:       MDK-ARM Plus  Version: 5.18a
Toolchain Path:  c:\Keil_v5\ARM\ARMCC\Bin
C Compiler:      Armcc.exe V5.06 update 1 (build 61)
Assembler:       Armasm.exe V5.06 update 1 (build 61)
Linker/Locator:  ArmLink.exe V5.06 update 1 (build 61)
Library Manager: ArmAr.exe V5.06 update 1 (build 61)
Hex Converter:   FromElf.exe V5.06 update 1 (build 61)
CPU DLL:         SARMCM3.DLL V5.18a
Dialog DLL:      DARMCM1.DLL V1.12.0.0
Target DLL:      Segger\JL2CM3.dll V2.99.19.0
Dialog DLL:      TARMCM1.DLL V1.9.0.0
 
<h2>Project:</h2>
E:\檀木科技\华立项目\JoeChen\工程车监管套件\代码\读卡器\reader_project\reader_project.uvprojx
Project File Date:  11/24/2016

<h2>Output:</h2>
*** Using Compiler 'V5.06 update 1 (build 61)', folder: 'c:\Keil_v5\ARM\ARMCC\Bin'
Rebuild target 'Target 1'
compiling simple_uart.c...
compiling common.c...
compiling main.c...
compiling sys.c...
compiling nrf_nvmc.c...
compiling radio_config.c...
assembling arm_startup_nrf51.s...
compiling tim.c...
compiling system_nrf51.c...
linking...
Program Size: Code=8532 RO-data=264 RW-data=100 ZI-data=6532  
".\Objects\reader_project.axf" - 0 Error(s), 0 Warning(s).

<h2>Software Packages used:</h2>

Package Vendor: ARM
                http://www.keil.com/pack/ARM.CMSIS.4.5.0.pack
                ARM::CMSIS:CORE:4.3.0
                CMSIS (Cortex Microcontroller Software Interface Standard)
   * Component: CORE Version: 4.3.0

Package Vendor: NordicSemiconductor
                http://developer.nordicsemi.com/nRF5_SDK/pieces/nRF_DeviceFamilyPack/NordicSemiconductor.nRF_DeviceFamilyPack.8.7.1.pack
                NordicSemiconductor::Device:Startup:8.7.1
                Nordic Semiconductor nRF ARM devices Device Family Pack.
   * Component: Startup Version: 8.7.1

<h2>Collection of Component include folders:</h2>
  E:\檀木科技\华立项目\JoeChen\工程车监管套件\代码\读卡器\reader_project\RTE
  c:\Keil_v5\ARM\PACK\ARM\CMSIS\4.5.0\CMSIS\Include
  c:\Keil_v5\ARM\PACK\NordicSemiconductor\nRF_DeviceFamilyPack\8.7.1\Device\Include

<h2>Collection of Component Files used:</h2>

   * Component: ARM::CMSIS:CORE:4.3.0

   * Component: NordicSemiconductor::Device:Startup:8.7.1
      Source file:   Device\Source\arm\arm_startup_nrf51.s
      Source file:   Device\Source\system_nrf51.c
      Include file:  Device\Include\system_nrf51.h
Build Time Elapsed:  00:00:02
</pre>
</body>
</html>
