Component: ARM Compiler 5.06 update 1 (build 61) Tool: armlink [4d35a8]

==============================================================================

Section Cross References

    main.o(i.RADIO_IRQHandler) refers to main.o(i.nrf_gpio_pin_clear) for nrf_gpio_pin_clear
    main.o(i.RADIO_IRQHandler) refers to radio_config.o(i.radio_rx_carrier) for radio_rx_carrier
    main.o(i.RADIO_IRQHandler) refers to main.o(i.nrf_gpio_pin_set) for nrf_gpio_pin_set
    main.o(i.RADIO_IRQHandler) refers to radio_config.o(i.radio_tx_carrier) for radio_tx_carrier
    main.o(i.RADIO_IRQHandler) refers to main.o(i.radio_cmd_process) for radio_cmd_process
    main.o(i.RADIO_IRQHandler) refers to radio_config.o(.data) for radio_status
    main.o(i.RADIO_IRQHandler) refers to main.o(.data) for config_send_state
    main.o(i.RADIO_IRQHandler) refers to radio_config.o(.bss) for payload
    main.o(i.RADIO_IRQHandler) refers to main.o(.bss) for CurParaSet
    main.o(i.RADIO_IRQHandler) refers to main.o(.constdata) for constTagID
    main.o(i.Rom_Pos) refers to h1_alloc.o(.text) for malloc
    main.o(i.TIMER0_IRQHandler) refers to main.o(.data) for ucCycRFID
    main.o(i.UART0_IRQHandler) refers to main.o(i.__ARM_common_switch8) for __ARM_common_switch8
    main.o(i.UART0_IRQHandler) refers to main.o(.bss) for U_Master
    main.o(i.UART0_IRQHandler) refers to main.o(.data) for RX_PACKET
    main.o(i.UART_Init) refers to simple_uart.o(i.simple_uart_config) for simple_uart_config
    main.o(i.UART_Init) refers to main.o(i.NVIC_SetPriority) for NVIC_SetPriority
    main.o(i.main) refers to main.o(i.hfclk_config) for hfclk_config
    main.o(i.main) refers to main.o(i.settingsSetDefaultValues) for settingsSetDefaultValues
    main.o(i.main) refers to radio_config.o(i.Radio_Init) for Radio_Init
    main.o(i.main) refers to tim.o(i.Timer0_Init) for Timer0_Init
    main.o(i.main) refers to main.o(i.UART_Init) for UART_Init
    main.o(i.main) refers to simple_uart.o(i.UART_Send) for UART_Send
    main.o(i.main) refers to radio_config.o(i.radio_disable) for radio_disable
    main.o(i.main) refers to nrf_nvmc.o(i.nrf_nvmc_read_bytes) for nrf_nvmc_read_bytes
    main.o(i.main) refers to main.o(i.nrf_gpio_pin_set) for nrf_gpio_pin_set
    main.o(i.main) refers to radio_config.o(i.radio_tx_carrier) for radio_tx_carrier
    main.o(i.main) refers to main.o(i.nrf_gpio_pin_clear) for nrf_gpio_pin_clear
    main.o(i.main) refers to radio_config.o(i.radio_rx_carrier) for radio_rx_carrier
    main.o(i.main) refers to main.o(.data) for uart_tx_en
    main.o(i.main) refers to main.o(.bss) for tx_buf
    main.o(i.main) refers to radio_config.o(.bss) for payload
    main.o(i.radio_cmd_process) refers to sys.o(i.copybuf) for copybuf
    main.o(i.radio_cmd_process) refers to main.o(i.__ARM_common_switch8) for __ARM_common_switch8
    main.o(i.radio_cmd_process) refers to nrf_nvmc.o(i.nrf_nvmc_read_bytes) for nrf_nvmc_read_bytes
    main.o(i.radio_cmd_process) refers to nrf_nvmc.o(i.nrf_nvmc_page_erase) for nrf_nvmc_page_erase
    main.o(i.radio_cmd_process) refers to nrf_nvmc.o(i.nrf_nvmc_write_bytes) for nrf_nvmc_write_bytes
    main.o(i.radio_cmd_process) refers to main.o(.data) for caucpROM
    main.o(i.radio_cmd_process) refers to main.o(.bss) for Page_Base
    main.o(i.radio_cmd_process) refers to main.o(.constdata) for ParaSet
    main.o(i.radio_cmd_process) refers to main.o(i.nrf_gpio_pin_set) for nrf_gpio_pin_set
    main.o(i.radio_cmd_process) refers to radio_config.o(i.radio_tx_carrier) for radio_tx_carrier
    main.o(i.radio_cmd_process) refers to radio_config.o(.bss) for payload
    main.o(i.settingsSetDefaultValues) refers to nrf_nvmc.o(i.nrf_nvmc_read_bytes) for nrf_nvmc_read_bytes
    main.o(i.settingsSetDefaultValues) refers to nrf_nvmc.o(i.nrf_nvmc_page_erase) for nrf_nvmc_page_erase
    main.o(i.settingsSetDefaultValues) refers to nrf_nvmc.o(i.nrf_nvmc_write_bytes) for nrf_nvmc_write_bytes
    main.o(i.settingsSetDefaultValues) refers to main.o(i.Rom_Pos) for Rom_Pos
    main.o(i.settingsSetDefaultValues) refers to main.o(.data) for pg_size
    main.o(i.settingsSetDefaultValues) refers to main.o(.bss) for Page_Base
    main.o(i.settingsSetDefaultValues) refers to main.o(.constdata) for nvmc_flash_mark
    simple_uart.o(i.nrf_gpio_cfg_input) refers to simple_uart.o(i.nrf_gpio_cfg) for nrf_gpio_cfg
    simple_uart.o(i.nrf_gpio_cfg_output) refers to simple_uart.o(i.nrf_gpio_cfg) for nrf_gpio_cfg
    simple_uart.o(i.simple_uart_config) refers to simple_uart.o(i.nrf_gpio_cfg_output) for nrf_gpio_cfg_output
    simple_uart.o(i.simple_uart_config) refers to simple_uart.o(i.nrf_gpio_cfg_input) for nrf_gpio_cfg_input
    simple_uart.o(i.simple_uart_get_with_timeout) refers to system_nrf51.o(.data) for SystemCoreClock
    simple_uart.o(i.simple_uart_putstring) refers to simple_uart.o(i.simple_uart_put) for simple_uart_put
    nrf_nvmc.o(i.nrf_nvmc_read_bytes) refers to nrf_nvmc.o(i.nrf_nvmc_read_byte) for nrf_nvmc_read_byte
    nrf_nvmc.o(i.nrf_nvmc_write_bytes) refers to nrf_nvmc.o(i.nrf_nvmc_write_byte) for nrf_nvmc_write_byte
    radio_config.o(i.Radio_Init) refers to radio_config.o(i.radio_configure) for radio_configure
    radio_config.o(i.Radio_Init) refers to radio_config.o(i.NVIC_SetPriority) for NVIC_SetPriority
    radio_config.o(i.Radio_Init) refers to radio_config.o(.bss) for payload
    radio_config.o(i.radio_disable) refers to radio_config.o(.data) for radio_status
    radio_config.o(i.radio_modulated_tx_carrier) refers to radio_config.o(i.radio_disable) for radio_disable
    radio_config.o(i.radio_modulated_tx_carrier) refers to radio_config.o(.data) for radio_status
    radio_config.o(i.radio_rx_carrier) refers to radio_config.o(i.radio_disable) for radio_disable
    radio_config.o(i.radio_rx_carrier) refers to radio_config.o(.data) for radio_status
    radio_config.o(i.radio_tx_carrier) refers to radio_config.o(i.radio_disable) for radio_disable
    radio_config.o(i.radio_tx_carrier) refers to radio_config.o(.data) for radio_status
    tim.o(i.Timer0_Init) refers to tim.o(i.NVIC_SetPriority) for NVIC_SetPriority
    tim.o(i.Timer0_Init) refers to tim.o(i.NVIC_EnableIRQ) for NVIC_EnableIRQ
    tim.o(i.Timer1_Init) refers to tim.o(i.NVIC_SetPriority) for NVIC_SetPriority
    tim.o(i.Timer1_Init) refers to tim.o(i.NVIC_EnableIRQ) for NVIC_EnableIRQ
    tim.o(i.Timer2_Init) refers to tim.o(i.NVIC_SetPriority) for NVIC_SetPriority
    arm_startup_nrf51.o(STACK) refers (Special) to heapauxi.o(.text) for __use_two_region_memory
    arm_startup_nrf51.o(HEAP) refers (Special) to heapauxi.o(.text) for __use_two_region_memory
    arm_startup_nrf51.o(RESET) refers (Special) to heapauxi.o(.text) for __use_two_region_memory
    arm_startup_nrf51.o(RESET) refers to arm_startup_nrf51.o(STACK) for __initial_sp
    arm_startup_nrf51.o(RESET) refers to arm_startup_nrf51.o(.text) for Reset_Handler
    arm_startup_nrf51.o(RESET) refers to main.o(i.RADIO_IRQHandler) for RADIO_IRQHandler
    arm_startup_nrf51.o(RESET) refers to main.o(i.UART0_IRQHandler) for UART0_IRQHandler
    arm_startup_nrf51.o(RESET) refers to main.o(i.TIMER0_IRQHandler) for TIMER0_IRQHandler
    arm_startup_nrf51.o(.text) refers (Special) to heapauxi.o(.text) for __use_two_region_memory
    arm_startup_nrf51.o(.text) refers to system_nrf51.o(i.SystemInit) for SystemInit
    arm_startup_nrf51.o(.text) refers to __main.o(!!!main) for __main
    arm_startup_nrf51.o(.text) refers to arm_startup_nrf51.o(HEAP) for Heap_Mem
    arm_startup_nrf51.o(.text) refers to arm_startup_nrf51.o(STACK) for Stack_Mem
    system_nrf51.o(i.SystemCoreClockUpdate) refers to system_nrf51.o(.data) for SystemCoreClock
    system_nrf51.o(i.SystemInit) refers to system_nrf51.o(i.is_manual_peripheral_setup_needed) for is_manual_peripheral_setup_needed
    system_nrf51.o(i.SystemInit) refers to system_nrf51.o(i.is_disabled_in_debug_needed) for is_disabled_in_debug_needed
    system_nrf51.o(i.SystemInit) refers to system_nrf51.o(i.is_peripheral_domain_setup_needed) for is_peripheral_domain_setup_needed
    malloc.o(.text) refers (Special) to hguard.o(.text) for __heap$guard
    malloc.o(.text) refers (Special) to init_alloc.o(.text) for _init_alloc
    malloc.o(.text) refers to rt_heap_descriptor_intlibspace.o(.text) for __rt_heap_descriptor
    h1_alloc.o(.text) refers (Special) to h1_init.o(.text) for __Heap_Initialize
    h1_alloc.o(.text) refers to rt_heap_descriptor_intlibspace.o(.text) for __rt_heap_descriptor
    h1_alloc.o(.text) refers to init_alloc.o(.text) for __Heap_Full
    h1_alloc_mt.o(.text) refers (Special) to h1_init.o(.text) for __Heap_Initialize
    h1_alloc_mt.o(.text) refers to init_alloc.o(.text) for __Heap_Full
    h1_alloc_mt.o(.text) refers to rt_heap_descriptor_intlibspace.o(.text) for __rt_heap_descriptor
    heap2.o(i._FDIterate) refers to heap2.o(.conststring) for .conststring
    heap2.o(i.___Heap_ProvideMemory$realtime) refers to fdtree.o(i._FDTree_Delete) for _FDTree_Delete
    heap2.o(i.___Heap_ProvideMemory$realtime) refers to fdtree.o(i._FDTree_Insert) for _FDTree_Insert
    heap2.o(i.___Heap_Stats$realtime) refers to heap2.o(i._Heap2_StatsIterate) for _Heap2_StatsIterate
    heap2.o(i.___Heap_Stats$realtime) refers to aeabi_sdiv.o(.text) for __aeabi_uidivmod
    heap2.o(i.___Heap_Valid$realtime) refers to heap2.o(i._FDIterate) for _FDIterate
    heap2.o(i.___Heap_Valid$realtime) refers to heap2.o(.conststring) for .conststring
    heap2.o(i._free$realtime) refers to rt_heap_descriptor_intlibspace.o(.text) for __rt_heap_descriptor
    heap2.o(i._free$realtime) refers to fdtree.o(i._FDTree_Delete) for _FDTree_Delete
    heap2.o(i._free$realtime) refers to fdtree.o(i._FDTree_Insert) for _FDTree_Insert
    heap2.o(i._malloc$realtime) refers to rt_heap_descriptor_intlibspace.o(.text) for __rt_heap_descriptor
    heap2.o(i._malloc$realtime) refers to fdtree.o(i._FDTree_FindFirst) for _FDTree_FindFirst
    heap2.o(i._malloc$realtime) refers to init_alloc.o(.text) for __Heap_Full
    heap2.o(i._malloc$realtime) refers to fdtree.o(i._FDTree_RemoveNode) for _FDTree_RemoveNode
    heap2.o(i._malloc$realtime) refers to fdtree.o(i._FDTree_Insert) for _FDTree_Insert
    heap2.o(i._posix_memalign$realtime) refers to rt_heap_descriptor_intlibspace.o(.text) for __rt_heap_descriptor
    heap2.o(i._posix_memalign$realtime) refers to fdtree.o(i._FDTree_FindFirst) for _FDTree_FindFirst
    heap2.o(i._posix_memalign$realtime) refers to init_alloc.o(.text) for __Heap_Full
    heap2.o(i._posix_memalign$realtime) refers to fdtree.o(i._FDTree_RemoveNode) for _FDTree_RemoveNode
    heap2.o(i._posix_memalign$realtime) refers to fdtree.o(i._FDTree_Insert) for _FDTree_Insert
    heap2.o(i._realloc$realtime) refers to rt_heap_descriptor_intlibspace.o(.text) for __rt_heap_descriptor
    heap2.o(i._realloc$realtime) refers to h1_free.o(.text) for free
    heap2.o(i._realloc$realtime) refers to h1_alloc.o(.text) for malloc
    heap2.o(i._realloc$realtime) refers to fdtree.o(i._FDTree_Delete) for _FDTree_Delete
    heap2.o(i._realloc$realtime) refers to fdtree.o(i._FDTree_Insert) for _FDTree_Insert
    heap2.o(i._realloc$realtime) refers to rt_memcpy.o(.emb_text) for __aeabi_memcpy4
    heap2mt.o(i._FDIterate) refers to heap2mt.o(.conststring) for .conststring
    heap2mt.o(i.___Heap_ProvideMemory$realtime$concurrent) refers to fdtree.o(i._FDTree_Delete) for _FDTree_Delete
    heap2mt.o(i.___Heap_ProvideMemory$realtime$concurrent) refers to fdtree.o(i._FDTree_Insert) for _FDTree_Insert
    heap2mt.o(i.___Heap_Stats$realtime$concurrent) refers to heap2mt.o(i._Heap2_StatsIterate) for _Heap2_StatsIterate
    heap2mt.o(i.___Heap_Stats$realtime$concurrent) refers to aeabi_sdiv.o(.text) for __aeabi_uidivmod
    heap2mt.o(i.___Heap_Valid$realtime$concurrent) refers to heap2mt.o(i._FDIterate) for _FDIterate
    heap2mt.o(i.___Heap_Valid$realtime$concurrent) refers to heap2mt.o(.conststring) for .conststring
    heap2mt.o(i._free$realtime$concurrent) refers to rt_heap_descriptor_intlibspace.o(.text) for __rt_heap_descriptor
    heap2mt.o(i._free$realtime$concurrent) refers to fdtree.o(i._FDTree_Delete) for _FDTree_Delete
    heap2mt.o(i._free$realtime$concurrent) refers to fdtree.o(i._FDTree_Insert) for _FDTree_Insert
    heap2mt.o(i._malloc$realtime$concurrent) refers to rt_heap_descriptor_intlibspace.o(.text) for __rt_heap_descriptor
    heap2mt.o(i._malloc$realtime$concurrent) refers to fdtree.o(i._FDTree_FindFirst) for _FDTree_FindFirst
    heap2mt.o(i._malloc$realtime$concurrent) refers to init_alloc.o(.text) for __Heap_Full
    heap2mt.o(i._malloc$realtime$concurrent) refers to fdtree.o(i._FDTree_RemoveNode) for _FDTree_RemoveNode
    heap2mt.o(i._malloc$realtime$concurrent) refers to fdtree.o(i._FDTree_Insert) for _FDTree_Insert
    heap2mt.o(i._posix_memalign$realtime$concurrent) refers to rt_heap_descriptor_intlibspace.o(.text) for __rt_heap_descriptor
    heap2mt.o(i._posix_memalign$realtime$concurrent) refers to fdtree.o(i._FDTree_FindFirst) for _FDTree_FindFirst
    heap2mt.o(i._posix_memalign$realtime$concurrent) refers to init_alloc.o(.text) for __Heap_Full
    heap2mt.o(i._posix_memalign$realtime$concurrent) refers to fdtree.o(i._FDTree_RemoveNode) for _FDTree_RemoveNode
    heap2mt.o(i._posix_memalign$realtime$concurrent) refers to fdtree.o(i._FDTree_Insert) for _FDTree_Insert
    heap2mt.o(i._realloc$realtime$concurrent) refers to rt_heap_descriptor_intlibspace.o(.text) for __rt_heap_descriptor
    heap2mt.o(i._realloc$realtime$concurrent) refers to h1_free.o(.text) for free
    heap2mt.o(i._realloc$realtime$concurrent) refers to h1_alloc.o(.text) for malloc
    heap2mt.o(i._realloc$realtime$concurrent) refers to fdtree.o(i._FDTree_Delete) for _FDTree_Delete
    heap2mt.o(i._realloc$realtime$concurrent) refers to fdtree.o(i._FDTree_Insert) for _FDTree_Insert
    heap2mt.o(i._realloc$realtime$concurrent) refers to rt_memcpy.o(.emb_text) for __aeabi_memcpy4
    __main.o(!!!main) refers to __rtentry.o(.ARM.Collect$$rtentry$$00000000) for __rt_entry
    __rtentry.o(.ARM.Collect$$rtentry$$00000000) refers (Special) to __rtentry2.o(.ARM.Collect$$rtentry$$0000000A) for __rt_entry_li
    __rtentry.o(.ARM.Collect$$rtentry$$00000000) refers (Special) to __rtentry2.o(.ARM.Collect$$rtentry$$0000000D) for __rt_entry_main
    __rtentry.o(.ARM.Collect$$rtentry$$00000000) refers (Special) to __rtentry2.o(.ARM.Collect$$rtentry$$0000000C) for __rt_entry_postli_1
    __rtentry.o(.ARM.Collect$$rtentry$$00000000) refers (Special) to __rtentry2.o(.ARM.Collect$$rtentry$$00000009) for __rt_entry_postsh_1
    __rtentry.o(.ARM.Collect$$rtentry$$00000000) refers (Special) to __rtentry2.o(.ARM.Collect$$rtentry$$00000002) for __rt_entry_presh_1
    __rtentry.o(.ARM.Collect$$rtentry$$00000000) refers (Special) to __rtentry4.o(.ARM.Collect$$rtentry$$00000004) for __rt_entry_sh
    rt_heap_descriptor.o(.text) refers to rt_heap_descriptor.o(.bss) for __rt_heap_descriptor_data
    rt_heap_descriptor_intlibspace.o(.text) refers to libspace.o(.bss) for __libspace_start
    init_alloc.o(.text) refers (Special) to hguard.o(.text) for __heap$guard
    init_alloc.o(.text) refers (Special) to libinit2.o(.ARM.Collect$$libinit$$00000005) for __rt_lib_init_heap_2
    init_alloc.o(.text) refers (Special) to maybetermalloc1.o(.emb_text) for _maybe_terminate_alloc
    init_alloc.o(.text) refers to h1_extend.o(.text) for __Heap_ProvideMemory
    init_alloc.o(.text) refers to defsig_rtmem_outer.o(.text) for __rt_SIGRTMEM
    init_alloc.o(.text) refers to rt_heap_descriptor_intlibspace.o(.text) for __rt_heap_descriptor
    init_alloc.o(.text) refers to h1_init.o(.text) for __Heap_Initialize
    free.o(.text) refers (Special) to hguard.o(.text) for __heap$guard
    free.o(.text) refers to rt_heap_descriptor_intlibspace.o(.text) for __rt_heap_descriptor
    h1_free.o(.text) refers to rt_heap_descriptor_intlibspace.o(.text) for __rt_heap_descriptor
    h1_free_mt.o(.text) refers to rt_heap_descriptor_intlibspace.o(.text) for __rt_heap_descriptor
    rt_memcpy.o(.text) refers to rt_memcpy.o(.emb_text) for __aeabi_memcpy4
    _get_argv.o(.text) refers (Special) to hrguard.o(.text) for __heap_region$guard
    _get_argv.o(.text) refers to h1_alloc.o(.text) for malloc
    _get_argv.o(.text) refers to defsig_rtmem_outer.o(.text) for __rt_SIGRTMEM
    _get_argv.o(.text) refers to sys_command.o(.text) for _sys_command_string
    libinit2.o(.ARM.Collect$$libinit$$00000005) refers (Weak) to init_alloc.o(.text) for _init_alloc
    libinit2.o(.ARM.Collect$$libinit$$00000010) refers to libinit2.o(.ARM.Collect$$libinit$$0000000F) for .ARM.Collect$$libinit$$0000000F
    libinit2.o(.ARM.Collect$$libinit$$00000012) refers to libinit2.o(.ARM.Collect$$libinit$$0000000F) for .ARM.Collect$$libinit$$0000000F
    libinit2.o(.ARM.Collect$$libinit$$00000014) refers to libinit2.o(.ARM.Collect$$libinit$$0000000F) for .ARM.Collect$$libinit$$0000000F
    libinit2.o(.ARM.Collect$$libinit$$00000016) refers to libinit2.o(.ARM.Collect$$libinit$$0000000F) for .ARM.Collect$$libinit$$0000000F
    libinit2.o(.ARM.Collect$$libinit$$00000018) refers to libinit2.o(.ARM.Collect$$libinit$$0000000F) for .ARM.Collect$$libinit$$0000000F
    libinit2.o(.ARM.Collect$$libinit$$00000026) refers to argv_veneer.o(.text) for __ARM_argv_veneer
    libinit2.o(.ARM.Collect$$libinit$$00000027) refers to argv_veneer.o(.text) for __ARM_argv_veneer
    sys_command.o(.text) refers (Special) to use_no_semi.o(.text) for __I$use$semihosting
    sys_command.o(.text) refers (Special) to indicate_semi.o(.text) for __semihosting_library_function
    libspace.o(.text) refers to libspace.o(.bss) for __libspace_start
    __rtentry2.o(.ARM.Collect$$rtentry$$00000008) refers to boardinit2.o(.text) for _platform_post_stackheap_init
    __rtentry2.o(.ARM.Collect$$rtentry$$0000000A) refers to libinit.o(.ARM.Collect$$libinit$$00000000) for __rt_lib_init
    __rtentry2.o(.ARM.Collect$$rtentry$$0000000B) refers to boardinit3.o(.text) for _platform_post_lib_init
    __rtentry2.o(.ARM.Collect$$rtentry$$0000000D) refers to main.o(i.main) for main
    __rtentry2.o(.ARM.Collect$$rtentry$$0000000D) refers to exit.o(.text) for exit
    __rtentry2.o(.ARM.exidx) refers to __rtentry2.o(.ARM.Collect$$rtentry$$00000001) for .ARM.Collect$$rtentry$$00000001
    __rtentry2.o(.ARM.exidx) refers to __rtentry2.o(.ARM.Collect$$rtentry$$00000008) for .ARM.Collect$$rtentry$$00000008
    __rtentry2.o(.ARM.exidx) refers to __rtentry2.o(.ARM.Collect$$rtentry$$0000000A) for .ARM.Collect$$rtentry$$0000000A
    __rtentry2.o(.ARM.exidx) refers to __rtentry2.o(.ARM.Collect$$rtentry$$0000000B) for .ARM.Collect$$rtentry$$0000000B
    __rtentry2.o(.ARM.exidx) refers to __rtentry2.o(.ARM.Collect$$rtentry$$0000000D) for .ARM.Collect$$rtentry$$0000000D
    __rtentry4.o(.ARM.Collect$$rtentry$$00000004) refers to sys_stackheap_outer.o(.text) for __user_setup_stackheap
    __rtentry4.o(.ARM.exidx) refers to __rtentry4.o(.ARM.Collect$$rtentry$$00000004) for .ARM.Collect$$rtentry$$00000004
    aeabi_idiv0_sigfpe.o(.text) refers to rt_div0.o(.text) for __rt_div0
    maybetermalloc2.o(.emb_text) refers (Special) to term_alloc.o(.text) for _terminate_alloc
    h1_extend.o(.text) refers to h1_free.o(.text) for free
    h1_extend_mt.o(.text) refers to h1_free_mt.o(.text) for _free_internal
    defsig_rtmem_outer.o(.text) refers to defsig_rtmem_inner.o(.text) for __rt_SIGRTMEM_inner
    defsig_rtmem_outer.o(.text) refers to defsig_exit.o(.text) for __sig_exit
    defsig_rtmem_formal.o(.text) refers to rt_raise.o(.text) for __rt_raise
    heapauxa.o(.text) refers to heapauxa.o(.data) for .data
    sys_stackheap_outer.o(.text) refers to libspace.o(.text) for __user_perproc_libspace
    sys_stackheap_outer.o(.text) refers to arm_startup_nrf51.o(.text) for __user_initial_stackheap
    sys_stackheap_outer.o(__vectab_stack_and_reset_area) refers to tempstk.o(.text) for __temporary_stack_top
    sys_stackheap_outer.o(__vectab_stack_and_reset_area) refers to __main.o(!!!main) for __main
    rt_div0.o(.text) refers to defsig_fpe_outer.o(.text) for __rt_SIGFPE
    rt_raise.o(.text) refers to __raise.o(.text) for __raise
    rt_raise.o(.text) refers to sys_exit.o(.text) for _sys_exit
    term_alloc.o(.text) refers (Special) to libshutdown2.o(.ARM.Collect$$libshutdown$$0000000E) for __rt_lib_shutdown_heap_2
    term_alloc.o(.text) refers to rt_heap_descriptor_intlibspace.o(.text) for __rt_heap_descriptor
    exit.o(.text) refers to rtexit.o(.ARM.Collect$$rtexit$$00000000) for __rt_exit
    defsig_exit.o(.text) refers to sys_exit.o(.text) for _sys_exit
    defsig_rtmem_inner.o(.text) refers to defsig_general.o(.text) for __default_signal_display
    _get_argv_nomalloc.o(.text) refers (Special) to hrguard.o(.text) for __heap_region$guard
    _get_argv_nomalloc.o(.text) refers to defsig_rtmem_outer.o(.text) for __rt_SIGRTMEM
    _get_argv_nomalloc.o(.text) refers to sys_command.o(.text) for _sys_command_string
    libinit.o(.ARM.Collect$$libinit$$00000000) refers (Special) to libinit2.o(.ARM.Collect$$libinit$$0000002E) for __rt_lib_init_alloca_1
    libinit.o(.ARM.Collect$$libinit$$00000000) refers (Special) to libinit2.o(.ARM.Collect$$libinit$$0000002C) for __rt_lib_init_argv_1
    libinit.o(.ARM.Collect$$libinit$$00000000) refers (Special) to libinit2.o(.ARM.Collect$$libinit$$0000001B) for __rt_lib_init_atexit_1
    libinit.o(.ARM.Collect$$libinit$$00000000) refers (Special) to libinit2.o(.ARM.Collect$$libinit$$00000021) for __rt_lib_init_clock_1
    libinit.o(.ARM.Collect$$libinit$$00000000) refers (Special) to libinit2.o(.ARM.Collect$$libinit$$00000032) for __rt_lib_init_cpp_1
    libinit.o(.ARM.Collect$$libinit$$00000000) refers (Special) to libinit2.o(.ARM.Collect$$libinit$$00000030) for __rt_lib_init_exceptions_1
    libinit.o(.ARM.Collect$$libinit$$00000000) refers (Special) to libinit2.o(.ARM.Collect$$libinit$$00000002) for __rt_lib_init_fp_1
    libinit.o(.ARM.Collect$$libinit$$00000000) refers (Special) to libinit2.o(.ARM.Collect$$libinit$$0000001F) for __rt_lib_init_fp_trap_1
    libinit.o(.ARM.Collect$$libinit$$00000000) refers (Special) to libinit2.o(.ARM.Collect$$libinit$$00000023) for __rt_lib_init_getenv_1
    libinit.o(.ARM.Collect$$libinit$$00000000) refers (Special) to libinit2.o(.ARM.Collect$$libinit$$0000000A) for __rt_lib_init_heap_1
    libinit.o(.ARM.Collect$$libinit$$00000000) refers (Special) to libinit2.o(.ARM.Collect$$libinit$$00000011) for __rt_lib_init_lc_collate_1
    libinit.o(.ARM.Collect$$libinit$$00000000) refers (Special) to libinit2.o(.ARM.Collect$$libinit$$00000013) for __rt_lib_init_lc_ctype_1
    libinit.o(.ARM.Collect$$libinit$$00000000) refers (Special) to libinit2.o(.ARM.Collect$$libinit$$00000015) for __rt_lib_init_lc_monetary_1
    libinit.o(.ARM.Collect$$libinit$$00000000) refers (Special) to libinit2.o(.ARM.Collect$$libinit$$00000017) for __rt_lib_init_lc_numeric_1
    libinit.o(.ARM.Collect$$libinit$$00000000) refers (Special) to libinit2.o(.ARM.Collect$$libinit$$00000019) for __rt_lib_init_lc_time_1
    libinit.o(.ARM.Collect$$libinit$$00000000) refers (Special) to libinit2.o(.ARM.Collect$$libinit$$00000004) for __rt_lib_init_preinit_1
    libinit.o(.ARM.Collect$$libinit$$00000000) refers (Special) to libinit2.o(.ARM.Collect$$libinit$$0000000E) for __rt_lib_init_rand_1
    libinit.o(.ARM.Collect$$libinit$$00000000) refers (Special) to libinit2.o(.ARM.Collect$$libinit$$00000033) for __rt_lib_init_return
    libinit.o(.ARM.Collect$$libinit$$00000000) refers (Special) to libinit2.o(.ARM.Collect$$libinit$$0000001D) for __rt_lib_init_signal_1
    libinit.o(.ARM.Collect$$libinit$$00000000) refers (Special) to libinit2.o(.ARM.Collect$$libinit$$00000025) for __rt_lib_init_stdio_1
    libinit.o(.ARM.Collect$$libinit$$00000000) refers (Special) to libinit2.o(.ARM.Collect$$libinit$$0000000C) for __rt_lib_init_user_alloc_1
    sys_exit.o(.text) refers (Special) to use_no_semi.o(.text) for __I$use$semihosting
    sys_exit.o(.text) refers (Special) to indicate_semi.o(.text) for __semihosting_library_function
    rtexit.o(.ARM.Collect$$rtexit$$00000000) refers (Special) to rtexit2.o(.ARM.Collect$$rtexit$$00000004) for __rt_exit_exit
    rtexit.o(.ARM.Collect$$rtexit$$00000000) refers (Special) to rtexit2.o(.ARM.Collect$$rtexit$$00000003) for __rt_exit_ls
    rtexit.o(.ARM.Collect$$rtexit$$00000000) refers (Special) to rtexit2.o(.ARM.Collect$$rtexit$$00000002) for __rt_exit_prels_1
    rtexit.o(.ARM.exidx) refers (Special) to rtexit2.o(.ARM.Collect$$rtexit$$00000004) for __rt_exit_exit
    rtexit.o(.ARM.exidx) refers (Special) to rtexit2.o(.ARM.Collect$$rtexit$$00000003) for __rt_exit_ls
    rtexit.o(.ARM.exidx) refers (Special) to rtexit2.o(.ARM.Collect$$rtexit$$00000002) for __rt_exit_prels_1
    rtexit.o(.ARM.exidx) refers to rtexit.o(.ARM.Collect$$rtexit$$00000000) for .ARM.Collect$$rtexit$$00000000
    __raise.o(.text) refers to defsig.o(CL$$defsig) for __default_signal_handler
    defsig_general.o(.text) refers to sys_wrch.o(.text) for _ttywrch
    defsig_fpe_outer.o(.text) refers to defsig_fpe_inner.o(.text) for __rt_SIGFPE_inner
    defsig_fpe_outer.o(.text) refers to defsig_exit.o(.text) for __sig_exit
    defsig_fpe_formal.o(.text) refers to rt_raise.o(.text) for __rt_raise
    libshutdown2.o(.ARM.Collect$$libshutdown$$0000000D) refers (Weak) to term_alloc.o(.text) for _terminate_alloc
    sys_wrch.o(.text) refers (Special) to use_no_semi.o(.text) for __I$use$semihosting
    sys_wrch.o(.text) refers (Special) to indicate_semi.o(.text) for __semihosting_library_function
    rtexit2.o(.ARM.Collect$$rtexit$$00000003) refers to libshutdown.o(.ARM.Collect$$libshutdown$$00000000) for __rt_lib_shutdown
    rtexit2.o(.ARM.Collect$$rtexit$$00000004) refers to sys_exit.o(.text) for _sys_exit
    rtexit2.o(.ARM.exidx) refers to rtexit2.o(.ARM.Collect$$rtexit$$00000001) for .ARM.Collect$$rtexit$$00000001
    rtexit2.o(.ARM.exidx) refers to rtexit2.o(.ARM.Collect$$rtexit$$00000003) for .ARM.Collect$$rtexit$$00000003
    rtexit2.o(.ARM.exidx) refers to rtexit2.o(.ARM.Collect$$rtexit$$00000004) for .ARM.Collect$$rtexit$$00000004
    defsig_fpe_inner.o(.text) refers to defsig_general.o(.text) for __default_signal_display
    defsig.o(CL$$defsig) refers to defsig_fpe_inner.o(.text) for __rt_SIGFPE_inner
    defsig.o(CL$$defsig) refers to defsig_rtmem_inner.o(.text) for __rt_SIGRTMEM_inner
    defsig_abrt_inner.o(.text) refers to defsig_general.o(.text) for __default_signal_display
    defsig_rtred_inner.o(.text) refers to defsig_general.o(.text) for __default_signal_display
    defsig_stak_inner.o(.text) refers to defsig_general.o(.text) for __default_signal_display
    defsig_pvfn_inner.o(.text) refers to defsig_general.o(.text) for __default_signal_display
    defsig_cppl_inner.o(.text) refers to defsig_general.o(.text) for __default_signal_display
    defsig_segv_inner.o(.text) refers to defsig_general.o(.text) for __default_signal_display
    defsig_other.o(.text) refers to defsig_general.o(.text) for __default_signal_display
    libshutdown.o(.ARM.Collect$$libshutdown$$00000000) refers (Special) to libshutdown2.o(.ARM.Collect$$libshutdown$$00000002) for __rt_lib_shutdown_cpp_1
    libshutdown.o(.ARM.Collect$$libshutdown$$00000000) refers (Special) to libshutdown2.o(.ARM.Collect$$libshutdown$$00000007) for __rt_lib_shutdown_fp_trap_1
    libshutdown.o(.ARM.Collect$$libshutdown$$00000000) refers (Special) to libshutdown2.o(.ARM.Collect$$libshutdown$$0000000F) for __rt_lib_shutdown_heap_1
    libshutdown.o(.ARM.Collect$$libshutdown$$00000000) refers (Special) to libshutdown2.o(.ARM.Collect$$libshutdown$$00000010) for __rt_lib_shutdown_return
    libshutdown.o(.ARM.Collect$$libshutdown$$00000000) refers (Special) to libshutdown2.o(.ARM.Collect$$libshutdown$$0000000A) for __rt_lib_shutdown_signal_1
    libshutdown.o(.ARM.Collect$$libshutdown$$00000000) refers (Special) to libshutdown2.o(.ARM.Collect$$libshutdown$$00000004) for __rt_lib_shutdown_stdio_1
    libshutdown.o(.ARM.Collect$$libshutdown$$00000000) refers (Special) to libshutdown2.o(.ARM.Collect$$libshutdown$$0000000C) for __rt_lib_shutdown_user_alloc_1


==============================================================================

Removing Unused input sections from the image.

    Removing main.o(.rev16_text), (4 bytes).
    Removing main.o(.revsh_text), (4 bytes).
    Removing common.o(.rev16_text), (4 bytes).
    Removing common.o(.revsh_text), (4 bytes).
    Removing simple_uart.o(.rev16_text), (4 bytes).
    Removing simple_uart.o(.revsh_text), (4 bytes).
    Removing simple_uart.o(i.UART_Send_Char), (44 bytes).
    Removing simple_uart.o(i.simple_uart_get), (32 bytes).
    Removing simple_uart.o(i.simple_uart_get_with_timeout), (120 bytes).
    Removing simple_uart.o(i.simple_uart_put), (32 bytes).
    Removing simple_uart.o(i.simple_uart_putstring), (32 bytes).
    Removing nrf_nvmc.o(.rev16_text), (4 bytes).
    Removing nrf_nvmc.o(.revsh_text), (4 bytes).
    Removing nrf_nvmc.o(i.nrf_nvmc_write_word), (56 bytes).
    Removing nrf_nvmc.o(i.nrf_nvmc_write_words), (76 bytes).
    Removing nrf_nvmc.o(i.slf_nrf_nvmc_read_lowbytes), (22 bytes).
    Removing radio_config.o(.rev16_text), (4 bytes).
    Removing radio_config.o(.revsh_text), (4 bytes).
    Removing radio_config.o(i.radio_modulated_tx_carrier), (56 bytes).
    Removing sys.o(.rev16_text), (4 bytes).
    Removing sys.o(.revsh_text), (4 bytes).
    Removing sys.o(i.my_memcmp_const), (28 bytes).
    Removing sys.o(i.my_memset), (20 bytes).
    Removing tim.o(.rev16_text), (4 bytes).
    Removing tim.o(.revsh_text), (4 bytes).
    Removing tim.o(i.Timer1_Init), (84 bytes).
    Removing tim.o(i.Timer2_Init), (56 bytes).
    Removing system_nrf51.o(.rev16_text), (4 bytes).
    Removing system_nrf51.o(.revsh_text), (4 bytes).
    Removing system_nrf51.o(i.SystemCoreClockUpdate), (16 bytes).

30 unused section(s) (total 738 bytes) removed from the image.

==============================================================================

Image Symbol Table

    Local Symbols

    Symbol Name                              Value     Ov Type        Size  Object(Section)

    RESET                                    0x00000000   Section      192  arm_startup_nrf51.o(RESET)
    ../clib/angel/boardlib.s                 0x00000000   Number         0  boardinit3.o ABSOLUTE
    ../clib/angel/boardlib.s                 0x00000000   Number         0  boardinit2.o ABSOLUTE
    ../clib/angel/boardlib.s                 0x00000000   Number         0  boardinit1.o ABSOLUTE
    ../clib/angel/boardlib.s                 0x00000000   Number         0  boardshut.o ABSOLUTE
    ../clib/angel/handlers.s                 0x00000000   Number         0  __scatter_zi.o ABSOLUTE
    ../clib/angel/handlers.s                 0x00000000   Number         0  __scatter_copy.o ABSOLUTE
    ../clib/angel/kernel.s                   0x00000000   Number         0  __rtentry2.o ABSOLUTE
    ../clib/angel/kernel.s                   0x00000000   Number         0  rtexit.o ABSOLUTE
    ../clib/angel/kernel.s                   0x00000000   Number         0  __rtentry.o ABSOLUTE
    ../clib/angel/kernel.s                   0x00000000   Number         0  rtexit2.o ABSOLUTE
    ../clib/angel/kernel.s                   0x00000000   Number         0  __rtentry4.o ABSOLUTE
    ../clib/angel/rt.s                       0x00000000   Number         0  rt_heap_descriptor_intlibspace.o ABSOLUTE
    ../clib/angel/rt.s                       0x00000000   Number         0  rt_heap_descriptor.o ABSOLUTE
    ../clib/angel/rt.s                       0x00000000   Number         0  rt_raise.o ABSOLUTE
    ../clib/angel/rt.s                       0x00000000   Number         0  aeabi_idiv0_sigfpe.o ABSOLUTE
    ../clib/angel/rt.s                       0x00000000   Number         0  aeabi_idiv0.o ABSOLUTE
    ../clib/angel/rt.s                       0x00000000   Number         0  rt_div0.o ABSOLUTE
    ../clib/angel/scatterp.s                 0x00000000   Number         0  __scatter.o ABSOLUTE
    ../clib/angel/startup.s                  0x00000000   Number         0  __main.o ABSOLUTE
    ../clib/angel/sys.s                      0x00000000   Number         0  sys_stackheap_outer.o ABSOLUTE
    ../clib/angel/sys.s                      0x00000000   Number         0  libspace.o ABSOLUTE
    ../clib/angel/sys.s                      0x00000000   Number         0  indicate_semi.o ABSOLUTE
    ../clib/angel/sys.s                      0x00000000   Number         0  use_no_semi.o ABSOLUTE
    ../clib/angel/sys.s                      0x00000000   Number         0  mutex_dummy.o ABSOLUTE
    ../clib/angel/sys.s                      0x00000000   Number         0  tempstk.o ABSOLUTE
    ../clib/angel/sysapp.c                   0x00000000   Number         0  sys_wrch.o ABSOLUTE
    ../clib/angel/sysapp.c                   0x00000000   Number         0  sys_exit.o ABSOLUTE
    ../clib/angel/sysapp.c                   0x00000000   Number         0  sys_command.o ABSOLUTE
    ../clib/armsys.c                         0x00000000   Number         0  _get_argv.o ABSOLUTE
    ../clib/armsys.c                         0x00000000   Number         0  argv_veneer.o ABSOLUTE
    ../clib/armsys.c                         0x00000000   Number         0  _get_argv_nomalloc.o ABSOLUTE
    ../clib/armsys.c                         0x00000000   Number         0  no_argv.o ABSOLUTE
    ../clib/division.s                       0x00000000   Number         0  aeabi_sdiv_div0.o ABSOLUTE
    ../clib/division.s                       0x00000000   Number         0  aeabi_sdiv.o ABSOLUTE
    ../clib/heap1.c                          0x00000000   Number         0  h1_alloc_mt.o ABSOLUTE
    ../clib/heap1.c                          0x00000000   Number         0  h1_extend_mt.o ABSOLUTE
    ../clib/heap1.c                          0x00000000   Number         0  h1_free.o ABSOLUTE
    ../clib/heap1.c                          0x00000000   Number         0  h1_init_mt.o ABSOLUTE
    ../clib/heap1.c                          0x00000000   Number         0  h1_free_mt.o ABSOLUTE
    ../clib/heap1.c                          0x00000000   Number         0  h1_final_mt.o ABSOLUTE
    ../clib/heap1.c                          0x00000000   Number         0  h1_final.o ABSOLUTE
    ../clib/heap1.c                          0x00000000   Number         0  h1_extend.o ABSOLUTE
    ../clib/heap1.c                          0x00000000   Number         0  h1_alloc.o ABSOLUTE
    ../clib/heap1.c                          0x00000000   Number         0  h1_init.o ABSOLUTE
    ../clib/heap2.c                          0x00000000   Number         0  heap2.o ABSOLUTE
    ../clib/heap2.c                          0x00000000   Number         0  heap2mt.o ABSOLUTE
    ../clib/heap2.c                          0x00000000   Number         0  fdtree.o ABSOLUTE
    ../clib/heapalloc.c                      0x00000000   Number         0  malloc.o ABSOLUTE
    ../clib/heapalloc.c                      0x00000000   Number         0  maybetermalloc1.o ABSOLUTE
    ../clib/heapalloc.c                      0x00000000   Number         0  term_alloc.o ABSOLUTE
    ../clib/heapalloc.c                      0x00000000   Number         0  hrguard.o ABSOLUTE
    ../clib/heapalloc.c                      0x00000000   Number         0  hguard.o ABSOLUTE
    ../clib/heapalloc.c                      0x00000000   Number         0  maybetermalloc2.o ABSOLUTE
    ../clib/heapalloc.c                      0x00000000   Number         0  init_alloc.o ABSOLUTE
    ../clib/heapalloc.c                      0x00000000   Number         0  free.o ABSOLUTE
    ../clib/heapalloc.c                      0x00000000   Number         0  heapstubs.o ABSOLUTE
    ../clib/heapalloc.c                      0x00000000   Number         0  maybetermalloc1.o ABSOLUTE
    ../clib/heapalloc.c                      0x00000000   Number         0  maybetermalloc2.o ABSOLUTE
    ../clib/heapaux.c                        0x00000000   Number         0  heapauxi.o ABSOLUTE
    ../clib/heapaux.c                        0x00000000   Number         0  heapauxa.o ABSOLUTE
    ../clib/libinit.s                        0x00000000   Number         0  libinit.o ABSOLUTE
    ../clib/libinit.s                        0x00000000   Number         0  libinit2.o ABSOLUTE
    ../clib/libinit.s                        0x00000000   Number         0  libshutdown2.o ABSOLUTE
    ../clib/libinit.s                        0x00000000   Number         0  libshutdown.o ABSOLUTE
    ../clib/memcpset.c                       0x00000000   Number         0  rt_memcpy.o ABSOLUTE
    ../clib/memcpset.c                       0x00000000   Number         0  rt_memcpy.o ABSOLUTE
    ../clib/signal.c                         0x00000000   Number         0  defsig_fpe_outer.o ABSOLUTE
    ../clib/signal.c                         0x00000000   Number         0  __raise.o ABSOLUTE
    ../clib/signal.c                         0x00000000   Number         0  defsig_general.o ABSOLUTE
    ../clib/signal.c                         0x00000000   Number         0  defsig_rtmem_inner.o ABSOLUTE
    ../clib/signal.c                         0x00000000   Number         0  defsig_exit.o ABSOLUTE
    ../clib/signal.c                         0x00000000   Number         0  defsig_rtmem_formal.o ABSOLUTE
    ../clib/signal.c                         0x00000000   Number         0  defsig_rtmem_outer.o ABSOLUTE
    ../clib/signal.c                         0x00000000   Number         0  defsig_other.o ABSOLUTE
    ../clib/signal.c                         0x00000000   Number         0  defsig_segv_inner.o ABSOLUTE
    ../clib/signal.c                         0x00000000   Number         0  defsig_cppl_inner.o ABSOLUTE
    ../clib/signal.c                         0x00000000   Number         0  defsig_pvfn_inner.o ABSOLUTE
    ../clib/signal.c                         0x00000000   Number         0  defsig_stak_inner.o ABSOLUTE
    ../clib/signal.c                         0x00000000   Number         0  defsig_rtred_inner.o ABSOLUTE
    ../clib/signal.c                         0x00000000   Number         0  defsig_abrt_inner.o ABSOLUTE
    ../clib/signal.c                         0x00000000   Number         0  defsig_fpe_inner.o ABSOLUTE
    ../clib/signal.c                         0x00000000   Number         0  defsig_fpe_formal.o ABSOLUTE
    ../clib/signal.s                         0x00000000   Number         0  defsig.o ABSOLUTE
    ../clib/stdlib.c                         0x00000000   Number         0  exit.o ABSOLUTE
    ../fplib/cfplib/fpinit.c                 0x00000000   Number         0  fpinit.o ABSOLUTE
    ..\Application\main.c                    0x00000000   Number         0  main.o ABSOLUTE
    ..\Application\sys\sys.c                 0x00000000   Number         0  sys.o ABSOLUTE
    ..\Application\usart_com\common.c        0x00000000   Number         0  common.o ABSOLUTE
    ..\\Application\\main.c                  0x00000000   Number         0  main.o ABSOLUTE
    ..\\Application\\sys\\sys.c              0x00000000   Number         0  sys.o ABSOLUTE
    ..\\Application\\usart_com\\common.c     0x00000000   Number         0  common.o ABSOLUTE
    ..\\drivers_nrf\\nrf_nvmc.c              0x00000000   Number         0  nrf_nvmc.o ABSOLUTE
    ..\\drivers_nrf\\simple_uart.c           0x00000000   Number         0  simple_uart.o ABSOLUTE
    ..\\my_drivers\\radio_config.c           0x00000000   Number         0  radio_config.o ABSOLUTE
    ..\\my_drivers\\tim.c                    0x00000000   Number         0  tim.o ABSOLUTE
    ..\drivers_nrf\nrf_nvmc.c                0x00000000   Number         0  nrf_nvmc.o ABSOLUTE
    ..\drivers_nrf\simple_uart.c             0x00000000   Number         0  simple_uart.o ABSOLUTE
    ..\my_drivers\radio_config.c             0x00000000   Number         0  radio_config.o ABSOLUTE
    ..\my_drivers\tim.c                      0x00000000   Number         0  tim.o ABSOLUTE
    RTE\Device\nRF51822_xxAA\arm_startup_nrf51.s 0x00000000   Number         0  arm_startup_nrf51.o ABSOLUTE
    RTE\Device\nRF51822_xxAA\system_nrf51.c  0x00000000   Number         0  system_nrf51.o ABSOLUTE
    RTE\\Device\\nRF51822_xxAA\\system_nrf51.c 0x00000000   Number         0  system_nrf51.o ABSOLUTE
    dc.s                                     0x00000000   Number         0  dc.o ABSOLUTE
    !!!main                                  0x000000c0   Section        8  __main.o(!!!main)
    !!!scatter                               0x000000c8   Section       60  __scatter.o(!!!scatter)
    !!handler_copy                           0x00000104   Section       26  __scatter_copy.o(!!handler_copy)
    !!handler_zi                             0x00000120   Section       28  __scatter_zi.o(!!handler_zi)
    .ARM.Collect$$libinit$$00000000          0x0000013c   Section        2  libinit.o(.ARM.Collect$$libinit$$00000000)
    .ARM.Collect$$libinit$$00000002          0x0000013e   Section        0  libinit2.o(.ARM.Collect$$libinit$$00000002)
    .ARM.Collect$$libinit$$00000004          0x0000013e   Section        0  libinit2.o(.ARM.Collect$$libinit$$00000004)
    .ARM.Collect$$libinit$$00000005          0x0000013e   Section        8  libinit2.o(.ARM.Collect$$libinit$$00000005)
    .ARM.Collect$$libinit$$0000000A          0x00000146   Section        0  libinit2.o(.ARM.Collect$$libinit$$0000000A)
    .ARM.Collect$$libinit$$0000000C          0x00000146   Section        0  libinit2.o(.ARM.Collect$$libinit$$0000000C)
    .ARM.Collect$$libinit$$0000000E          0x00000146   Section        0  libinit2.o(.ARM.Collect$$libinit$$0000000E)
    .ARM.Collect$$libinit$$00000011          0x00000146   Section        0  libinit2.o(.ARM.Collect$$libinit$$00000011)
    .ARM.Collect$$libinit$$00000013          0x00000146   Section        0  libinit2.o(.ARM.Collect$$libinit$$00000013)
    .ARM.Collect$$libinit$$00000015          0x00000146   Section        0  libinit2.o(.ARM.Collect$$libinit$$00000015)
    .ARM.Collect$$libinit$$00000017          0x00000146   Section        0  libinit2.o(.ARM.Collect$$libinit$$00000017)
    .ARM.Collect$$libinit$$00000019          0x00000146   Section        0  libinit2.o(.ARM.Collect$$libinit$$00000019)
    .ARM.Collect$$libinit$$0000001B          0x00000146   Section        0  libinit2.o(.ARM.Collect$$libinit$$0000001B)
    .ARM.Collect$$libinit$$0000001D          0x00000146   Section        0  libinit2.o(.ARM.Collect$$libinit$$0000001D)
    .ARM.Collect$$libinit$$0000001F          0x00000146   Section        0  libinit2.o(.ARM.Collect$$libinit$$0000001F)
    .ARM.Collect$$libinit$$00000021          0x00000146   Section        0  libinit2.o(.ARM.Collect$$libinit$$00000021)
    .ARM.Collect$$libinit$$00000023          0x00000146   Section        0  libinit2.o(.ARM.Collect$$libinit$$00000023)
    .ARM.Collect$$libinit$$00000025          0x00000146   Section        0  libinit2.o(.ARM.Collect$$libinit$$00000025)
    .ARM.Collect$$libinit$$0000002C          0x00000146   Section        0  libinit2.o(.ARM.Collect$$libinit$$0000002C)
    .ARM.Collect$$libinit$$0000002E          0x00000146   Section        0  libinit2.o(.ARM.Collect$$libinit$$0000002E)
    .ARM.Collect$$libinit$$00000030          0x00000146   Section        0  libinit2.o(.ARM.Collect$$libinit$$00000030)
    .ARM.Collect$$libinit$$00000032          0x00000146   Section        0  libinit2.o(.ARM.Collect$$libinit$$00000032)
    .ARM.Collect$$libinit$$00000033          0x00000146   Section        2  libinit2.o(.ARM.Collect$$libinit$$00000033)
    .ARM.Collect$$libshutdown$$00000000      0x00000148   Section        2  libshutdown.o(.ARM.Collect$$libshutdown$$00000000)
    .ARM.Collect$$libshutdown$$00000002      0x0000014a   Section        0  libshutdown2.o(.ARM.Collect$$libshutdown$$00000002)
    .ARM.Collect$$libshutdown$$00000004      0x0000014a   Section        0  libshutdown2.o(.ARM.Collect$$libshutdown$$00000004)
    .ARM.Collect$$libshutdown$$00000007      0x0000014a   Section        0  libshutdown2.o(.ARM.Collect$$libshutdown$$00000007)
    .ARM.Collect$$libshutdown$$0000000A      0x0000014a   Section        0  libshutdown2.o(.ARM.Collect$$libshutdown$$0000000A)
    .ARM.Collect$$libshutdown$$0000000C      0x0000014a   Section        0  libshutdown2.o(.ARM.Collect$$libshutdown$$0000000C)
    .ARM.Collect$$libshutdown$$0000000F      0x0000014a   Section        0  libshutdown2.o(.ARM.Collect$$libshutdown$$0000000F)
    .ARM.Collect$$libshutdown$$00000010      0x0000014a   Section        2  libshutdown2.o(.ARM.Collect$$libshutdown$$00000010)
    .ARM.Collect$$rtentry$$00000000          0x0000014c   Section        0  __rtentry.o(.ARM.Collect$$rtentry$$00000000)
    .ARM.Collect$$rtentry$$00000002          0x0000014c   Section        0  __rtentry2.o(.ARM.Collect$$rtentry$$00000002)
    .ARM.Collect$$rtentry$$00000004          0x0000014c   Section        6  __rtentry4.o(.ARM.Collect$$rtentry$$00000004)
    .ARM.Collect$$rtentry$$00000009          0x00000152   Section        0  __rtentry2.o(.ARM.Collect$$rtentry$$00000009)
    .ARM.Collect$$rtentry$$0000000A          0x00000152   Section        4  __rtentry2.o(.ARM.Collect$$rtentry$$0000000A)
    .ARM.Collect$$rtentry$$0000000C          0x00000156   Section        0  __rtentry2.o(.ARM.Collect$$rtentry$$0000000C)
    .ARM.Collect$$rtentry$$0000000D          0x00000156   Section        8  __rtentry2.o(.ARM.Collect$$rtentry$$0000000D)
    .ARM.Collect$$rtexit$$00000000           0x0000015e   Section        2  rtexit.o(.ARM.Collect$$rtexit$$00000000)
    .ARM.Collect$$rtexit$$00000002           0x00000160   Section        0  rtexit2.o(.ARM.Collect$$rtexit$$00000002)
    .ARM.Collect$$rtexit$$00000003           0x00000160   Section        4  rtexit2.o(.ARM.Collect$$rtexit$$00000003)
    .ARM.Collect$$rtexit$$00000004           0x00000164   Section        6  rtexit2.o(.ARM.Collect$$rtexit$$00000004)
    .emb_text                                0x0000016c   Section        0  maybetermalloc1.o(.emb_text)
    .text                                    0x0000016c   Section       84  arm_startup_nrf51.o(.text)
    .text                                    0x000001c0   Section        0  h1_alloc.o(.text)
    .text                                    0x00000222   Section        0  heapauxi.o(.text)
    .text                                    0x00000228   Section        8  rt_heap_descriptor_intlibspace.o(.text)
    .text                                    0x00000230   Section        0  hguard.o(.text)
    .text                                    0x00000234   Section        0  init_alloc.o(.text)
    .text                                    0x000002bc   Section        0  h1_init.o(.text)
    .text                                    0x000002ca   Section        0  h1_free.o(.text)
    .text                                    0x00000318   Section        8  libspace.o(.text)
    .text                                    0x00000320   Section        0  h1_extend.o(.text)
    .text                                    0x00000354   Section        0  defsig_rtmem_outer.o(.text)
    .text                                    0x00000360   Section        2  use_no_semi.o(.text)
    .text                                    0x00000362   Section        0  indicate_semi.o(.text)
    .text                                    0x00000362   Section       62  sys_stackheap_outer.o(.text)
    .text                                    0x000003a0   Section        0  exit.o(.text)
    .text                                    0x000003b0   Section        0  defsig_exit.o(.text)
    .text                                    0x000003bc   Section        0  defsig_rtmem_inner.o(.text)
    .text                                    0x0000040c   Section        0  sys_exit.o(.text)
    .text                                    0x00000418   Section        0  defsig_general.o(.text)
    .text                                    0x0000044c   Section        0  sys_wrch.o(.text)
    i.NVIC_EnableIRQ                         0x00000458   Section        0  tim.o(i.NVIC_EnableIRQ)
    NVIC_EnableIRQ                           0x00000459   Thumb Code    14  tim.o(i.NVIC_EnableIRQ)
    i.NVIC_SetPriority                       0x0000046c   Section        0  main.o(i.NVIC_SetPriority)
    NVIC_SetPriority                         0x0000046d   Thumb Code   110  main.o(i.NVIC_SetPriority)
    i.NVIC_SetPriority                       0x000004e4   Section        0  radio_config.o(i.NVIC_SetPriority)
    NVIC_SetPriority                         0x000004e5   Thumb Code   110  radio_config.o(i.NVIC_SetPriority)
    i.NVIC_SetPriority                       0x0000055c   Section        0  tim.o(i.NVIC_SetPriority)
    NVIC_SetPriority                         0x0000055d   Thumb Code   110  tim.o(i.NVIC_SetPriority)
    i.RADIO_IRQHandler                       0x000005d4   Section        0  main.o(i.RADIO_IRQHandler)
    i.Radio_Init                             0x000008d4   Section        0  radio_config.o(i.Radio_Init)
    i.Rom_Pos                                0x00000934   Section        0  main.o(i.Rom_Pos)
    i.SystemInit                             0x000009a8   Section        0  system_nrf51.o(i.SystemInit)
    i.TIMER0_IRQHandler                      0x00000a0c   Section        0  main.o(i.TIMER0_IRQHandler)
    i.Timer0_Init                            0x00000a60   Section        0  tim.o(i.Timer0_Init)
    i.UART0_IRQHandler                       0x00000ab4   Section        0  main.o(i.UART0_IRQHandler)
    i.UART_Init                              0x00000c48   Section        0  main.o(i.UART_Init)
    i.UART_Send                              0x00000c80   Section        0  simple_uart.o(i.UART_Send)
    i.__ARM_common_switch8                   0x00000cb0   Section        0  main.o(i.__ARM_common_switch8)
    i.copybuf                                0x00000ccc   Section        0  sys.o(i.copybuf)
    i.hfclk_config                           0x00000ce4   Section        0  main.o(i.hfclk_config)
    hfclk_config                             0x00000ce5   Thumb Code    24  main.o(i.hfclk_config)
    i.is_disabled_in_debug_needed            0x00000d00   Section        0  system_nrf51.o(i.is_disabled_in_debug_needed)
    is_disabled_in_debug_needed              0x00000d01   Thumb Code    52  system_nrf51.o(i.is_disabled_in_debug_needed)
    i.is_manual_peripheral_setup_needed      0x00000d38   Section        0  system_nrf51.o(i.is_manual_peripheral_setup_needed)
    is_manual_peripheral_setup_needed        0x00000d39   Thumb Code   104  system_nrf51.o(i.is_manual_peripheral_setup_needed)
    i.is_peripheral_domain_setup_needed      0x00000da4   Section        0  system_nrf51.o(i.is_peripheral_domain_setup_needed)
    is_peripheral_domain_setup_needed        0x00000da5   Thumb Code    78  system_nrf51.o(i.is_peripheral_domain_setup_needed)
    i.main                                   0x00000df8   Section        0  main.o(i.main)
    i.nrf_gpio_cfg                           0x0000125c   Section        0  simple_uart.o(i.nrf_gpio_cfg)
    nrf_gpio_cfg                             0x0000125d   Thumb Code    38  simple_uart.o(i.nrf_gpio_cfg)
    i.nrf_gpio_cfg_input                     0x00001282   Section        0  simple_uart.o(i.nrf_gpio_cfg_input)
    nrf_gpio_cfg_input                       0x00001283   Thumb Code    26  simple_uart.o(i.nrf_gpio_cfg_input)
    i.nrf_gpio_cfg_output                    0x0000129c   Section        0  simple_uart.o(i.nrf_gpio_cfg_output)
    nrf_gpio_cfg_output                      0x0000129d   Thumb Code    24  simple_uart.o(i.nrf_gpio_cfg_output)
    i.nrf_gpio_pin_clear                     0x000012b4   Section        0  main.o(i.nrf_gpio_pin_clear)
    nrf_gpio_pin_clear                       0x000012b5   Thumb Code    10  main.o(i.nrf_gpio_pin_clear)
    i.nrf_gpio_pin_set                       0x000012c4   Section        0  main.o(i.nrf_gpio_pin_set)
    nrf_gpio_pin_set                         0x000012c5   Thumb Code    10  main.o(i.nrf_gpio_pin_set)
    i.nrf_nvmc_page_erase                    0x000012d4   Section        0  nrf_nvmc.o(i.nrf_nvmc_page_erase)
    i.nrf_nvmc_read_byte                     0x0000130c   Section        0  nrf_nvmc.o(i.nrf_nvmc_read_byte)
    i.nrf_nvmc_read_bytes                    0x00001312   Section        0  nrf_nvmc.o(i.nrf_nvmc_read_bytes)
    i.nrf_nvmc_write_byte                    0x00001330   Section        0  nrf_nvmc.o(i.nrf_nvmc_write_byte)
    i.nrf_nvmc_write_bytes                   0x00001380   Section        0  nrf_nvmc.o(i.nrf_nvmc_write_bytes)
    i.radio_cmd_process                      0x0000139c   Section        0  main.o(i.radio_cmd_process)
    i.radio_configure                        0x00001960   Section        0  radio_config.o(i.radio_configure)
    i.radio_disable                          0x000019d8   Section        0  radio_config.o(i.radio_disable)
    i.radio_rx_carrier                       0x00001a18   Section        0  radio_config.o(i.radio_rx_carrier)
    i.radio_tx_carrier                       0x00001a58   Section        0  radio_config.o(i.radio_tx_carrier)
    i.settingsSetDefaultValues               0x00001a90   Section        0  main.o(i.settingsSetDefaultValues)
    i.simple_uart_config                     0x00001d54   Section        0  simple_uart.o(i.simple_uart_config)
    .constdata                               0x00001dc0   Section       39  main.o(.constdata)
    .data                                    0x20000000   Section       73  main.o(.data)
    count                                    0x20000048   Data           1  main.o(.data)
    .data                                    0x20000049   Section        1  radio_config.o(.data)
    .data                                    0x2000004c   Section        4  system_nrf51.o(.data)
    __tagsym$$used                           0x2000004c   Number         0  system_nrf51.o(.data)
    .bss                                     0x20000050   Section      288  main.o(.bss)
    .bss                                     0x20000170   Section       32  radio_config.o(.bss)
    .bss                                     0x20000190   Section       96  libspace.o(.bss)
    HEAP                                     0x200001f0   Section     2048  arm_startup_nrf51.o(HEAP)
    Heap_Mem                                 0x200001f0   Data        2048  arm_startup_nrf51.o(HEAP)
    STACK                                    0x200009f0   Section     2048  arm_startup_nrf51.o(STACK)
    Stack_Mem                                0x200009f0   Data        2048  arm_startup_nrf51.o(STACK)
    __initial_sp                             0x200011f0   Data           0  arm_startup_nrf51.o(STACK)

    Global Symbols

    Symbol Name                              Value     Ov Type        Size  Object(Section)

    BuildAttributes$$THM_ISAv3M$S$PE$A:L22$X:L11$S22$IEEE1$IW$USESV6$~STKCKD$USESV7$~SHL$OTIME$ROPI$EBA8$UX$STANDARDLIB$REQ8$PRES8$EABIv2 0x00000000   Number         0  anon$$obj.o ABSOLUTE
    __ARM_use_no_argv                        0x00000000   Number         0  main.o ABSOLUTE
    __Vectors                                0x00000000   Data           4  arm_startup_nrf51.o(RESET)
    __ARM_exceptions_init                     - Undefined Weak Reference
    __alloca_initialize                       - Undefined Weak Reference
    __arm_preinit_                            - Undefined Weak Reference
    __cpp_initialize__aeabi_                  - Undefined Weak Reference
    __cxa_finalize                            - Undefined Weak Reference
    __rt_locale                               - Undefined Weak Reference
    __sigvec_lookup                           - Undefined Weak Reference
    __user_heap_extent                        - Undefined Weak Reference
    _atexit_init                              - Undefined Weak Reference
    _call_atexit_fns                          - Undefined Weak Reference
    _clock_init                               - Undefined Weak Reference
    _fp_trap_init                             - Undefined Weak Reference
    _fp_trap_shutdown                         - Undefined Weak Reference
    _get_lc_collate                           - Undefined Weak Reference
    _get_lc_ctype                             - Undefined Weak Reference
    _get_lc_monetary                          - Undefined Weak Reference
    _get_lc_numeric                           - Undefined Weak Reference
    _get_lc_time                              - Undefined Weak Reference
    _getenv_init                              - Undefined Weak Reference
    _handle_redirection                       - Undefined Weak Reference
    _initio                                   - Undefined Weak Reference
    _mutex_acquire                            - Undefined Weak Reference
    _mutex_free                               - Undefined Weak Reference
    _mutex_release                            - Undefined Weak Reference
    _rand_init                                - Undefined Weak Reference
    _signal_finish                            - Undefined Weak Reference
    _signal_init                              - Undefined Weak Reference
    _terminateio                              - Undefined Weak Reference
    __Vectors_End                            0x000000c0   Data           0  arm_startup_nrf51.o(RESET)
    __Vectors_Size                           0x000000c0   Number         0  arm_startup_nrf51.o ABSOLUTE
    __main                                   0x000000c1   Thumb Code     8  __main.o(!!!main)
    __scatterload                            0x000000c9   Thumb Code     0  __scatter.o(!!!scatter)
    __scatterload_rt2                        0x000000c9   Thumb Code    52  __scatter.o(!!!scatter)
    __scatterload_rt2_thumb_only             0x000000c9   Thumb Code     0  __scatter.o(!!!scatter)
    __scatterload_null                       0x000000d9   Thumb Code     0  __scatter.o(!!!scatter)
    __scatterload_copy                       0x00000105   Thumb Code    26  __scatter_copy.o(!!handler_copy)
    __scatterload_zeroinit                   0x00000121   Thumb Code    28  __scatter_zi.o(!!handler_zi)
    __rt_lib_init                            0x0000013d   Thumb Code     0  libinit.o(.ARM.Collect$$libinit$$00000000)
    __rt_lib_init_fp_1                       0x0000013f   Thumb Code     0  libinit2.o(.ARM.Collect$$libinit$$00000002)
    __rt_lib_init_heap_2                     0x0000013f   Thumb Code     0  libinit2.o(.ARM.Collect$$libinit$$00000005)
    __rt_lib_init_preinit_1                  0x0000013f   Thumb Code     0  libinit2.o(.ARM.Collect$$libinit$$00000004)
    __rt_lib_init_alloca_1                   0x00000147   Thumb Code     0  libinit2.o(.ARM.Collect$$libinit$$0000002E)
    __rt_lib_init_argv_1                     0x00000147   Thumb Code     0  libinit2.o(.ARM.Collect$$libinit$$0000002C)
    __rt_lib_init_atexit_1                   0x00000147   Thumb Code     0  libinit2.o(.ARM.Collect$$libinit$$0000001B)
    __rt_lib_init_clock_1                    0x00000147   Thumb Code     0  libinit2.o(.ARM.Collect$$libinit$$00000021)
    __rt_lib_init_cpp_1                      0x00000147   Thumb Code     0  libinit2.o(.ARM.Collect$$libinit$$00000032)
    __rt_lib_init_exceptions_1               0x00000147   Thumb Code     0  libinit2.o(.ARM.Collect$$libinit$$00000030)
    __rt_lib_init_fp_trap_1                  0x00000147   Thumb Code     0  libinit2.o(.ARM.Collect$$libinit$$0000001F)
    __rt_lib_init_getenv_1                   0x00000147   Thumb Code     0  libinit2.o(.ARM.Collect$$libinit$$00000023)
    __rt_lib_init_heap_1                     0x00000147   Thumb Code     0  libinit2.o(.ARM.Collect$$libinit$$0000000A)
    __rt_lib_init_lc_collate_1               0x00000147   Thumb Code     0  libinit2.o(.ARM.Collect$$libinit$$00000011)
    __rt_lib_init_lc_ctype_1                 0x00000147   Thumb Code     0  libinit2.o(.ARM.Collect$$libinit$$00000013)
    __rt_lib_init_lc_monetary_1              0x00000147   Thumb Code     0  libinit2.o(.ARM.Collect$$libinit$$00000015)
    __rt_lib_init_lc_numeric_1               0x00000147   Thumb Code     0  libinit2.o(.ARM.Collect$$libinit$$00000017)
    __rt_lib_init_lc_time_1                  0x00000147   Thumb Code     0  libinit2.o(.ARM.Collect$$libinit$$00000019)
    __rt_lib_init_rand_1                     0x00000147   Thumb Code     0  libinit2.o(.ARM.Collect$$libinit$$0000000E)
    __rt_lib_init_return                     0x00000147   Thumb Code     0  libinit2.o(.ARM.Collect$$libinit$$00000033)
    __rt_lib_init_signal_1                   0x00000147   Thumb Code     0  libinit2.o(.ARM.Collect$$libinit$$0000001D)
    __rt_lib_init_stdio_1                    0x00000147   Thumb Code     0  libinit2.o(.ARM.Collect$$libinit$$00000025)
    __rt_lib_init_user_alloc_1               0x00000147   Thumb Code     0  libinit2.o(.ARM.Collect$$libinit$$0000000C)
    __rt_lib_shutdown                        0x00000149   Thumb Code     0  libshutdown.o(.ARM.Collect$$libshutdown$$00000000)
    __rt_lib_shutdown_cpp_1                  0x0000014b   Thumb Code     0  libshutdown2.o(.ARM.Collect$$libshutdown$$00000002)
    __rt_lib_shutdown_fp_trap_1              0x0000014b   Thumb Code     0  libshutdown2.o(.ARM.Collect$$libshutdown$$00000007)
    __rt_lib_shutdown_heap_1                 0x0000014b   Thumb Code     0  libshutdown2.o(.ARM.Collect$$libshutdown$$0000000F)
    __rt_lib_shutdown_return                 0x0000014b   Thumb Code     0  libshutdown2.o(.ARM.Collect$$libshutdown$$00000010)
    __rt_lib_shutdown_signal_1               0x0000014b   Thumb Code     0  libshutdown2.o(.ARM.Collect$$libshutdown$$0000000A)
    __rt_lib_shutdown_stdio_1                0x0000014b   Thumb Code     0  libshutdown2.o(.ARM.Collect$$libshutdown$$00000004)
    __rt_lib_shutdown_user_alloc_1           0x0000014b   Thumb Code     0  libshutdown2.o(.ARM.Collect$$libshutdown$$0000000C)
    __rt_entry                               0x0000014d   Thumb Code     0  __rtentry.o(.ARM.Collect$$rtentry$$00000000)
    __rt_entry_presh_1                       0x0000014d   Thumb Code     0  __rtentry2.o(.ARM.Collect$$rtentry$$00000002)
    __rt_entry_sh                            0x0000014d   Thumb Code     0  __rtentry4.o(.ARM.Collect$$rtentry$$00000004)
    __rt_entry_li                            0x00000153   Thumb Code     0  __rtentry2.o(.ARM.Collect$$rtentry$$0000000A)
    __rt_entry_postsh_1                      0x00000153   Thumb Code     0  __rtentry2.o(.ARM.Collect$$rtentry$$00000009)
    __rt_entry_main                          0x00000157   Thumb Code     0  __rtentry2.o(.ARM.Collect$$rtentry$$0000000D)
    __rt_entry_postli_1                      0x00000157   Thumb Code     0  __rtentry2.o(.ARM.Collect$$rtentry$$0000000C)
    __rt_exit                                0x0000015f   Thumb Code     0  rtexit.o(.ARM.Collect$$rtexit$$00000000)
    __rt_exit_ls                             0x00000161   Thumb Code     0  rtexit2.o(.ARM.Collect$$rtexit$$00000003)
    __rt_exit_prels_1                        0x00000161   Thumb Code     0  rtexit2.o(.ARM.Collect$$rtexit$$00000002)
    __rt_exit_exit                           0x00000165   Thumb Code     0  rtexit2.o(.ARM.Collect$$rtexit$$00000004)
    Reset_Handler                            0x0000016d   Thumb Code    26  arm_startup_nrf51.o(.text)
    _maybe_terminate_alloc                   0x0000016d   Thumb Code     0  maybetermalloc1.o(.emb_text)
    NMI_Handler                              0x00000187   Thumb Code     2  arm_startup_nrf51.o(.text)
    HardFault_Handler                        0x00000189   Thumb Code     2  arm_startup_nrf51.o(.text)
    SVC_Handler                              0x0000018b   Thumb Code     2  arm_startup_nrf51.o(.text)
    PendSV_Handler                           0x0000018d   Thumb Code     2  arm_startup_nrf51.o(.text)
    SysTick_Handler                          0x0000018f   Thumb Code     2  arm_startup_nrf51.o(.text)
    ADC_IRQHandler                           0x00000191   Thumb Code     0  arm_startup_nrf51.o(.text)
    CCM_AAR_IRQHandler                       0x00000191   Thumb Code     0  arm_startup_nrf51.o(.text)
    ECB_IRQHandler                           0x00000191   Thumb Code     0  arm_startup_nrf51.o(.text)
    GPIOTE_IRQHandler                        0x00000191   Thumb Code     0  arm_startup_nrf51.o(.text)
    LPCOMP_IRQHandler                        0x00000191   Thumb Code     0  arm_startup_nrf51.o(.text)
    POWER_CLOCK_IRQHandler                   0x00000191   Thumb Code     0  arm_startup_nrf51.o(.text)
    QDEC_IRQHandler                          0x00000191   Thumb Code     0  arm_startup_nrf51.o(.text)
    RNG_IRQHandler                           0x00000191   Thumb Code     0  arm_startup_nrf51.o(.text)
    RTC0_IRQHandler                          0x00000191   Thumb Code     0  arm_startup_nrf51.o(.text)
    RTC1_IRQHandler                          0x00000191   Thumb Code     0  arm_startup_nrf51.o(.text)
    SPI0_TWI0_IRQHandler                     0x00000191   Thumb Code     0  arm_startup_nrf51.o(.text)
    SPI1_TWI1_IRQHandler                     0x00000191   Thumb Code     0  arm_startup_nrf51.o(.text)
    SWI0_IRQHandler                          0x00000191   Thumb Code     0  arm_startup_nrf51.o(.text)
    SWI1_IRQHandler                          0x00000191   Thumb Code     0  arm_startup_nrf51.o(.text)
    SWI2_IRQHandler                          0x00000191   Thumb Code     0  arm_startup_nrf51.o(.text)
    SWI3_IRQHandler                          0x00000191   Thumb Code     0  arm_startup_nrf51.o(.text)
    SWI4_IRQHandler                          0x00000191   Thumb Code     0  arm_startup_nrf51.o(.text)
    SWI5_IRQHandler                          0x00000191   Thumb Code     0  arm_startup_nrf51.o(.text)
    TEMP_IRQHandler                          0x00000191   Thumb Code     0  arm_startup_nrf51.o(.text)
    TIMER1_IRQHandler                        0x00000191   Thumb Code     0  arm_startup_nrf51.o(.text)
    TIMER2_IRQHandler                        0x00000191   Thumb Code     0  arm_startup_nrf51.o(.text)
    WDT_IRQHandler                           0x00000191   Thumb Code     0  arm_startup_nrf51.o(.text)
    __user_initial_stackheap                 0x00000195   Thumb Code    10  arm_startup_nrf51.o(.text)
    malloc                                   0x000001c1   Thumb Code    98  h1_alloc.o(.text)
    __use_two_region_memory                  0x00000223   Thumb Code     2  heapauxi.o(.text)
    __rt_heap_escrow                         0x00000225   Thumb Code     2  heapauxi.o(.text)
    __rt_heap_expand                         0x00000227   Thumb Code     2  heapauxi.o(.text)
    __rt_heap_descriptor                     0x00000229   Thumb Code     8  rt_heap_descriptor_intlibspace.o(.text)
    __use_no_heap                            0x00000231   Thumb Code     2  hguard.o(.text)
    __heap$guard                             0x00000233   Thumb Code     2  hguard.o(.text)
    _terminate_user_alloc                    0x00000235   Thumb Code     2  init_alloc.o(.text)
    _init_user_alloc                         0x00000237   Thumb Code     2  init_alloc.o(.text)
    __Heap_Full                              0x00000239   Thumb Code    32  init_alloc.o(.text)
    __Heap_Broken                            0x00000259   Thumb Code    10  init_alloc.o(.text)
    _init_alloc                              0x00000263   Thumb Code    90  init_alloc.o(.text)
    __Heap_Initialize                        0x000002bd   Thumb Code    10  h1_init.o(.text)
    __Heap_DescSize                          0x000002c7   Thumb Code     4  h1_init.o(.text)
    free                                     0x000002cb   Thumb Code    76  h1_free.o(.text)
    __user_libspace                          0x00000319   Thumb Code     8  libspace.o(.text)
    __user_perproc_libspace                  0x00000319   Thumb Code     0  libspace.o(.text)
    __user_perthread_libspace                0x00000319   Thumb Code     0  libspace.o(.text)
    __Heap_ProvideMemory                     0x00000321   Thumb Code    52  h1_extend.o(.text)
    __rt_SIGRTMEM                            0x00000355   Thumb Code    12  defsig_rtmem_outer.o(.text)
    __I$use$semihosting                      0x00000361   Thumb Code     0  use_no_semi.o(.text)
    __use_no_semihosting_swi                 0x00000361   Thumb Code     2  use_no_semi.o(.text)
    __semihosting_library_function           0x00000363   Thumb Code     0  indicate_semi.o(.text)
    __user_setup_stackheap                   0x00000363   Thumb Code    62  sys_stackheap_outer.o(.text)
    exit                                     0x000003a1   Thumb Code    16  exit.o(.text)
    __sig_exit                               0x000003b1   Thumb Code    12  defsig_exit.o(.text)
    __rt_SIGRTMEM_inner                      0x000003bd   Thumb Code    22  defsig_rtmem_inner.o(.text)
    _sys_exit                                0x0000040d   Thumb Code     8  sys_exit.o(.text)
    __default_signal_display                 0x00000419   Thumb Code    52  defsig_general.o(.text)
    _ttywrch                                 0x0000044d   Thumb Code    12  sys_wrch.o(.text)
    RADIO_IRQHandler                         0x000005d5   Thumb Code   696  main.o(i.RADIO_IRQHandler)
    Radio_Init                               0x000008d5   Thumb Code    70  radio_config.o(i.Radio_Init)
    Rom_Pos                                  0x00000935   Thumb Code   116  main.o(i.Rom_Pos)
    SystemInit                               0x000009a9   Thumb Code    76  system_nrf51.o(i.SystemInit)
    TIMER0_IRQHandler                        0x00000a0d   Thumb Code    62  main.o(i.TIMER0_IRQHandler)
    Timer0_Init                              0x00000a61   Thumb Code    66  tim.o(i.Timer0_Init)
    UART0_IRQHandler                         0x00000ab5   Thumb Code   386  main.o(i.UART0_IRQHandler)
    UART_Init                                0x00000c49   Thumb Code    46  main.o(i.UART_Init)
    UART_Send                                0x00000c81   Thumb Code    38  simple_uart.o(i.UART_Send)
    __ARM_common_switch8                     0x00000cb1   Thumb Code    28  main.o(i.__ARM_common_switch8)
    copybuf                                  0x00000ccd   Thumb Code    22  sys.o(i.copybuf)
    main                                     0x00000df9   Thumb Code  1124  main.o(i.main)
    nrf_nvmc_page_erase                      0x000012d5   Thumb Code    48  nrf_nvmc.o(i.nrf_nvmc_page_erase)
    nrf_nvmc_read_byte                       0x0000130d   Thumb Code     6  nrf_nvmc.o(i.nrf_nvmc_read_byte)
    nrf_nvmc_read_bytes                      0x00001313   Thumb Code    28  nrf_nvmc.o(i.nrf_nvmc_read_bytes)
    nrf_nvmc_write_byte                      0x00001331   Thumb Code    70  nrf_nvmc.o(i.nrf_nvmc_write_byte)
    nrf_nvmc_write_bytes                     0x00001381   Thumb Code    28  nrf_nvmc.o(i.nrf_nvmc_write_bytes)
    radio_cmd_process                        0x0000139d   Thumb Code  1422  main.o(i.radio_cmd_process)
    radio_configure                          0x00001961   Thumb Code    86  radio_config.o(i.radio_configure)
    radio_disable                            0x000019d9   Thumb Code    48  radio_config.o(i.radio_disable)
    radio_rx_carrier                         0x00001a19   Thumb Code    48  radio_config.o(i.radio_rx_carrier)
    radio_tx_carrier                         0x00001a59   Thumb Code    38  radio_config.o(i.radio_tx_carrier)
    settingsSetDefaultValues                 0x00001a91   Thumb Code   646  main.o(i.settingsSetDefaultValues)
    simple_uart_config                       0x00001d55   Thumb Code    90  simple_uart.o(i.simple_uart_config)
    constTagID                               0x00001dc0   Data           4  main.o(.constdata)
    nvmc_flash_mark                          0x00001dc4   Data          11  main.o(.constdata)
    ParaSet                                  0x00001dcf   Data          16  main.o(.constdata)
    caucTXPOWER                              0x00001ddf   Data           8  main.o(.constdata)
    Region$$Table$$Base                      0x00001de8   Number         0  anon$$obj.o(Region$$Table)
    Region$$Table$$Limit                     0x00001e08   Number         0  anon$$obj.o(Region$$Table)
    ucRomMark                                0x20000000   Data           1  main.o(.data)
    ucROM0                                   0x20000001   Data           1  main.o(.data)
    ucROM1                                   0x20000002   Data           1  main.o(.data)
    ucROM2                                   0x20000003   Data           1  main.o(.data)
    ucROM3                                   0x20000004   Data           1  main.o(.data)
    pROM                                     0x20000008   Data           4  main.o(.data)
    caucpROM                                 0x2000000c   Data          16  main.o(.data)
    Rom_record_size                          0x2000001c   Data           4  main.o(.data)
    Rom_record_byte                          0x20000020   Data           4  main.o(.data)
    pg_size                                  0x20000024   Data           4  main.o(.data)
    pg_num                                   0x20000028   Data           4  main.o(.data)
    addr                                     0x2000002c   Data           4  main.o(.data)
    my_tx_power                              0x20000030   Data           1  main.o(.data)
    En_Period_Tx                             0x20000031   Data           1  main.o(.data)
    radio_channel                            0x20000032   Data           1  main.o(.data)
    config_send_state                        0x20000033   Data           1  main.o(.data)
    rf_cfg_state                             0x20000034   Data           1  main.o(.data)
    timeout_cnt_start                        0x20000035   Data           1  main.o(.data)
    timeout_cnt                              0x20000036   Data           1  main.o(.data)
    caucID                                   0x20000037   Data           4  main.o(.data)
    withRFRx                                 0x2000003b   Data           1  main.o(.data)
    ucCntRFRx                                0x2000003c   Data           1  main.o(.data)
    bRFRxed                                  0x2000003d   Data           1  main.o(.data)
    bRFRPD                                   0x2000003e   Data           1  main.o(.data)
    uart_tx_en                               0x2000003f   Data           1  main.o(.data)
    tx_len                                   0x20000040   Data           2  main.o(.data)
    RX_PACKET                                0x20000042   Data           4  main.o(.data)
    RFID_TX_EN                               0x20000046   Data           1  main.o(.data)
    ucCycRFID                                0x20000047   Data           1  main.o(.data)
    radio_status                             0x20000049   Data           1  radio_config.o(.data)
    SystemCoreClock                          0x2000004c   Data           4  system_nrf51.o(.data)
    astRFID                                  0x20000050   Data          16  main.o(.bss)
    Page_Base                                0x20000060   Data          20  main.o(.bss)
    CurParaSet                               0x20000074   Data          16  main.o(.bss)
    U_Master                                 0x20000084   Data         208  main.o(.bss)
    tx_buf                                   0x20000154   Data          28  main.o(.bss)
    payload                                  0x20000170   Data          32  radio_config.o(.bss)
    __libspace_start                         0x20000190   Data          96  libspace.o(.bss)
    __temporary_stack_top$libspace           0x200001f0   Data           0  libspace.o(.bss)



==============================================================================

Memory Map of the image

  Image Entry point : 0x000000c1

  Load Region LR_IROM1 (Base: 0x00000000, Size: 0x00001e58, Max: 0x00040000, ABSOLUTE)

    Execution Region ER_IROM1 (Base: 0x00000000, Size: 0x00001e08, Max: 0x00040000, ABSOLUTE)

    Base Addr    Size         Type   Attr      Idx    E Section Name        Object

    0x00000000   0x000000c0   Data   RO          455    RESET               arm_startup_nrf51.o
    0x000000c0   0x00000008   Code   RO          567  * !!!main             c_p.l(__main.o)
    0x000000c8   0x0000003c   Code   RO          794    !!!scatter          c_p.l(__scatter.o)
    0x00000104   0x0000001a   Code   RO          796    !!handler_copy      c_p.l(__scatter_copy.o)
    0x0000011e   0x00000002   PAD
    0x00000120   0x0000001c   Code   RO          798    !!handler_zi        c_p.l(__scatter_zi.o)
    0x0000013c   0x00000002   Code   RO          728    .ARM.Collect$$libinit$$00000000  c_p.l(libinit.o)
    0x0000013e   0x00000000   Code   RO          614    .ARM.Collect$$libinit$$00000002  c_p.l(libinit2.o)
    0x0000013e   0x00000000   Code   RO          616    .ARM.Collect$$libinit$$00000004  c_p.l(libinit2.o)
    0x0000013e   0x00000008   Code   RO          617    .ARM.Collect$$libinit$$00000005  c_p.l(libinit2.o)
    0x00000146   0x00000000   Code   RO          619    .ARM.Collect$$libinit$$0000000A  c_p.l(libinit2.o)
    0x00000146   0x00000000   Code   RO          621    .ARM.Collect$$libinit$$0000000C  c_p.l(libinit2.o)
    0x00000146   0x00000000   Code   RO          623    .ARM.Collect$$libinit$$0000000E  c_p.l(libinit2.o)
    0x00000146   0x00000000   Code   RO          626    .ARM.Collect$$libinit$$00000011  c_p.l(libinit2.o)
    0x00000146   0x00000000   Code   RO          628    .ARM.Collect$$libinit$$00000013  c_p.l(libinit2.o)
    0x00000146   0x00000000   Code   RO          630    .ARM.Collect$$libinit$$00000015  c_p.l(libinit2.o)
    0x00000146   0x00000000   Code   RO          632    .ARM.Collect$$libinit$$00000017  c_p.l(libinit2.o)
    0x00000146   0x00000000   Code   RO          634    .ARM.Collect$$libinit$$00000019  c_p.l(libinit2.o)
    0x00000146   0x00000000   Code   RO          636    .ARM.Collect$$libinit$$0000001B  c_p.l(libinit2.o)
    0x00000146   0x00000000   Code   RO          638    .ARM.Collect$$libinit$$0000001D  c_p.l(libinit2.o)
    0x00000146   0x00000000   Code   RO          640    .ARM.Collect$$libinit$$0000001F  c_p.l(libinit2.o)
    0x00000146   0x00000000   Code   RO          642    .ARM.Collect$$libinit$$00000021  c_p.l(libinit2.o)
    0x00000146   0x00000000   Code   RO          644    .ARM.Collect$$libinit$$00000023  c_p.l(libinit2.o)
    0x00000146   0x00000000   Code   RO          646    .ARM.Collect$$libinit$$00000025  c_p.l(libinit2.o)
    0x00000146   0x00000000   Code   RO          650    .ARM.Collect$$libinit$$0000002C  c_p.l(libinit2.o)
    0x00000146   0x00000000   Code   RO          652    .ARM.Collect$$libinit$$0000002E  c_p.l(libinit2.o)
    0x00000146   0x00000000   Code   RO          654    .ARM.Collect$$libinit$$00000030  c_p.l(libinit2.o)
    0x00000146   0x00000000   Code   RO          656    .ARM.Collect$$libinit$$00000032  c_p.l(libinit2.o)
    0x00000146   0x00000002   Code   RO          657    .ARM.Collect$$libinit$$00000033  c_p.l(libinit2.o)
    0x00000148   0x00000002   Code   RO          791    .ARM.Collect$$libshutdown$$00000000  c_p.l(libshutdown.o)
    0x0000014a   0x00000000   Code   RO          747    .ARM.Collect$$libshutdown$$00000002  c_p.l(libshutdown2.o)
    0x0000014a   0x00000000   Code   RO          749    .ARM.Collect$$libshutdown$$00000004  c_p.l(libshutdown2.o)
    0x0000014a   0x00000000   Code   RO          752    .ARM.Collect$$libshutdown$$00000007  c_p.l(libshutdown2.o)
    0x0000014a   0x00000000   Code   RO          755    .ARM.Collect$$libshutdown$$0000000A  c_p.l(libshutdown2.o)
    0x0000014a   0x00000000   Code   RO          757    .ARM.Collect$$libshutdown$$0000000C  c_p.l(libshutdown2.o)
    0x0000014a   0x00000000   Code   RO          760    .ARM.Collect$$libshutdown$$0000000F  c_p.l(libshutdown2.o)
    0x0000014a   0x00000002   Code   RO          761    .ARM.Collect$$libshutdown$$00000010  c_p.l(libshutdown2.o)
    0x0000014c   0x00000000   Code   RO          571    .ARM.Collect$$rtentry$$00000000  c_p.l(__rtentry.o)
    0x0000014c   0x00000000   Code   RO          664    .ARM.Collect$$rtentry$$00000002  c_p.l(__rtentry2.o)
    0x0000014c   0x00000006   Code   RO          676    .ARM.Collect$$rtentry$$00000004  c_p.l(__rtentry4.o)
    0x00000152   0x00000000   Code   RO          666    .ARM.Collect$$rtentry$$00000009  c_p.l(__rtentry2.o)
    0x00000152   0x00000004   Code   RO          667    .ARM.Collect$$rtentry$$0000000A  c_p.l(__rtentry2.o)
    0x00000156   0x00000000   Code   RO          669    .ARM.Collect$$rtentry$$0000000C  c_p.l(__rtentry2.o)
    0x00000156   0x00000008   Code   RO          670    .ARM.Collect$$rtentry$$0000000D  c_p.l(__rtentry2.o)
    0x0000015e   0x00000002   Code   RO          732    .ARM.Collect$$rtexit$$00000000  c_p.l(rtexit.o)
    0x00000160   0x00000000   Code   RO          765    .ARM.Collect$$rtexit$$00000002  c_p.l(rtexit2.o)
    0x00000160   0x00000004   Code   RO          766    .ARM.Collect$$rtexit$$00000003  c_p.l(rtexit2.o)
    0x00000164   0x00000006   Code   RO          767    .ARM.Collect$$rtexit$$00000004  c_p.l(rtexit2.o)
    0x0000016a   0x00000002   PAD
    0x0000016c   0x00000000   Code   RO          684    .emb_text           c_p.l(maybetermalloc1.o)
    0x0000016c   0x00000054   Code   RO          456    .text               arm_startup_nrf51.o
    0x000001c0   0x00000062   Code   RO          511    .text               c_p.l(h1_alloc.o)
    0x00000222   0x00000006   Code   RO          565    .text               c_p.l(heapauxi.o)
    0x00000228   0x00000008   Code   RO          575    .text               c_p.l(rt_heap_descriptor_intlibspace.o)
    0x00000230   0x00000004   Code   RO          577    .text               c_p.l(hguard.o)
    0x00000234   0x00000088   Code   RO          579    .text               c_p.l(init_alloc.o)
    0x000002bc   0x0000000e   Code   RO          585    .text               c_p.l(h1_init.o)
    0x000002ca   0x0000004c   Code   RO          587    .text               c_p.l(h1_free.o)
    0x00000316   0x00000002   PAD
    0x00000318   0x00000008   Code   RO          660    .text               c_p.l(libspace.o)
    0x00000320   0x00000034   Code   RO          686    .text               c_p.l(h1_extend.o)
    0x00000354   0x0000000c   Code   RO          690    .text               c_p.l(defsig_rtmem_outer.o)
    0x00000360   0x00000002   Code   RO          701    .text               c_p.l(use_no_semi.o)
    0x00000362   0x00000000   Code   RO          703    .text               c_p.l(indicate_semi.o)
    0x00000362   0x0000003e   Code   RO          704    .text               c_p.l(sys_stackheap_outer.o)
    0x000003a0   0x00000010   Code   RO          713    .text               c_p.l(exit.o)
    0x000003b0   0x0000000c   Code   RO          715    .text               c_p.l(defsig_exit.o)
    0x000003bc   0x00000050   Code   RO          717    .text               c_p.l(defsig_rtmem_inner.o)
    0x0000040c   0x0000000c   Code   RO          729    .text               c_p.l(sys_exit.o)
    0x00000418   0x00000034   Code   RO          740    .text               c_p.l(defsig_general.o)
    0x0000044c   0x0000000c   Code   RO          762    .text               c_p.l(sys_wrch.o)
    0x00000458   0x00000014   Code   RO          410    i.NVIC_EnableIRQ    tim.o
    0x0000046c   0x00000078   Code   RO            3    i.NVIC_SetPriority  main.o
    0x000004e4   0x00000078   Code   RO          316    i.NVIC_SetPriority  radio_config.o
    0x0000055c   0x00000078   Code   RO          411    i.NVIC_SetPriority  tim.o
    0x000005d4   0x00000300   Code   RO            4    i.RADIO_IRQHandler  main.o
    0x000008d4   0x00000060   Code   RO          317    i.Radio_Init        radio_config.o
    0x00000934   0x00000074   Code   RO            5    i.Rom_Pos           main.o
    0x000009a8   0x00000064   Code   RO          463    i.SystemInit        system_nrf51.o
    0x00000a0c   0x00000054   Code   RO            6    i.TIMER0_IRQHandler  main.o
    0x00000a60   0x00000054   Code   RO          412    i.Timer0_Init       tim.o
    0x00000ab4   0x00000194   Code   RO            7    i.UART0_IRQHandler  main.o
    0x00000c48   0x00000038   Code   RO            8    i.UART_Init         main.o
    0x00000c80   0x00000030   Code   RO          177    i.UART_Send         simple_uart.o
    0x00000cb0   0x0000001c   Code   RO           86    i.__ARM_common_switch8  main.o
    0x00000ccc   0x00000016   Code   RO          378    i.copybuf           sys.o
    0x00000ce2   0x00000002   PAD
    0x00000ce4   0x0000001c   Code   RO            9    i.hfclk_config      main.o
    0x00000d00   0x00000038   Code   RO          464    i.is_disabled_in_debug_needed  system_nrf51.o
    0x00000d38   0x0000006c   Code   RO          465    i.is_manual_peripheral_setup_needed  system_nrf51.o
    0x00000da4   0x00000054   Code   RO          466    i.is_peripheral_domain_setup_needed  system_nrf51.o
    0x00000df8   0x00000464   Code   RO           10    i.main              main.o
    0x0000125c   0x00000026   Code   RO          179    i.nrf_gpio_cfg      simple_uart.o
    0x00001282   0x0000001a   Code   RO          180    i.nrf_gpio_cfg_input  simple_uart.o
    0x0000129c   0x00000018   Code   RO          181    i.nrf_gpio_cfg_output  simple_uart.o
    0x000012b4   0x00000010   Code   RO           11    i.nrf_gpio_pin_clear  main.o
    0x000012c4   0x00000010   Code   RO           12    i.nrf_gpio_pin_set  main.o
    0x000012d4   0x00000038   Code   RO          254    i.nrf_nvmc_page_erase  nrf_nvmc.o
    0x0000130c   0x00000006   Code   RO          255    i.nrf_nvmc_read_byte  nrf_nvmc.o
    0x00001312   0x0000001c   Code   RO          256    i.nrf_nvmc_read_bytes  nrf_nvmc.o
    0x0000132e   0x00000002   PAD
    0x00001330   0x00000050   Code   RO          257    i.nrf_nvmc_write_byte  nrf_nvmc.o
    0x00001380   0x0000001c   Code   RO          258    i.nrf_nvmc_write_bytes  nrf_nvmc.o
    0x0000139c   0x000005c4   Code   RO           13    i.radio_cmd_process  main.o
    0x00001960   0x00000078   Code   RO          318    i.radio_configure   radio_config.o
    0x000019d8   0x00000040   Code   RO          319    i.radio_disable     radio_config.o
    0x00001a18   0x00000040   Code   RO          321    i.radio_rx_carrier  radio_config.o
    0x00001a58   0x00000038   Code   RO          322    i.radio_tx_carrier  radio_config.o
    0x00001a90   0x000002c4   Code   RO           14    i.settingsSetDefaultValues  main.o
    0x00001d54   0x0000006c   Code   RO          182    i.simple_uart_config  simple_uart.o
    0x00001dc0   0x00000027   Data   RO           16    .constdata          main.o
    0x00001de7   0x00000001   PAD
    0x00001de8   0x00000020   Data   RO          792    Region$$Table       anon$$obj.o


    Execution Region RW_IRAM1 (Base: 0x20000000, Size: 0x000011f0, Max: 0x00004000, ABSOLUTE)

    Base Addr    Size         Type   Attr      Idx    E Section Name        Object

    0x20000000   0x00000049   Data   RW           17    .data               main.o
    0x20000049   0x00000001   Data   RW          324    .data               radio_config.o
    0x2000004a   0x00000002   PAD
    0x2000004c   0x00000004   Data   RW          467    .data               system_nrf51.o
    0x20000050   0x00000120   Zero   RW           15    .bss                main.o
    0x20000170   0x00000020   Zero   RW          323    .bss                radio_config.o
    0x20000190   0x00000060   Zero   RW          661    .bss                c_p.l(libspace.o)
    0x200001f0   0x00000800   Zero   RW          454    HEAP                arm_startup_nrf51.o
    0x200009f0   0x00000800   Zero   RW          453    STACK               arm_startup_nrf51.o


==============================================================================

Image component sizes


      Code (inc. data)   RO Data    RW Data    ZI Data      Debug   Object Name

        84         36        192          0       4096        708   arm_startup_nrf51.o
      4944        436         39         73        288      43417   main.o
       198         18          0          0          0       3326   nrf_nvmc.o
       520        120          0          1         32      10316   radio_config.o
       244         28          0          0          0       6233   simple_uart.o
        22          0          0          0          0        854   sys.o
       348         38          0          4          0       2299   system_nrf51.o
       224         34          0          0          0       7782   tim.o

    ----------------------------------------------------------------------
      6588        710        264         80       4416      74935   Object Totals
         0          0         32          0          0          0   (incl. Generated)
         4          0          1          2          0          0   (incl. Padding)

    ----------------------------------------------------------------------

      Code (inc. data)   RO Data    RW Data    ZI Data      Debug   Library Member Name

         8          0          0          0          0         68   __main.o
         0          0          0          0          0          0   __rtentry.o
        12          0          0          0          0          0   __rtentry2.o
         6          0          0          0          0          0   __rtentry4.o
        60          8          0          0          0          0   __scatter.o
        26          0          0          0          0          0   __scatter_copy.o
        28          0          0          0          0          0   __scatter_zi.o
        12          0          0          0          0         68   defsig_exit.o
        52          0          0          0          0         72   defsig_general.o
        80         58          0          0          0         68   defsig_rtmem_inner.o
        12          0          0          0          0         68   defsig_rtmem_outer.o
        16          0          0          0          0         68   exit.o
        98          0          0          0          0         72   h1_alloc.o
        52          0          0          0          0         68   h1_extend.o
        76          0          0          0          0         72   h1_free.o
        14          0          0          0          0         76   h1_init.o
         6          0          0          0          0        136   heapauxi.o
         4          0          0          0          0        120   hguard.o
         0          0          0          0          0          0   indicate_semi.o
       136          0          0          0          0        160   init_alloc.o
         2          0          0          0          0          0   libinit.o
        10          0          0          0          0          0   libinit2.o
         2          0          0          0          0          0   libshutdown.o
         2          0          0          0          0          0   libshutdown2.o
         8          4          0          0         96         68   libspace.o
         0          0          0          0          0          0   maybetermalloc1.o
         8          4          0          0          0         68   rt_heap_descriptor_intlibspace.o
         2          0          0          0          0          0   rtexit.o
        10          0          0          0          0          0   rtexit2.o
        12          4          0          0          0         60   sys_exit.o
        62          0          0          0          0         80   sys_stackheap_outer.o
        12          0          0          0          0         68   sys_wrch.o
         2          0          0          0          0         68   use_no_semi.o

    ----------------------------------------------------------------------
       836         78          0          0         96       1528   Library Totals
         6          0          0          0          0          0   (incl. Padding)

    ----------------------------------------------------------------------

      Code (inc. data)   RO Data    RW Data    ZI Data      Debug   Library Name

       830         78          0          0         96       1528   c_p.l

    ----------------------------------------------------------------------
       836         78          0          0         96       1528   Library Totals

    ----------------------------------------------------------------------

==============================================================================


      Code (inc. data)   RO Data    RW Data    ZI Data      Debug   

      7424        788        264         80       4512      74251   Grand Totals
      7424        788        264         80       4512      74251   ELF Image Totals
      7424        788        264         80          0          0   ROM Totals

==============================================================================

    Total RO  Size (Code + RO Data)                 7688 (   7.51kB)
    Total RW  Size (RW Data + ZI Data)              4592 (   4.48kB)
    Total ROM Size (Code + RO Data + RW Data)       7768 (   7.59kB)

==============================================================================

