Component: ARM Compiler 5.06 update 1 (build 61) Tool: armlink [4d35a8]

==============================================================================

Section Cross References

    main.o(i.RADIO_IRQHandler) refers to radio_config.o(i.radio_rx_carrier) for radio_rx_carrier
    main.o(i.RADIO_IRQHandler) refers to main.o(i.nrf_gpio_pin_clear) for nrf_gpio_pin_clear
    main.o(i.RADIO_IRQHandler) refers to main.o(i.nrf_gpio_pin_set) for nrf_gpio_pin_set
    main.o(i.RADIO_IRQHandler) refers to radio_config.o(i.radio_tx_carrier) for radio_tx_carrier
    main.o(i.RADIO_IRQHandler) refers to sys.o(i.copybuf) for copybuf
    main.o(i.RADIO_IRQHandler) refers to main.o(i.radio_cmd_process) for radio_cmd_process
    main.o(i.RADIO_IRQHandler) refers to radio_config.o(.data) for radio_status
    main.o(i.RADIO_IRQHandler) refers to main.o(.data) for work_mode
    main.o(i.RADIO_IRQHandler) refers to main.o(.bss) for config
    main.o(i.RADIO_IRQHandler) refers to radio_config.o(.bss) for payload
    main.o(i.Rom_Pos) refers to h1_alloc.o(.text) for malloc
    main.o(i.TIMER0_IRQHandler) refers to main.o(.data) for ucCycRFID
    main.o(i.UART0_IRQHandler) refers to main.o(.bss) for U_Master
    main.o(i.UART0_IRQHandler) refers to main.o(.data) for RX_PACKET
    main.o(i.UART_Init) refers to simple_uart.o(i.simple_uart_config) for simple_uart_config
    main.o(i.UART_Init) refers to main.o(i.NVIC_SetPriority) for NVIC_SetPriority
    main.o(i.main) refers to main.o(i.hfclk_config) for hfclk_config
    main.o(i.main) refers to main.o(i.settingsSetDefaultValues) for settingsSetDefaultValues
    main.o(i.main) refers to radio_config.o(i.Radio_Init) for Radio_Init
    main.o(i.main) refers to tim.o(i.Timer0_Init) for Timer0_Init
    main.o(i.main) refers to main.o(i.UART_Init) for UART_Init
    main.o(i.main) refers to nrf_nvmc.o(i.nrf_nvmc_write_bytes) for nrf_nvmc_write_bytes
    main.o(i.main) refers to main.o(i.uart_process) for uart_process
    main.o(i.main) refers to main.o(i.rf_process) for rf_process
    main.o(i.main) refers to main.o(.data) for caucID
    main.o(i.radio_cmd_process) refers to sys.o(i.copybuf) for copybuf
    main.o(i.radio_cmd_process) refers to main.o(i.__ARM_common_switch8) for __ARM_common_switch8
    main.o(i.radio_cmd_process) refers to nrf_nvmc.o(i.nrf_nvmc_read_bytes) for nrf_nvmc_read_bytes
    main.o(i.radio_cmd_process) refers to nrf_nvmc.o(i.nrf_nvmc_page_erase) for nrf_nvmc_page_erase
    main.o(i.radio_cmd_process) refers to nrf_nvmc.o(i.nrf_nvmc_write_bytes) for nrf_nvmc_write_bytes
    main.o(i.radio_cmd_process) refers to main.o(.data) for caucpROM
    main.o(i.radio_cmd_process) refers to main.o(.bss) for Page_Base
    main.o(i.radio_cmd_process) refers to main.o(.constdata) for ParaSet
    main.o(i.radio_cmd_process) refers to main.o(i.nrf_gpio_pin_set) for nrf_gpio_pin_set
    main.o(i.radio_cmd_process) refers to radio_config.o(i.radio_tx_carrier) for radio_tx_carrier
    main.o(i.radio_cmd_process) refers to radio_config.o(.bss) for payload
    main.o(i.rf_process) refers to radio_config.o(i.radio_disable) for radio_disable
    main.o(i.rf_process) refers to nrf_nvmc.o(i.nrf_nvmc_read_bytes) for nrf_nvmc_read_bytes
    main.o(i.rf_process) refers to main.o(i.nrf_gpio_pin_set) for nrf_gpio_pin_set
    main.o(i.rf_process) refers to radio_config.o(i.radio_tx_carrier) for radio_tx_carrier
    main.o(i.rf_process) refers to main.o(i.nrf_gpio_pin_clear) for nrf_gpio_pin_clear
    main.o(i.rf_process) refers to radio_config.o(i.radio_rx_carrier) for radio_rx_carrier
    main.o(i.rf_process) refers to main.o(.data) for RFID_TX_EN
    main.o(i.rf_process) refers to radio_config.o(.bss) for payload
    main.o(i.rf_process) refers to main.o(.bss) for CurParaSet
    main.o(i.settingsSetDefaultValues) refers to nrf_nvmc.o(i.nrf_nvmc_read_bytes) for nrf_nvmc_read_bytes
    main.o(i.settingsSetDefaultValues) refers to nrf_nvmc.o(i.nrf_nvmc_page_erase) for nrf_nvmc_page_erase
    main.o(i.settingsSetDefaultValues) refers to nrf_nvmc.o(i.nrf_nvmc_write_bytes) for nrf_nvmc_write_bytes
    main.o(i.settingsSetDefaultValues) refers to main.o(i.Rom_Pos) for Rom_Pos
    main.o(i.settingsSetDefaultValues) refers to main.o(.data) for pg_size
    main.o(i.settingsSetDefaultValues) refers to main.o(.bss) for Page_Base
    main.o(i.settingsSetDefaultValues) refers to main.o(.constdata) for nvmc_flash_mark
    main.o(i.uart_process) refers to radio_config.o(i.radio_rx_carrier) for radio_rx_carrier
    main.o(i.uart_process) refers to radio_config.o(i.radio_tx_carrier) for radio_tx_carrier
    main.o(i.uart_process) refers to crc.o(i.crc_check) for crc_check
    main.o(i.uart_process) refers to main.o(.bss) for U_Master
    main.o(i.uart_process) refers to main.o(.data) for time_en
    main.o(i.uart_process) refers to radio_config.o(.bss) for payload
    main.o(i.uart_process) refers to main.o(.ARM.__AT_0x20000201) for ToggleSerial
    main.o(i.uart_process) refers to radio_config.o(i.radio_disable) for radio_disable
    main.o(i.uart_process) refers to simple_uart.o(i.UART_Send) for UART_Send
    main.o(i.uart_process) refers to sys.o(i.copybuf) for copybuf
    main.o(i.uart_process) refers to sys.o(i.my_memset) for my_memset
    crc.o(i.crc_check) refers to crc.o(.constdata) for wCRC16Table
    simple_uart.o(i.nrf_gpio_cfg_input) refers to simple_uart.o(i.nrf_gpio_cfg) for nrf_gpio_cfg
    simple_uart.o(i.nrf_gpio_cfg_output) refers to simple_uart.o(i.nrf_gpio_cfg) for nrf_gpio_cfg
    simple_uart.o(i.simple_uart_config) refers to simple_uart.o(i.nrf_gpio_cfg_output) for nrf_gpio_cfg_output
    simple_uart.o(i.simple_uart_config) refers to simple_uart.o(i.nrf_gpio_cfg_input) for nrf_gpio_cfg_input
    simple_uart.o(i.simple_uart_get_with_timeout) refers to system_nrf51.o(.data) for SystemCoreClock
    simple_uart.o(i.simple_uart_putstring) refers to simple_uart.o(i.simple_uart_put) for simple_uart_put
    nrf_nvmc.o(i.nrf_nvmc_read_bytes) refers to nrf_nvmc.o(i.nrf_nvmc_read_byte) for nrf_nvmc_read_byte
    nrf_nvmc.o(i.nrf_nvmc_write_bytes) refers to nrf_nvmc.o(i.nrf_nvmc_write_byte) for nrf_nvmc_write_byte
    radio_config.o(i.Radio_Init) refers to radio_config.o(i.radio_configure) for radio_configure
    radio_config.o(i.Radio_Init) refers to radio_config.o(i.NVIC_SetPriority) for NVIC_SetPriority
    radio_config.o(i.Radio_Init) refers to radio_config.o(.bss) for payload
    radio_config.o(i.radio_disable) refers to radio_config.o(.data) for radio_status
    radio_config.o(i.radio_modulated_tx_carrier) refers to radio_config.o(i.radio_disable) for radio_disable
    radio_config.o(i.radio_modulated_tx_carrier) refers to radio_config.o(.data) for radio_status
    radio_config.o(i.radio_rx_carrier) refers to radio_config.o(i.radio_disable) for radio_disable
    radio_config.o(i.radio_rx_carrier) refers to radio_config.o(.data) for radio_status
    radio_config.o(i.radio_tx_carrier) refers to radio_config.o(i.radio_disable) for radio_disable
    radio_config.o(i.radio_tx_carrier) refers to radio_config.o(.data) for radio_status
    tim.o(i.Timer0_Init) refers to tim.o(i.NVIC_SetPriority) for NVIC_SetPriority
    tim.o(i.Timer0_Init) refers to tim.o(i.NVIC_EnableIRQ) for NVIC_EnableIRQ
    tim.o(i.Timer1_Init) refers to tim.o(i.NVIC_SetPriority) for NVIC_SetPriority
    tim.o(i.Timer1_Init) refers to tim.o(i.NVIC_EnableIRQ) for NVIC_EnableIRQ
    tim.o(i.Timer2_Init) refers to tim.o(i.NVIC_SetPriority) for NVIC_SetPriority
    arm_startup_nrf51.o(STACK) refers (Special) to heapauxi.o(.text) for __use_two_region_memory
    arm_startup_nrf51.o(HEAP) refers (Special) to heapauxi.o(.text) for __use_two_region_memory
    arm_startup_nrf51.o(RESET) refers (Special) to heapauxi.o(.text) for __use_two_region_memory
    arm_startup_nrf51.o(RESET) refers to arm_startup_nrf51.o(STACK) for __initial_sp
    arm_startup_nrf51.o(RESET) refers to arm_startup_nrf51.o(.text) for Reset_Handler
    arm_startup_nrf51.o(RESET) refers to main.o(i.RADIO_IRQHandler) for RADIO_IRQHandler
    arm_startup_nrf51.o(RESET) refers to main.o(i.UART0_IRQHandler) for UART0_IRQHandler
    arm_startup_nrf51.o(RESET) refers to main.o(i.TIMER0_IRQHandler) for TIMER0_IRQHandler
    arm_startup_nrf51.o(.text) refers (Special) to heapauxi.o(.text) for __use_two_region_memory
    arm_startup_nrf51.o(.text) refers to system_nrf51.o(i.SystemInit) for SystemInit
    arm_startup_nrf51.o(.text) refers to __main.o(!!!main) for __main
    arm_startup_nrf51.o(.text) refers to arm_startup_nrf51.o(HEAP) for Heap_Mem
    arm_startup_nrf51.o(.text) refers to arm_startup_nrf51.o(STACK) for Stack_Mem
    system_nrf51.o(i.SystemCoreClockUpdate) refers to system_nrf51.o(.data) for SystemCoreClock
    system_nrf51.o(i.SystemInit) refers to system_nrf51.o(i.is_manual_peripheral_setup_needed) for is_manual_peripheral_setup_needed
    system_nrf51.o(i.SystemInit) refers to system_nrf51.o(i.is_disabled_in_debug_needed) for is_disabled_in_debug_needed
    system_nrf51.o(i.SystemInit) refers to system_nrf51.o(i.is_peripheral_domain_setup_needed) for is_peripheral_domain_setup_needed
    malloc.o(.text) refers (Special) to hguard.o(.text) for __heap$guard
    malloc.o(.text) refers (Special) to init_alloc.o(.text) for _init_alloc
    malloc.o(.text) refers to rt_heap_descriptor_intlibspace.o(.text) for __rt_heap_descriptor
    h1_alloc.o(.text) refers (Special) to h1_init.o(.text) for __Heap_Initialize
    h1_alloc.o(.text) refers to rt_heap_descriptor_intlibspace.o(.text) for __rt_heap_descriptor
    h1_alloc.o(.text) refers to init_alloc.o(.text) for __Heap_Full
    h1_alloc_mt.o(.text) refers (Special) to h1_init.o(.text) for __Heap_Initialize
    h1_alloc_mt.o(.text) refers to init_alloc.o(.text) for __Heap_Full
    h1_alloc_mt.o(.text) refers to rt_heap_descriptor_intlibspace.o(.text) for __rt_heap_descriptor
    heap2.o(i._FDIterate) refers to heap2.o(.conststring) for .conststring
    heap2.o(i.___Heap_ProvideMemory$realtime) refers to fdtree.o(i._FDTree_Delete) for _FDTree_Delete
    heap2.o(i.___Heap_ProvideMemory$realtime) refers to fdtree.o(i._FDTree_Insert) for _FDTree_Insert
    heap2.o(i.___Heap_Stats$realtime) refers to heap2.o(i._Heap2_StatsIterate) for _Heap2_StatsIterate
    heap2.o(i.___Heap_Stats$realtime) refers to aeabi_sdiv.o(.text) for __aeabi_uidivmod
    heap2.o(i.___Heap_Valid$realtime) refers to heap2.o(i._FDIterate) for _FDIterate
    heap2.o(i.___Heap_Valid$realtime) refers to heap2.o(.conststring) for .conststring
    heap2.o(i._free$realtime) refers to rt_heap_descriptor_intlibspace.o(.text) for __rt_heap_descriptor
    heap2.o(i._free$realtime) refers to fdtree.o(i._FDTree_Delete) for _FDTree_Delete
    heap2.o(i._free$realtime) refers to fdtree.o(i._FDTree_Insert) for _FDTree_Insert
    heap2.o(i._malloc$realtime) refers to rt_heap_descriptor_intlibspace.o(.text) for __rt_heap_descriptor
    heap2.o(i._malloc$realtime) refers to fdtree.o(i._FDTree_FindFirst) for _FDTree_FindFirst
    heap2.o(i._malloc$realtime) refers to init_alloc.o(.text) for __Heap_Full
    heap2.o(i._malloc$realtime) refers to fdtree.o(i._FDTree_RemoveNode) for _FDTree_RemoveNode
    heap2.o(i._malloc$realtime) refers to fdtree.o(i._FDTree_Insert) for _FDTree_Insert
    heap2.o(i._posix_memalign$realtime) refers to rt_heap_descriptor_intlibspace.o(.text) for __rt_heap_descriptor
    heap2.o(i._posix_memalign$realtime) refers to fdtree.o(i._FDTree_FindFirst) for _FDTree_FindFirst
    heap2.o(i._posix_memalign$realtime) refers to init_alloc.o(.text) for __Heap_Full
    heap2.o(i._posix_memalign$realtime) refers to fdtree.o(i._FDTree_RemoveNode) for _FDTree_RemoveNode
    heap2.o(i._posix_memalign$realtime) refers to fdtree.o(i._FDTree_Insert) for _FDTree_Insert
    heap2.o(i._realloc$realtime) refers to rt_heap_descriptor_intlibspace.o(.text) for __rt_heap_descriptor
    heap2.o(i._realloc$realtime) refers to h1_free.o(.text) for free
    heap2.o(i._realloc$realtime) refers to h1_alloc.o(.text) for malloc
    heap2.o(i._realloc$realtime) refers to fdtree.o(i._FDTree_Delete) for _FDTree_Delete
    heap2.o(i._realloc$realtime) refers to fdtree.o(i._FDTree_Insert) for _FDTree_Insert
    heap2.o(i._realloc$realtime) refers to rt_memcpy.o(.emb_text) for __aeabi_memcpy4
    heap2mt.o(i._FDIterate) refers to heap2mt.o(.conststring) for .conststring
    heap2mt.o(i.___Heap_ProvideMemory$realtime$concurrent) refers to fdtree.o(i._FDTree_Delete) for _FDTree_Delete
    heap2mt.o(i.___Heap_ProvideMemory$realtime$concurrent) refers to fdtree.o(i._FDTree_Insert) for _FDTree_Insert
    heap2mt.o(i.___Heap_Stats$realtime$concurrent) refers to heap2mt.o(i._Heap2_StatsIterate) for _Heap2_StatsIterate
    heap2mt.o(i.___Heap_Stats$realtime$concurrent) refers to aeabi_sdiv.o(.text) for __aeabi_uidivmod
    heap2mt.o(i.___Heap_Valid$realtime$concurrent) refers to heap2mt.o(i._FDIterate) for _FDIterate
    heap2mt.o(i.___Heap_Valid$realtime$concurrent) refers to heap2mt.o(.conststring) for .conststring
    heap2mt.o(i._free$realtime$concurrent) refers to rt_heap_descriptor_intlibspace.o(.text) for __rt_heap_descriptor
    heap2mt.o(i._free$realtime$concurrent) refers to fdtree.o(i._FDTree_Delete) for _FDTree_Delete
    heap2mt.o(i._free$realtime$concurrent) refers to fdtree.o(i._FDTree_Insert) for _FDTree_Insert
    heap2mt.o(i._malloc$realtime$concurrent) refers to rt_heap_descriptor_intlibspace.o(.text) for __rt_heap_descriptor
    heap2mt.o(i._malloc$realtime$concurrent) refers to fdtree.o(i._FDTree_FindFirst) for _FDTree_FindFirst
    heap2mt.o(i._malloc$realtime$concurrent) refers to init_alloc.o(.text) for __Heap_Full
    heap2mt.o(i._malloc$realtime$concurrent) refers to fdtree.o(i._FDTree_RemoveNode) for _FDTree_RemoveNode
    heap2mt.o(i._malloc$realtime$concurrent) refers to fdtree.o(i._FDTree_Insert) for _FDTree_Insert
    heap2mt.o(i._posix_memalign$realtime$concurrent) refers to rt_heap_descriptor_intlibspace.o(.text) for __rt_heap_descriptor
    heap2mt.o(i._posix_memalign$realtime$concurrent) refers to fdtree.o(i._FDTree_FindFirst) for _FDTree_FindFirst
    heap2mt.o(i._posix_memalign$realtime$concurrent) refers to init_alloc.o(.text) for __Heap_Full
    heap2mt.o(i._posix_memalign$realtime$concurrent) refers to fdtree.o(i._FDTree_RemoveNode) for _FDTree_RemoveNode
    heap2mt.o(i._posix_memalign$realtime$concurrent) refers to fdtree.o(i._FDTree_Insert) for _FDTree_Insert
    heap2mt.o(i._realloc$realtime$concurrent) refers to rt_heap_descriptor_intlibspace.o(.text) for __rt_heap_descriptor
    heap2mt.o(i._realloc$realtime$concurrent) refers to h1_free.o(.text) for free
    heap2mt.o(i._realloc$realtime$concurrent) refers to h1_alloc.o(.text) for malloc
    heap2mt.o(i._realloc$realtime$concurrent) refers to fdtree.o(i._FDTree_Delete) for _FDTree_Delete
    heap2mt.o(i._realloc$realtime$concurrent) refers to fdtree.o(i._FDTree_Insert) for _FDTree_Insert
    heap2mt.o(i._realloc$realtime$concurrent) refers to rt_memcpy.o(.emb_text) for __aeabi_memcpy4
    __main.o(!!!main) refers to __rtentry.o(.ARM.Collect$$rtentry$$00000000) for __rt_entry
    __rtentry.o(.ARM.Collect$$rtentry$$00000000) refers (Special) to __rtentry2.o(.ARM.Collect$$rtentry$$0000000A) for __rt_entry_li
    __rtentry.o(.ARM.Collect$$rtentry$$00000000) refers (Special) to __rtentry2.o(.ARM.Collect$$rtentry$$0000000D) for __rt_entry_main
    __rtentry.o(.ARM.Collect$$rtentry$$00000000) refers (Special) to __rtentry2.o(.ARM.Collect$$rtentry$$0000000C) for __rt_entry_postli_1
    __rtentry.o(.ARM.Collect$$rtentry$$00000000) refers (Special) to __rtentry2.o(.ARM.Collect$$rtentry$$00000009) for __rt_entry_postsh_1
    __rtentry.o(.ARM.Collect$$rtentry$$00000000) refers (Special) to __rtentry2.o(.ARM.Collect$$rtentry$$00000002) for __rt_entry_presh_1
    __rtentry.o(.ARM.Collect$$rtentry$$00000000) refers (Special) to __rtentry4.o(.ARM.Collect$$rtentry$$00000004) for __rt_entry_sh
    rt_heap_descriptor.o(.text) refers to rt_heap_descriptor.o(.bss) for __rt_heap_descriptor_data
    rt_heap_descriptor_intlibspace.o(.text) refers to libspace.o(.bss) for __libspace_start
    init_alloc.o(.text) refers (Special) to hguard.o(.text) for __heap$guard
    init_alloc.o(.text) refers (Special) to libinit2.o(.ARM.Collect$$libinit$$00000005) for __rt_lib_init_heap_2
    init_alloc.o(.text) refers (Special) to maybetermalloc1.o(.emb_text) for _maybe_terminate_alloc
    init_alloc.o(.text) refers to h1_extend.o(.text) for __Heap_ProvideMemory
    init_alloc.o(.text) refers to defsig_rtmem_outer.o(.text) for __rt_SIGRTMEM
    init_alloc.o(.text) refers to rt_heap_descriptor_intlibspace.o(.text) for __rt_heap_descriptor
    init_alloc.o(.text) refers to h1_init.o(.text) for __Heap_Initialize
    free.o(.text) refers (Special) to hguard.o(.text) for __heap$guard
    free.o(.text) refers to rt_heap_descriptor_intlibspace.o(.text) for __rt_heap_descriptor
    h1_free.o(.text) refers to rt_heap_descriptor_intlibspace.o(.text) for __rt_heap_descriptor
    h1_free_mt.o(.text) refers to rt_heap_descriptor_intlibspace.o(.text) for __rt_heap_descriptor
    rt_memcpy.o(.text) refers to rt_memcpy.o(.emb_text) for __aeabi_memcpy4
    _get_argv.o(.text) refers (Special) to hrguard.o(.text) for __heap_region$guard
    _get_argv.o(.text) refers to h1_alloc.o(.text) for malloc
    _get_argv.o(.text) refers to defsig_rtmem_outer.o(.text) for __rt_SIGRTMEM
    _get_argv.o(.text) refers to sys_command.o(.text) for _sys_command_string
    libinit2.o(.ARM.Collect$$libinit$$00000005) refers (Weak) to init_alloc.o(.text) for _init_alloc
    libinit2.o(.ARM.Collect$$libinit$$00000010) refers to libinit2.o(.ARM.Collect$$libinit$$0000000F) for .ARM.Collect$$libinit$$0000000F
    libinit2.o(.ARM.Collect$$libinit$$00000012) refers to libinit2.o(.ARM.Collect$$libinit$$0000000F) for .ARM.Collect$$libinit$$0000000F
    libinit2.o(.ARM.Collect$$libinit$$00000014) refers to libinit2.o(.ARM.Collect$$libinit$$0000000F) for .ARM.Collect$$libinit$$0000000F
    libinit2.o(.ARM.Collect$$libinit$$00000016) refers to libinit2.o(.ARM.Collect$$libinit$$0000000F) for .ARM.Collect$$libinit$$0000000F
    libinit2.o(.ARM.Collect$$libinit$$00000018) refers to libinit2.o(.ARM.Collect$$libinit$$0000000F) for .ARM.Collect$$libinit$$0000000F
    libinit2.o(.ARM.Collect$$libinit$$00000026) refers to argv_veneer.o(.text) for __ARM_argv_veneer
    libinit2.o(.ARM.Collect$$libinit$$00000027) refers to argv_veneer.o(.text) for __ARM_argv_veneer
    sys_command.o(.text) refers (Special) to use_no_semi.o(.text) for __I$use$semihosting
    sys_command.o(.text) refers (Special) to indicate_semi.o(.text) for __semihosting_library_function
    libspace.o(.text) refers to libspace.o(.bss) for __libspace_start
    __rtentry2.o(.ARM.Collect$$rtentry$$00000008) refers to boardinit2.o(.text) for _platform_post_stackheap_init
    __rtentry2.o(.ARM.Collect$$rtentry$$0000000A) refers to libinit.o(.ARM.Collect$$libinit$$00000000) for __rt_lib_init
    __rtentry2.o(.ARM.Collect$$rtentry$$0000000B) refers to boardinit3.o(.text) for _platform_post_lib_init
    __rtentry2.o(.ARM.Collect$$rtentry$$0000000D) refers to main.o(i.main) for main
    __rtentry2.o(.ARM.Collect$$rtentry$$0000000D) refers to exit.o(.text) for exit
    __rtentry2.o(.ARM.exidx) refers to __rtentry2.o(.ARM.Collect$$rtentry$$00000001) for .ARM.Collect$$rtentry$$00000001
    __rtentry2.o(.ARM.exidx) refers to __rtentry2.o(.ARM.Collect$$rtentry$$00000008) for .ARM.Collect$$rtentry$$00000008
    __rtentry2.o(.ARM.exidx) refers to __rtentry2.o(.ARM.Collect$$rtentry$$0000000A) for .ARM.Collect$$rtentry$$0000000A
    __rtentry2.o(.ARM.exidx) refers to __rtentry2.o(.ARM.Collect$$rtentry$$0000000B) for .ARM.Collect$$rtentry$$0000000B
    __rtentry2.o(.ARM.exidx) refers to __rtentry2.o(.ARM.Collect$$rtentry$$0000000D) for .ARM.Collect$$rtentry$$0000000D
    __rtentry4.o(.ARM.Collect$$rtentry$$00000004) refers to sys_stackheap_outer.o(.text) for __user_setup_stackheap
    __rtentry4.o(.ARM.exidx) refers to __rtentry4.o(.ARM.Collect$$rtentry$$00000004) for .ARM.Collect$$rtentry$$00000004
    aeabi_idiv0_sigfpe.o(.text) refers to rt_div0.o(.text) for __rt_div0
    maybetermalloc2.o(.emb_text) refers (Special) to term_alloc.o(.text) for _terminate_alloc
    h1_extend.o(.text) refers to h1_free.o(.text) for free
    h1_extend_mt.o(.text) refers to h1_free_mt.o(.text) for _free_internal
    defsig_rtmem_outer.o(.text) refers to defsig_rtmem_inner.o(.text) for __rt_SIGRTMEM_inner
    defsig_rtmem_outer.o(.text) refers to defsig_exit.o(.text) for __sig_exit
    defsig_rtmem_formal.o(.text) refers to rt_raise.o(.text) for __rt_raise
    heapauxa.o(.text) refers to heapauxa.o(.data) for .data
    sys_stackheap_outer.o(.text) refers to libspace.o(.text) for __user_perproc_libspace
    sys_stackheap_outer.o(.text) refers to arm_startup_nrf51.o(.text) for __user_initial_stackheap
    sys_stackheap_outer.o(__vectab_stack_and_reset_area) refers to tempstk.o(.text) for __temporary_stack_top
    sys_stackheap_outer.o(__vectab_stack_and_reset_area) refers to __main.o(!!!main) for __main
    rt_div0.o(.text) refers to defsig_fpe_outer.o(.text) for __rt_SIGFPE
    rt_raise.o(.text) refers to __raise.o(.text) for __raise
    rt_raise.o(.text) refers to sys_exit.o(.text) for _sys_exit
    term_alloc.o(.text) refers (Special) to libshutdown2.o(.ARM.Collect$$libshutdown$$0000000E) for __rt_lib_shutdown_heap_2
    term_alloc.o(.text) refers to rt_heap_descriptor_intlibspace.o(.text) for __rt_heap_descriptor
    exit.o(.text) refers to rtexit.o(.ARM.Collect$$rtexit$$00000000) for __rt_exit
    defsig_exit.o(.text) refers to sys_exit.o(.text) for _sys_exit
    defsig_rtmem_inner.o(.text) refers to defsig_general.o(.text) for __default_signal_display
    _get_argv_nomalloc.o(.text) refers (Special) to hrguard.o(.text) for __heap_region$guard
    _get_argv_nomalloc.o(.text) refers to defsig_rtmem_outer.o(.text) for __rt_SIGRTMEM
    _get_argv_nomalloc.o(.text) refers to sys_command.o(.text) for _sys_command_string
    libinit.o(.ARM.Collect$$libinit$$00000000) refers (Special) to libinit2.o(.ARM.Collect$$libinit$$0000002E) for __rt_lib_init_alloca_1
    libinit.o(.ARM.Collect$$libinit$$00000000) refers (Special) to libinit2.o(.ARM.Collect$$libinit$$0000002C) for __rt_lib_init_argv_1
    libinit.o(.ARM.Collect$$libinit$$00000000) refers (Special) to libinit2.o(.ARM.Collect$$libinit$$0000001B) for __rt_lib_init_atexit_1
    libinit.o(.ARM.Collect$$libinit$$00000000) refers (Special) to libinit2.o(.ARM.Collect$$libinit$$00000021) for __rt_lib_init_clock_1
    libinit.o(.ARM.Collect$$libinit$$00000000) refers (Special) to libinit2.o(.ARM.Collect$$libinit$$00000032) for __rt_lib_init_cpp_1
    libinit.o(.ARM.Collect$$libinit$$00000000) refers (Special) to libinit2.o(.ARM.Collect$$libinit$$00000030) for __rt_lib_init_exceptions_1
    libinit.o(.ARM.Collect$$libinit$$00000000) refers (Special) to libinit2.o(.ARM.Collect$$libinit$$00000002) for __rt_lib_init_fp_1
    libinit.o(.ARM.Collect$$libinit$$00000000) refers (Special) to libinit2.o(.ARM.Collect$$libinit$$0000001F) for __rt_lib_init_fp_trap_1
    libinit.o(.ARM.Collect$$libinit$$00000000) refers (Special) to libinit2.o(.ARM.Collect$$libinit$$00000023) for __rt_lib_init_getenv_1
    libinit.o(.ARM.Collect$$libinit$$00000000) refers (Special) to libinit2.o(.ARM.Collect$$libinit$$0000000A) for __rt_lib_init_heap_1
    libinit.o(.ARM.Collect$$libinit$$00000000) refers (Special) to libinit2.o(.ARM.Collect$$libinit$$00000011) for __rt_lib_init_lc_collate_1
    libinit.o(.ARM.Collect$$libinit$$00000000) refers (Special) to libinit2.o(.ARM.Collect$$libinit$$00000013) for __rt_lib_init_lc_ctype_1
    libinit.o(.ARM.Collect$$libinit$$00000000) refers (Special) to libinit2.o(.ARM.Collect$$libinit$$00000015) for __rt_lib_init_lc_monetary_1
    libinit.o(.ARM.Collect$$libinit$$00000000) refers (Special) to libinit2.o(.ARM.Collect$$libinit$$00000017) for __rt_lib_init_lc_numeric_1
    libinit.o(.ARM.Collect$$libinit$$00000000) refers (Special) to libinit2.o(.ARM.Collect$$libinit$$00000019) for __rt_lib_init_lc_time_1
    libinit.o(.ARM.Collect$$libinit$$00000000) refers (Special) to libinit2.o(.ARM.Collect$$libinit$$00000004) for __rt_lib_init_preinit_1
    libinit.o(.ARM.Collect$$libinit$$00000000) refers (Special) to libinit2.o(.ARM.Collect$$libinit$$0000000E) for __rt_lib_init_rand_1
    libinit.o(.ARM.Collect$$libinit$$00000000) refers (Special) to libinit2.o(.ARM.Collect$$libinit$$00000033) for __rt_lib_init_return
    libinit.o(.ARM.Collect$$libinit$$00000000) refers (Special) to libinit2.o(.ARM.Collect$$libinit$$0000001D) for __rt_lib_init_signal_1
    libinit.o(.ARM.Collect$$libinit$$00000000) refers (Special) to libinit2.o(.ARM.Collect$$libinit$$00000025) for __rt_lib_init_stdio_1
    libinit.o(.ARM.Collect$$libinit$$00000000) refers (Special) to libinit2.o(.ARM.Collect$$libinit$$0000000C) for __rt_lib_init_user_alloc_1
    sys_exit.o(.text) refers (Special) to use_no_semi.o(.text) for __I$use$semihosting
    sys_exit.o(.text) refers (Special) to indicate_semi.o(.text) for __semihosting_library_function
    rtexit.o(.ARM.Collect$$rtexit$$00000000) refers (Special) to rtexit2.o(.ARM.Collect$$rtexit$$00000004) for __rt_exit_exit
    rtexit.o(.ARM.Collect$$rtexit$$00000000) refers (Special) to rtexit2.o(.ARM.Collect$$rtexit$$00000003) for __rt_exit_ls
    rtexit.o(.ARM.Collect$$rtexit$$00000000) refers (Special) to rtexit2.o(.ARM.Collect$$rtexit$$00000002) for __rt_exit_prels_1
    rtexit.o(.ARM.exidx) refers (Special) to rtexit2.o(.ARM.Collect$$rtexit$$00000004) for __rt_exit_exit
    rtexit.o(.ARM.exidx) refers (Special) to rtexit2.o(.ARM.Collect$$rtexit$$00000003) for __rt_exit_ls
    rtexit.o(.ARM.exidx) refers (Special) to rtexit2.o(.ARM.Collect$$rtexit$$00000002) for __rt_exit_prels_1
    rtexit.o(.ARM.exidx) refers to rtexit.o(.ARM.Collect$$rtexit$$00000000) for .ARM.Collect$$rtexit$$00000000
    __raise.o(.text) refers to defsig.o(CL$$defsig) for __default_signal_handler
    defsig_general.o(.text) refers to sys_wrch.o(.text) for _ttywrch
    defsig_fpe_outer.o(.text) refers to defsig_fpe_inner.o(.text) for __rt_SIGFPE_inner
    defsig_fpe_outer.o(.text) refers to defsig_exit.o(.text) for __sig_exit
    defsig_fpe_formal.o(.text) refers to rt_raise.o(.text) for __rt_raise
    libshutdown2.o(.ARM.Collect$$libshutdown$$0000000D) refers (Weak) to term_alloc.o(.text) for _terminate_alloc
    sys_wrch.o(.text) refers (Special) to use_no_semi.o(.text) for __I$use$semihosting
    sys_wrch.o(.text) refers (Special) to indicate_semi.o(.text) for __semihosting_library_function
    rtexit2.o(.ARM.Collect$$rtexit$$00000003) refers to libshutdown.o(.ARM.Collect$$libshutdown$$00000000) for __rt_lib_shutdown
    rtexit2.o(.ARM.Collect$$rtexit$$00000004) refers to sys_exit.o(.text) for _sys_exit
    rtexit2.o(.ARM.exidx) refers to rtexit2.o(.ARM.Collect$$rtexit$$00000001) for .ARM.Collect$$rtexit$$00000001
    rtexit2.o(.ARM.exidx) refers to rtexit2.o(.ARM.Collect$$rtexit$$00000003) for .ARM.Collect$$rtexit$$00000003
    rtexit2.o(.ARM.exidx) refers to rtexit2.o(.ARM.Collect$$rtexit$$00000004) for .ARM.Collect$$rtexit$$00000004
    defsig_fpe_inner.o(.text) refers to defsig_general.o(.text) for __default_signal_display
    defsig.o(CL$$defsig) refers to defsig_fpe_inner.o(.text) for __rt_SIGFPE_inner
    defsig.o(CL$$defsig) refers to defsig_rtmem_inner.o(.text) for __rt_SIGRTMEM_inner
    defsig_abrt_inner.o(.text) refers to defsig_general.o(.text) for __default_signal_display
    defsig_rtred_inner.o(.text) refers to defsig_general.o(.text) for __default_signal_display
    defsig_stak_inner.o(.text) refers to defsig_general.o(.text) for __default_signal_display
    defsig_pvfn_inner.o(.text) refers to defsig_general.o(.text) for __default_signal_display
    defsig_cppl_inner.o(.text) refers to defsig_general.o(.text) for __default_signal_display
    defsig_segv_inner.o(.text) refers to defsig_general.o(.text) for __default_signal_display
    defsig_other.o(.text) refers to defsig_general.o(.text) for __default_signal_display
    libshutdown.o(.ARM.Collect$$libshutdown$$00000000) refers (Special) to libshutdown2.o(.ARM.Collect$$libshutdown$$00000002) for __rt_lib_shutdown_cpp_1
    libshutdown.o(.ARM.Collect$$libshutdown$$00000000) refers (Special) to libshutdown2.o(.ARM.Collect$$libshutdown$$00000007) for __rt_lib_shutdown_fp_trap_1
    libshutdown.o(.ARM.Collect$$libshutdown$$00000000) refers (Special) to libshutdown2.o(.ARM.Collect$$libshutdown$$0000000F) for __rt_lib_shutdown_heap_1
    libshutdown.o(.ARM.Collect$$libshutdown$$00000000) refers (Special) to libshutdown2.o(.ARM.Collect$$libshutdown$$00000010) for __rt_lib_shutdown_return
    libshutdown.o(.ARM.Collect$$libshutdown$$00000000) refers (Special) to libshutdown2.o(.ARM.Collect$$libshutdown$$0000000A) for __rt_lib_shutdown_signal_1
    libshutdown.o(.ARM.Collect$$libshutdown$$00000000) refers (Special) to libshutdown2.o(.ARM.Collect$$libshutdown$$00000004) for __rt_lib_shutdown_stdio_1
    libshutdown.o(.ARM.Collect$$libshutdown$$00000000) refers (Special) to libshutdown2.o(.ARM.Collect$$libshutdown$$0000000C) for __rt_lib_shutdown_user_alloc_1


==============================================================================

Removing Unused input sections from the image.

    Removing main.o(.rev16_text), (4 bytes).
    Removing main.o(.revsh_text), (4 bytes).
    Removing common.o(.rev16_text), (4 bytes).
    Removing common.o(.revsh_text), (4 bytes).
    Removing crc.o(.rev16_text), (4 bytes).
    Removing crc.o(.revsh_text), (4 bytes).
    Removing simple_uart.o(.rev16_text), (4 bytes).
    Removing simple_uart.o(.revsh_text), (4 bytes).
    Removing simple_uart.o(i.UART_Send_Char), (44 bytes).
    Removing simple_uart.o(i.simple_uart_get), (32 bytes).
    Removing simple_uart.o(i.simple_uart_get_with_timeout), (120 bytes).
    Removing simple_uart.o(i.simple_uart_put), (32 bytes).
    Removing simple_uart.o(i.simple_uart_putstring), (32 bytes).
    Removing nrf_nvmc.o(.rev16_text), (4 bytes).
    Removing nrf_nvmc.o(.revsh_text), (4 bytes).
    Removing nrf_nvmc.o(i.nrf_nvmc_write_word), (56 bytes).
    Removing nrf_nvmc.o(i.nrf_nvmc_write_words), (76 bytes).
    Removing nrf_nvmc.o(i.slf_nrf_nvmc_read_lowbytes), (22 bytes).
    Removing radio_config.o(.rev16_text), (4 bytes).
    Removing radio_config.o(.revsh_text), (4 bytes).
    Removing radio_config.o(i.radio_modulated_tx_carrier), (56 bytes).
    Removing sys.o(.rev16_text), (4 bytes).
    Removing sys.o(.revsh_text), (4 bytes).
    Removing sys.o(i.my_memcmp_const), (28 bytes).
    Removing tim.o(.rev16_text), (4 bytes).
    Removing tim.o(.revsh_text), (4 bytes).
    Removing tim.o(i.Timer1_Init), (84 bytes).
    Removing tim.o(i.Timer2_Init), (56 bytes).
    Removing system_nrf51.o(.rev16_text), (4 bytes).
    Removing system_nrf51.o(.revsh_text), (4 bytes).
    Removing system_nrf51.o(i.SystemCoreClockUpdate), (16 bytes).

31 unused section(s) (total 726 bytes) removed from the image.

==============================================================================

Image Symbol Table

    Local Symbols

    Symbol Name                              Value     Ov Type        Size  Object(Section)

    ../clib/angel/boardlib.s                 0x00000000   Number         0  boardshut.o ABSOLUTE
    ../clib/angel/boardlib.s                 0x00000000   Number         0  boardinit1.o ABSOLUTE
    ../clib/angel/boardlib.s                 0x00000000   Number         0  boardinit2.o ABSOLUTE
    ../clib/angel/boardlib.s                 0x00000000   Number         0  boardinit3.o ABSOLUTE
    ../clib/angel/handlers.s                 0x00000000   Number         0  __scatter_zi.o ABSOLUTE
    ../clib/angel/handlers.s                 0x00000000   Number         0  __scatter_copy.o ABSOLUTE
    ../clib/angel/kernel.s                   0x00000000   Number         0  __rtentry.o ABSOLUTE
    ../clib/angel/kernel.s                   0x00000000   Number         0  __rtentry4.o ABSOLUTE
    ../clib/angel/kernel.s                   0x00000000   Number         0  rtexit2.o ABSOLUTE
    ../clib/angel/kernel.s                   0x00000000   Number         0  __rtentry2.o ABSOLUTE
    ../clib/angel/kernel.s                   0x00000000   Number         0  rtexit.o ABSOLUTE
    ../clib/angel/rt.s                       0x00000000   Number         0  rt_heap_descriptor.o ABSOLUTE
    ../clib/angel/rt.s                       0x00000000   Number         0  rt_heap_descriptor_intlibspace.o ABSOLUTE
    ../clib/angel/rt.s                       0x00000000   Number         0  aeabi_idiv0.o ABSOLUTE
    ../clib/angel/rt.s                       0x00000000   Number         0  aeabi_idiv0_sigfpe.o ABSOLUTE
    ../clib/angel/rt.s                       0x00000000   Number         0  rt_div0.o ABSOLUTE
    ../clib/angel/rt.s                       0x00000000   Number         0  rt_raise.o ABSOLUTE
    ../clib/angel/scatterp.s                 0x00000000   Number         0  __scatter.o ABSOLUTE
    ../clib/angel/startup.s                  0x00000000   Number         0  __main.o ABSOLUTE
    ../clib/angel/sys.s                      0x00000000   Number         0  mutex_dummy.o ABSOLUTE
    ../clib/angel/sys.s                      0x00000000   Number         0  libspace.o ABSOLUTE
    ../clib/angel/sys.s                      0x00000000   Number         0  use_no_semi.o ABSOLUTE
    ../clib/angel/sys.s                      0x00000000   Number         0  indicate_semi.o ABSOLUTE
    ../clib/angel/sys.s                      0x00000000   Number         0  sys_stackheap_outer.o ABSOLUTE
    ../clib/angel/sys.s                      0x00000000   Number         0  tempstk.o ABSOLUTE
    ../clib/angel/sysapp.c                   0x00000000   Number         0  sys_command.o ABSOLUTE
    ../clib/angel/sysapp.c                   0x00000000   Number         0  sys_wrch.o ABSOLUTE
    ../clib/angel/sysapp.c                   0x00000000   Number         0  sys_exit.o ABSOLUTE
    ../clib/armsys.c                         0x00000000   Number         0  no_argv.o ABSOLUTE
    ../clib/armsys.c                         0x00000000   Number         0  _get_argv.o ABSOLUTE
    ../clib/armsys.c                         0x00000000   Number         0  argv_veneer.o ABSOLUTE
    ../clib/armsys.c                         0x00000000   Number         0  _get_argv_nomalloc.o ABSOLUTE
    ../clib/division.s                       0x00000000   Number         0  aeabi_sdiv_div0.o ABSOLUTE
    ../clib/division.s                       0x00000000   Number         0  aeabi_sdiv.o ABSOLUTE
    ../clib/heap1.c                          0x00000000   Number         0  h1_init.o ABSOLUTE
    ../clib/heap1.c                          0x00000000   Number         0  h1_init_mt.o ABSOLUTE
    ../clib/heap1.c                          0x00000000   Number         0  h1_alloc.o ABSOLUTE
    ../clib/heap1.c                          0x00000000   Number         0  h1_free_mt.o ABSOLUTE
    ../clib/heap1.c                          0x00000000   Number         0  h1_free.o ABSOLUTE
    ../clib/heap1.c                          0x00000000   Number         0  h1_extend_mt.o ABSOLUTE
    ../clib/heap1.c                          0x00000000   Number         0  h1_extend.o ABSOLUTE
    ../clib/heap1.c                          0x00000000   Number         0  h1_final.o ABSOLUTE
    ../clib/heap1.c                          0x00000000   Number         0  h1_final_mt.o ABSOLUTE
    ../clib/heap1.c                          0x00000000   Number         0  h1_alloc_mt.o ABSOLUTE
    ../clib/heap2.c                          0x00000000   Number         0  fdtree.o ABSOLUTE
    ../clib/heap2.c                          0x00000000   Number         0  heap2.o ABSOLUTE
    ../clib/heap2.c                          0x00000000   Number         0  heap2mt.o ABSOLUTE
    ../clib/heapalloc.c                      0x00000000   Number         0  hguard.o ABSOLUTE
    ../clib/heapalloc.c                      0x00000000   Number         0  init_alloc.o ABSOLUTE
    ../clib/heapalloc.c                      0x00000000   Number         0  free.o ABSOLUTE
    ../clib/heapalloc.c                      0x00000000   Number         0  heapstubs.o ABSOLUTE
    ../clib/heapalloc.c                      0x00000000   Number         0  maybetermalloc2.o ABSOLUTE
    ../clib/heapalloc.c                      0x00000000   Number         0  malloc.o ABSOLUTE
    ../clib/heapalloc.c                      0x00000000   Number         0  maybetermalloc2.o ABSOLUTE
    ../clib/heapalloc.c                      0x00000000   Number         0  hrguard.o ABSOLUTE
    ../clib/heapalloc.c                      0x00000000   Number         0  term_alloc.o ABSOLUTE
    ../clib/heapalloc.c                      0x00000000   Number         0  maybetermalloc1.o ABSOLUTE
    ../clib/heapalloc.c                      0x00000000   Number         0  maybetermalloc1.o ABSOLUTE
    ../clib/heapaux.c                        0x00000000   Number         0  heapauxa.o ABSOLUTE
    ../clib/heapaux.c                        0x00000000   Number         0  heapauxi.o ABSOLUTE
    ../clib/libinit.s                        0x00000000   Number         0  libinit.o ABSOLUTE
    ../clib/libinit.s                        0x00000000   Number         0  libinit2.o ABSOLUTE
    ../clib/libinit.s                        0x00000000   Number         0  libshutdown.o ABSOLUTE
    ../clib/libinit.s                        0x00000000   Number         0  libshutdown2.o ABSOLUTE
    ../clib/memcpset.c                       0x00000000   Number         0  rt_memcpy.o ABSOLUTE
    ../clib/memcpset.c                       0x00000000   Number         0  rt_memcpy.o ABSOLUTE
    ../clib/signal.c                         0x00000000   Number         0  defsig_stak_inner.o ABSOLUTE
    ../clib/signal.c                         0x00000000   Number         0  __raise.o ABSOLUTE
    ../clib/signal.c                         0x00000000   Number         0  defsig_general.o ABSOLUTE
    ../clib/signal.c                         0x00000000   Number         0  defsig_rtmem_inner.o ABSOLUTE
    ../clib/signal.c                         0x00000000   Number         0  defsig_exit.o ABSOLUTE
    ../clib/signal.c                         0x00000000   Number         0  defsig_fpe_outer.o ABSOLUTE
    ../clib/signal.c                         0x00000000   Number         0  defsig_rtmem_outer.o ABSOLUTE
    ../clib/signal.c                         0x00000000   Number         0  defsig_fpe_formal.o ABSOLUTE
    ../clib/signal.c                         0x00000000   Number         0  defsig_rtmem_formal.o ABSOLUTE
    ../clib/signal.c                         0x00000000   Number         0  defsig_fpe_inner.o ABSOLUTE
    ../clib/signal.c                         0x00000000   Number         0  defsig_abrt_inner.o ABSOLUTE
    ../clib/signal.c                         0x00000000   Number         0  defsig_rtred_inner.o ABSOLUTE
    ../clib/signal.c                         0x00000000   Number         0  defsig_segv_inner.o ABSOLUTE
    ../clib/signal.c                         0x00000000   Number         0  defsig_other.o ABSOLUTE
    ../clib/signal.c                         0x00000000   Number         0  defsig_cppl_inner.o ABSOLUTE
    ../clib/signal.c                         0x00000000   Number         0  defsig_pvfn_inner.o ABSOLUTE
    ../clib/signal.s                         0x00000000   Number         0  defsig.o ABSOLUTE
    ../clib/stdlib.c                         0x00000000   Number         0  exit.o ABSOLUTE
    ../fplib/cfplib/fpinit.c                 0x00000000   Number         0  fpinit.o ABSOLUTE
    ..\Application\main.c                    0x00000000   Number         0  main.o ABSOLUTE
    ..\Application\sys\sys.c                 0x00000000   Number         0  sys.o ABSOLUTE
    ..\Application\usart_com\common.c        0x00000000   Number         0  common.o ABSOLUTE
    ..\Application\user_src\crc.c            0x00000000   Number         0  crc.o ABSOLUTE
    ..\\Application\\main.c                  0x00000000   Number         0  main.o ABSOLUTE
    ..\\Application\\sys\\sys.c              0x00000000   Number         0  sys.o ABSOLUTE
    ..\\Application\\usart_com\\common.c     0x00000000   Number         0  common.o ABSOLUTE
    ..\\Application\\user_src\\crc.c         0x00000000   Number         0  crc.o ABSOLUTE
    ..\\drivers_nrf\\nrf_nvmc.c              0x00000000   Number         0  nrf_nvmc.o ABSOLUTE
    ..\\drivers_nrf\\simple_uart.c           0x00000000   Number         0  simple_uart.o ABSOLUTE
    ..\\my_drivers\\radio_config.c           0x00000000   Number         0  radio_config.o ABSOLUTE
    ..\\my_drivers\\tim.c                    0x00000000   Number         0  tim.o ABSOLUTE
    ..\drivers_nrf\nrf_nvmc.c                0x00000000   Number         0  nrf_nvmc.o ABSOLUTE
    ..\drivers_nrf\simple_uart.c             0x00000000   Number         0  simple_uart.o ABSOLUTE
    ..\my_drivers\radio_config.c             0x00000000   Number         0  radio_config.o ABSOLUTE
    ..\my_drivers\tim.c                      0x00000000   Number         0  tim.o ABSOLUTE
    RTE\Device\nRF51822_xxAA\arm_startup_nrf51.s 0x00000000   Number         0  arm_startup_nrf51.o ABSOLUTE
    RTE\Device\nRF51822_xxAA\system_nrf51.c  0x00000000   Number         0  system_nrf51.o ABSOLUTE
    RTE\\Device\\nRF51822_xxAA\\system_nrf51.c 0x00000000   Number         0  system_nrf51.o ABSOLUTE
    dc.s                                     0x00000000   Number         0  dc.o ABSOLUTE
    RESET                                    0x0001a000   Section      192  arm_startup_nrf51.o(RESET)
    !!!main                                  0x0001a0c0   Section        8  __main.o(!!!main)
    .ARM.__AT_0x0001A0C8                     0x0001a0c8   Section       20  main.o(.ARM.__AT_0x0001A0C8)
    .ARM.__AT_0x0001A0DC                     0x0001a0dc   Section       20  main.o(.ARM.__AT_0x0001A0DC)
    !!!scatter                               0x0001a0f0   Section       60  __scatter.o(!!!scatter)
    !!handler_copy                           0x0001a12c   Section       26  __scatter_copy.o(!!handler_copy)
    !!handler_zi                             0x0001a148   Section       28  __scatter_zi.o(!!handler_zi)
    .ARM.Collect$$libinit$$00000000          0x0001a164   Section        2  libinit.o(.ARM.Collect$$libinit$$00000000)
    .ARM.Collect$$libinit$$00000002          0x0001a166   Section        0  libinit2.o(.ARM.Collect$$libinit$$00000002)
    .ARM.Collect$$libinit$$00000004          0x0001a166   Section        0  libinit2.o(.ARM.Collect$$libinit$$00000004)
    .ARM.Collect$$libinit$$00000005          0x0001a166   Section        8  libinit2.o(.ARM.Collect$$libinit$$00000005)
    .ARM.Collect$$libinit$$0000000A          0x0001a16e   Section        0  libinit2.o(.ARM.Collect$$libinit$$0000000A)
    .ARM.Collect$$libinit$$0000000C          0x0001a16e   Section        0  libinit2.o(.ARM.Collect$$libinit$$0000000C)
    .ARM.Collect$$libinit$$0000000E          0x0001a16e   Section        0  libinit2.o(.ARM.Collect$$libinit$$0000000E)
    .ARM.Collect$$libinit$$00000011          0x0001a16e   Section        0  libinit2.o(.ARM.Collect$$libinit$$00000011)
    .ARM.Collect$$libinit$$00000013          0x0001a16e   Section        0  libinit2.o(.ARM.Collect$$libinit$$00000013)
    .ARM.Collect$$libinit$$00000015          0x0001a16e   Section        0  libinit2.o(.ARM.Collect$$libinit$$00000015)
    .ARM.Collect$$libinit$$00000017          0x0001a16e   Section        0  libinit2.o(.ARM.Collect$$libinit$$00000017)
    .ARM.Collect$$libinit$$00000019          0x0001a16e   Section        0  libinit2.o(.ARM.Collect$$libinit$$00000019)
    .ARM.Collect$$libinit$$0000001B          0x0001a16e   Section        0  libinit2.o(.ARM.Collect$$libinit$$0000001B)
    .ARM.Collect$$libinit$$0000001D          0x0001a16e   Section        0  libinit2.o(.ARM.Collect$$libinit$$0000001D)
    .ARM.Collect$$libinit$$0000001F          0x0001a16e   Section        0  libinit2.o(.ARM.Collect$$libinit$$0000001F)
    .ARM.Collect$$libinit$$00000021          0x0001a16e   Section        0  libinit2.o(.ARM.Collect$$libinit$$00000021)
    .ARM.Collect$$libinit$$00000023          0x0001a16e   Section        0  libinit2.o(.ARM.Collect$$libinit$$00000023)
    .ARM.Collect$$libinit$$00000025          0x0001a16e   Section        0  libinit2.o(.ARM.Collect$$libinit$$00000025)
    .ARM.Collect$$libinit$$0000002C          0x0001a16e   Section        0  libinit2.o(.ARM.Collect$$libinit$$0000002C)
    .ARM.Collect$$libinit$$0000002E          0x0001a16e   Section        0  libinit2.o(.ARM.Collect$$libinit$$0000002E)
    .ARM.Collect$$libinit$$00000030          0x0001a16e   Section        0  libinit2.o(.ARM.Collect$$libinit$$00000030)
    .ARM.Collect$$libinit$$00000032          0x0001a16e   Section        0  libinit2.o(.ARM.Collect$$libinit$$00000032)
    .ARM.Collect$$libinit$$00000033          0x0001a16e   Section        2  libinit2.o(.ARM.Collect$$libinit$$00000033)
    .ARM.Collect$$libshutdown$$00000000      0x0001a170   Section        2  libshutdown.o(.ARM.Collect$$libshutdown$$00000000)
    .ARM.Collect$$libshutdown$$00000002      0x0001a172   Section        0  libshutdown2.o(.ARM.Collect$$libshutdown$$00000002)
    .ARM.Collect$$libshutdown$$00000004      0x0001a172   Section        0  libshutdown2.o(.ARM.Collect$$libshutdown$$00000004)
    .ARM.Collect$$libshutdown$$00000007      0x0001a172   Section        0  libshutdown2.o(.ARM.Collect$$libshutdown$$00000007)
    .ARM.Collect$$libshutdown$$0000000A      0x0001a172   Section        0  libshutdown2.o(.ARM.Collect$$libshutdown$$0000000A)
    .ARM.Collect$$libshutdown$$0000000C      0x0001a172   Section        0  libshutdown2.o(.ARM.Collect$$libshutdown$$0000000C)
    .ARM.Collect$$libshutdown$$0000000F      0x0001a172   Section        0  libshutdown2.o(.ARM.Collect$$libshutdown$$0000000F)
    .ARM.Collect$$libshutdown$$00000010      0x0001a172   Section        2  libshutdown2.o(.ARM.Collect$$libshutdown$$00000010)
    .ARM.Collect$$rtentry$$00000000          0x0001a174   Section        0  __rtentry.o(.ARM.Collect$$rtentry$$00000000)
    .ARM.Collect$$rtentry$$00000002          0x0001a174   Section        0  __rtentry2.o(.ARM.Collect$$rtentry$$00000002)
    .ARM.Collect$$rtentry$$00000004          0x0001a174   Section        6  __rtentry4.o(.ARM.Collect$$rtentry$$00000004)
    .ARM.Collect$$rtentry$$00000009          0x0001a17a   Section        0  __rtentry2.o(.ARM.Collect$$rtentry$$00000009)
    .ARM.Collect$$rtentry$$0000000A          0x0001a17a   Section        4  __rtentry2.o(.ARM.Collect$$rtentry$$0000000A)
    .ARM.Collect$$rtentry$$0000000C          0x0001a17e   Section        0  __rtentry2.o(.ARM.Collect$$rtentry$$0000000C)
    .ARM.Collect$$rtentry$$0000000D          0x0001a17e   Section        8  __rtentry2.o(.ARM.Collect$$rtentry$$0000000D)
    .ARM.Collect$$rtexit$$00000000           0x0001a186   Section        2  rtexit.o(.ARM.Collect$$rtexit$$00000000)
    .ARM.Collect$$rtexit$$00000002           0x0001a188   Section        0  rtexit2.o(.ARM.Collect$$rtexit$$00000002)
    .ARM.Collect$$rtexit$$00000003           0x0001a188   Section        4  rtexit2.o(.ARM.Collect$$rtexit$$00000003)
    .ARM.Collect$$rtexit$$00000004           0x0001a18c   Section        6  rtexit2.o(.ARM.Collect$$rtexit$$00000004)
    .emb_text                                0x0001a194   Section        0  maybetermalloc1.o(.emb_text)
    .text                                    0x0001a194   Section       84  arm_startup_nrf51.o(.text)
    .text                                    0x0001a1e8   Section        0  h1_alloc.o(.text)
    .text                                    0x0001a24a   Section        0  heapauxi.o(.text)
    .text                                    0x0001a250   Section        8  rt_heap_descriptor_intlibspace.o(.text)
    .text                                    0x0001a258   Section        0  hguard.o(.text)
    .text                                    0x0001a25c   Section        0  init_alloc.o(.text)
    .text                                    0x0001a2e4   Section        0  h1_init.o(.text)
    .text                                    0x0001a2f2   Section        0  h1_free.o(.text)
    .text                                    0x0001a340   Section        8  libspace.o(.text)
    .text                                    0x0001a348   Section        0  h1_extend.o(.text)
    .text                                    0x0001a37c   Section        0  defsig_rtmem_outer.o(.text)
    .text                                    0x0001a388   Section        2  use_no_semi.o(.text)
    .text                                    0x0001a38a   Section       62  sys_stackheap_outer.o(.text)
    .text                                    0x0001a38a   Section        0  indicate_semi.o(.text)
    .text                                    0x0001a3c8   Section        0  exit.o(.text)
    .text                                    0x0001a3d8   Section        0  defsig_exit.o(.text)
    .text                                    0x0001a3e4   Section        0  defsig_rtmem_inner.o(.text)
    .text                                    0x0001a434   Section        0  sys_exit.o(.text)
    .text                                    0x0001a440   Section        0  defsig_general.o(.text)
    .text                                    0x0001a474   Section        0  sys_wrch.o(.text)
    i.NVIC_EnableIRQ                         0x0001a480   Section        0  tim.o(i.NVIC_EnableIRQ)
    NVIC_EnableIRQ                           0x0001a481   Thumb Code    14  tim.o(i.NVIC_EnableIRQ)
    i.NVIC_SetPriority                       0x0001a494   Section        0  main.o(i.NVIC_SetPriority)
    NVIC_SetPriority                         0x0001a495   Thumb Code   110  main.o(i.NVIC_SetPriority)
    i.NVIC_SetPriority                       0x0001a50c   Section        0  radio_config.o(i.NVIC_SetPriority)
    NVIC_SetPriority                         0x0001a50d   Thumb Code   110  radio_config.o(i.NVIC_SetPriority)
    i.NVIC_SetPriority                       0x0001a584   Section        0  tim.o(i.NVIC_SetPriority)
    NVIC_SetPriority                         0x0001a585   Thumb Code   110  tim.o(i.NVIC_SetPriority)
    i.RADIO_IRQHandler                       0x0001a5fc   Section        0  main.o(i.RADIO_IRQHandler)
    i.Radio_Init                             0x0001ab1c   Section        0  radio_config.o(i.Radio_Init)
    i.Rom_Pos                                0x0001ab78   Section        0  main.o(i.Rom_Pos)
    i.SystemInit                             0x0001abec   Section        0  system_nrf51.o(i.SystemInit)
    i.TIMER0_IRQHandler                      0x0001ac50   Section        0  main.o(i.TIMER0_IRQHandler)
    i.Timer0_Init                            0x0001acbc   Section        0  tim.o(i.Timer0_Init)
    i.UART0_IRQHandler                       0x0001ad10   Section        0  main.o(i.UART0_IRQHandler)
    i.UART_Init                              0x0001af5c   Section        0  main.o(i.UART_Init)
    i.UART_Send                              0x0001af98   Section        0  simple_uart.o(i.UART_Send)
    i.__ARM_common_switch8                   0x0001afc8   Section        0  main.o(i.__ARM_common_switch8)
    i.copybuf                                0x0001afe4   Section        0  sys.o(i.copybuf)
    i.crc_check                              0x0001affc   Section        0  crc.o(i.crc_check)
    i.hfclk_config                           0x0001b02c   Section        0  main.o(i.hfclk_config)
    hfclk_config                             0x0001b02d   Thumb Code    24  main.o(i.hfclk_config)
    i.is_disabled_in_debug_needed            0x0001b048   Section        0  system_nrf51.o(i.is_disabled_in_debug_needed)
    is_disabled_in_debug_needed              0x0001b049   Thumb Code    52  system_nrf51.o(i.is_disabled_in_debug_needed)
    i.is_manual_peripheral_setup_needed      0x0001b080   Section        0  system_nrf51.o(i.is_manual_peripheral_setup_needed)
    is_manual_peripheral_setup_needed        0x0001b081   Thumb Code   104  system_nrf51.o(i.is_manual_peripheral_setup_needed)
    i.is_peripheral_domain_setup_needed      0x0001b0ec   Section        0  system_nrf51.o(i.is_peripheral_domain_setup_needed)
    is_peripheral_domain_setup_needed        0x0001b0ed   Thumb Code    78  system_nrf51.o(i.is_peripheral_domain_setup_needed)
    i.main                                   0x0001b140   Section        0  main.o(i.main)
    i.my_memset                              0x0001b1d0   Section        0  sys.o(i.my_memset)
    i.nrf_gpio_cfg                           0x0001b1e4   Section        0  simple_uart.o(i.nrf_gpio_cfg)
    nrf_gpio_cfg                             0x0001b1e5   Thumb Code    38  simple_uart.o(i.nrf_gpio_cfg)
    i.nrf_gpio_cfg_input                     0x0001b20a   Section        0  simple_uart.o(i.nrf_gpio_cfg_input)
    nrf_gpio_cfg_input                       0x0001b20b   Thumb Code    26  simple_uart.o(i.nrf_gpio_cfg_input)
    i.nrf_gpio_cfg_output                    0x0001b224   Section        0  simple_uart.o(i.nrf_gpio_cfg_output)
    nrf_gpio_cfg_output                      0x0001b225   Thumb Code    24  simple_uart.o(i.nrf_gpio_cfg_output)
    i.nrf_gpio_pin_clear                     0x0001b23c   Section        0  main.o(i.nrf_gpio_pin_clear)
    nrf_gpio_pin_clear                       0x0001b23d   Thumb Code    10  main.o(i.nrf_gpio_pin_clear)
    i.nrf_gpio_pin_set                       0x0001b24c   Section        0  main.o(i.nrf_gpio_pin_set)
    nrf_gpio_pin_set                         0x0001b24d   Thumb Code    10  main.o(i.nrf_gpio_pin_set)
    i.nrf_nvmc_page_erase                    0x0001b25c   Section        0  nrf_nvmc.o(i.nrf_nvmc_page_erase)
    i.nrf_nvmc_read_byte                     0x0001b294   Section        0  nrf_nvmc.o(i.nrf_nvmc_read_byte)
    i.nrf_nvmc_read_bytes                    0x0001b29a   Section        0  nrf_nvmc.o(i.nrf_nvmc_read_bytes)
    i.nrf_nvmc_write_byte                    0x0001b2b8   Section        0  nrf_nvmc.o(i.nrf_nvmc_write_byte)
    i.nrf_nvmc_write_bytes                   0x0001b308   Section        0  nrf_nvmc.o(i.nrf_nvmc_write_bytes)
    i.radio_cmd_process                      0x0001b324   Section        0  main.o(i.radio_cmd_process)
    i.radio_configure                        0x0001b93c   Section        0  radio_config.o(i.radio_configure)
    i.radio_disable                          0x0001b9b4   Section        0  radio_config.o(i.radio_disable)
    i.radio_rx_carrier                       0x0001b9ec   Section        0  radio_config.o(i.radio_rx_carrier)
    i.radio_tx_carrier                       0x0001ba2c   Section        0  radio_config.o(i.radio_tx_carrier)
    i.rf_process                             0x0001ba64   Section        0  main.o(i.rf_process)
    i.settingsSetDefaultValues               0x0001bdac   Section        0  main.o(i.settingsSetDefaultValues)
    i.simple_uart_config                     0x0001c054   Section        0  simple_uart.o(i.simple_uart_config)
    i.uart_process                           0x0001c0c0   Section        0  main.o(i.uart_process)
    .constdata                               0x0001c93c   Section       39  main.o(.constdata)
    .constdata                               0x0001c964   Section      512  crc.o(.constdata)
    .data                                    0x20000000   Section       99  main.o(.data)
    rfid_j                                   0x20000057   Data           1  main.o(.data)
    rfid_i                                   0x20000058   Data           1  main.o(.data)
    cycle                                    0x20000059   Data           1  main.o(.data)
    tx_XOR                                   0x2000005a   Data           1  main.o(.data)
    i_xor                                    0x2000005b   Data           1  main.o(.data)
    ii                                       0x2000005c   Data           1  main.o(.data)
    jj                                       0x2000005d   Data           1  main.o(.data)
    up_crc                                   0x2000005e   Data           2  main.o(.data)
    ii                                       0x20000060   Data           1  main.o(.data)
    jj                                       0x20000061   Data           1  main.o(.data)
    count                                    0x20000062   Data           1  main.o(.data)
    .data                                    0x20000063   Section        1  radio_config.o(.data)
    .data                                    0x20000064   Section        4  system_nrf51.o(.data)
    __tagsym$$used                           0x20000064   Number         0  system_nrf51.o(.data)
    .bss                                     0x20000068   Section       32  radio_config.o(.bss)
    .bss                                     0x20000088   Section       96  libspace.o(.bss)
    .ARM.__AT_0x20000201                     0x20000201   Section        1  main.o(.ARM.__AT_0x20000201)
    .bss                                     0x20000204   Section     2304  main.o(.bss)
    HEAP                                     0x20000b08   Section     2048  arm_startup_nrf51.o(HEAP)
    Heap_Mem                                 0x20000b08   Data        2048  arm_startup_nrf51.o(HEAP)
    STACK                                    0x20001308   Section     2048  arm_startup_nrf51.o(STACK)
    Stack_Mem                                0x20001308   Data        2048  arm_startup_nrf51.o(STACK)
    __initial_sp                             0x20001b08   Data           0  arm_startup_nrf51.o(STACK)

    Global Symbols

    Symbol Name                              Value     Ov Type        Size  Object(Section)

    BuildAttributes$$THM_ISAv3M$S$PE$A:L22$X:L11$S22$IEEE1$IW$USESV6$~STKCKD$USESV7$~SHL$OTIME$ROPI$EBA8$UX$STANDARDLIB$REQ8$PRES8$EABIv2 0x00000000   Number         0  anon$$obj.o ABSOLUTE
    __ARM_use_no_argv                        0x00000000   Number         0  main.o ABSOLUTE
    __ARM_exceptions_init                     - Undefined Weak Reference
    __alloca_initialize                       - Undefined Weak Reference
    __arm_preinit_                            - Undefined Weak Reference
    __cpp_initialize__aeabi_                  - Undefined Weak Reference
    __cxa_finalize                            - Undefined Weak Reference
    __rt_locale                               - Undefined Weak Reference
    __sigvec_lookup                           - Undefined Weak Reference
    __user_heap_extent                        - Undefined Weak Reference
    _atexit_init                              - Undefined Weak Reference
    _call_atexit_fns                          - Undefined Weak Reference
    _clock_init                               - Undefined Weak Reference
    _fp_trap_init                             - Undefined Weak Reference
    _fp_trap_shutdown                         - Undefined Weak Reference
    _get_lc_collate                           - Undefined Weak Reference
    _get_lc_ctype                             - Undefined Weak Reference
    _get_lc_monetary                          - Undefined Weak Reference
    _get_lc_numeric                           - Undefined Weak Reference
    _get_lc_time                              - Undefined Weak Reference
    _getenv_init                              - Undefined Weak Reference
    _handle_redirection                       - Undefined Weak Reference
    _initio                                   - Undefined Weak Reference
    _mutex_acquire                            - Undefined Weak Reference
    _mutex_free                               - Undefined Weak Reference
    _mutex_release                            - Undefined Weak Reference
    _rand_init                                - Undefined Weak Reference
    _signal_finish                            - Undefined Weak Reference
    _signal_init                              - Undefined Weak Reference
    _terminateio                              - Undefined Weak Reference
    __Vectors_Size                           0x000000c0   Number         0  arm_startup_nrf51.o ABSOLUTE
    __Vectors                                0x0001a000   Data           4  arm_startup_nrf51.o(RESET)
    __Vectors_End                            0x0001a0c0   Data           0  arm_startup_nrf51.o(RESET)
    __main                                   0x0001a0c1   Thumb Code     8  __main.o(!!!main)
    AppVer                                   0x0001a0c8   Data          20  main.o(.ARM.__AT_0x0001A0C8)
    APPVer_MB                                0x0001a0dc   Data          20  main.o(.ARM.__AT_0x0001A0DC)
    __scatterload                            0x0001a0f1   Thumb Code     0  __scatter.o(!!!scatter)
    __scatterload_rt2                        0x0001a0f1   Thumb Code    52  __scatter.o(!!!scatter)
    __scatterload_rt2_thumb_only             0x0001a0f1   Thumb Code     0  __scatter.o(!!!scatter)
    __scatterload_null                       0x0001a101   Thumb Code     0  __scatter.o(!!!scatter)
    __scatterload_copy                       0x0001a12d   Thumb Code    26  __scatter_copy.o(!!handler_copy)
    __scatterload_zeroinit                   0x0001a149   Thumb Code    28  __scatter_zi.o(!!handler_zi)
    __rt_lib_init                            0x0001a165   Thumb Code     0  libinit.o(.ARM.Collect$$libinit$$00000000)
    __rt_lib_init_fp_1                       0x0001a167   Thumb Code     0  libinit2.o(.ARM.Collect$$libinit$$00000002)
    __rt_lib_init_heap_2                     0x0001a167   Thumb Code     0  libinit2.o(.ARM.Collect$$libinit$$00000005)
    __rt_lib_init_preinit_1                  0x0001a167   Thumb Code     0  libinit2.o(.ARM.Collect$$libinit$$00000004)
    __rt_lib_init_alloca_1                   0x0001a16f   Thumb Code     0  libinit2.o(.ARM.Collect$$libinit$$0000002E)
    __rt_lib_init_argv_1                     0x0001a16f   Thumb Code     0  libinit2.o(.ARM.Collect$$libinit$$0000002C)
    __rt_lib_init_atexit_1                   0x0001a16f   Thumb Code     0  libinit2.o(.ARM.Collect$$libinit$$0000001B)
    __rt_lib_init_clock_1                    0x0001a16f   Thumb Code     0  libinit2.o(.ARM.Collect$$libinit$$00000021)
    __rt_lib_init_cpp_1                      0x0001a16f   Thumb Code     0  libinit2.o(.ARM.Collect$$libinit$$00000032)
    __rt_lib_init_exceptions_1               0x0001a16f   Thumb Code     0  libinit2.o(.ARM.Collect$$libinit$$00000030)
    __rt_lib_init_fp_trap_1                  0x0001a16f   Thumb Code     0  libinit2.o(.ARM.Collect$$libinit$$0000001F)
    __rt_lib_init_getenv_1                   0x0001a16f   Thumb Code     0  libinit2.o(.ARM.Collect$$libinit$$00000023)
    __rt_lib_init_heap_1                     0x0001a16f   Thumb Code     0  libinit2.o(.ARM.Collect$$libinit$$0000000A)
    __rt_lib_init_lc_collate_1               0x0001a16f   Thumb Code     0  libinit2.o(.ARM.Collect$$libinit$$00000011)
    __rt_lib_init_lc_ctype_1                 0x0001a16f   Thumb Code     0  libinit2.o(.ARM.Collect$$libinit$$00000013)
    __rt_lib_init_lc_monetary_1              0x0001a16f   Thumb Code     0  libinit2.o(.ARM.Collect$$libinit$$00000015)
    __rt_lib_init_lc_numeric_1               0x0001a16f   Thumb Code     0  libinit2.o(.ARM.Collect$$libinit$$00000017)
    __rt_lib_init_lc_time_1                  0x0001a16f   Thumb Code     0  libinit2.o(.ARM.Collect$$libinit$$00000019)
    __rt_lib_init_rand_1                     0x0001a16f   Thumb Code     0  libinit2.o(.ARM.Collect$$libinit$$0000000E)
    __rt_lib_init_return                     0x0001a16f   Thumb Code     0  libinit2.o(.ARM.Collect$$libinit$$00000033)
    __rt_lib_init_signal_1                   0x0001a16f   Thumb Code     0  libinit2.o(.ARM.Collect$$libinit$$0000001D)
    __rt_lib_init_stdio_1                    0x0001a16f   Thumb Code     0  libinit2.o(.ARM.Collect$$libinit$$00000025)
    __rt_lib_init_user_alloc_1               0x0001a16f   Thumb Code     0  libinit2.o(.ARM.Collect$$libinit$$0000000C)
    __rt_lib_shutdown                        0x0001a171   Thumb Code     0  libshutdown.o(.ARM.Collect$$libshutdown$$00000000)
    __rt_lib_shutdown_cpp_1                  0x0001a173   Thumb Code     0  libshutdown2.o(.ARM.Collect$$libshutdown$$00000002)
    __rt_lib_shutdown_fp_trap_1              0x0001a173   Thumb Code     0  libshutdown2.o(.ARM.Collect$$libshutdown$$00000007)
    __rt_lib_shutdown_heap_1                 0x0001a173   Thumb Code     0  libshutdown2.o(.ARM.Collect$$libshutdown$$0000000F)
    __rt_lib_shutdown_return                 0x0001a173   Thumb Code     0  libshutdown2.o(.ARM.Collect$$libshutdown$$00000010)
    __rt_lib_shutdown_signal_1               0x0001a173   Thumb Code     0  libshutdown2.o(.ARM.Collect$$libshutdown$$0000000A)
    __rt_lib_shutdown_stdio_1                0x0001a173   Thumb Code     0  libshutdown2.o(.ARM.Collect$$libshutdown$$00000004)
    __rt_lib_shutdown_user_alloc_1           0x0001a173   Thumb Code     0  libshutdown2.o(.ARM.Collect$$libshutdown$$0000000C)
    __rt_entry                               0x0001a175   Thumb Code     0  __rtentry.o(.ARM.Collect$$rtentry$$00000000)
    __rt_entry_presh_1                       0x0001a175   Thumb Code     0  __rtentry2.o(.ARM.Collect$$rtentry$$00000002)
    __rt_entry_sh                            0x0001a175   Thumb Code     0  __rtentry4.o(.ARM.Collect$$rtentry$$00000004)
    __rt_entry_li                            0x0001a17b   Thumb Code     0  __rtentry2.o(.ARM.Collect$$rtentry$$0000000A)
    __rt_entry_postsh_1                      0x0001a17b   Thumb Code     0  __rtentry2.o(.ARM.Collect$$rtentry$$00000009)
    __rt_entry_main                          0x0001a17f   Thumb Code     0  __rtentry2.o(.ARM.Collect$$rtentry$$0000000D)
    __rt_entry_postli_1                      0x0001a17f   Thumb Code     0  __rtentry2.o(.ARM.Collect$$rtentry$$0000000C)
    __rt_exit                                0x0001a187   Thumb Code     0  rtexit.o(.ARM.Collect$$rtexit$$00000000)
    __rt_exit_ls                             0x0001a189   Thumb Code     0  rtexit2.o(.ARM.Collect$$rtexit$$00000003)
    __rt_exit_prels_1                        0x0001a189   Thumb Code     0  rtexit2.o(.ARM.Collect$$rtexit$$00000002)
    __rt_exit_exit                           0x0001a18d   Thumb Code     0  rtexit2.o(.ARM.Collect$$rtexit$$00000004)
    Reset_Handler                            0x0001a195   Thumb Code    26  arm_startup_nrf51.o(.text)
    _maybe_terminate_alloc                   0x0001a195   Thumb Code     0  maybetermalloc1.o(.emb_text)
    NMI_Handler                              0x0001a1af   Thumb Code     2  arm_startup_nrf51.o(.text)
    HardFault_Handler                        0x0001a1b1   Thumb Code     2  arm_startup_nrf51.o(.text)
    SVC_Handler                              0x0001a1b3   Thumb Code     2  arm_startup_nrf51.o(.text)
    PendSV_Handler                           0x0001a1b5   Thumb Code     2  arm_startup_nrf51.o(.text)
    SysTick_Handler                          0x0001a1b7   Thumb Code     2  arm_startup_nrf51.o(.text)
    ADC_IRQHandler                           0x0001a1b9   Thumb Code     0  arm_startup_nrf51.o(.text)
    CCM_AAR_IRQHandler                       0x0001a1b9   Thumb Code     0  arm_startup_nrf51.o(.text)
    ECB_IRQHandler                           0x0001a1b9   Thumb Code     0  arm_startup_nrf51.o(.text)
    GPIOTE_IRQHandler                        0x0001a1b9   Thumb Code     0  arm_startup_nrf51.o(.text)
    LPCOMP_IRQHandler                        0x0001a1b9   Thumb Code     0  arm_startup_nrf51.o(.text)
    POWER_CLOCK_IRQHandler                   0x0001a1b9   Thumb Code     0  arm_startup_nrf51.o(.text)
    QDEC_IRQHandler                          0x0001a1b9   Thumb Code     0  arm_startup_nrf51.o(.text)
    RNG_IRQHandler                           0x0001a1b9   Thumb Code     0  arm_startup_nrf51.o(.text)
    RTC0_IRQHandler                          0x0001a1b9   Thumb Code     0  arm_startup_nrf51.o(.text)
    RTC1_IRQHandler                          0x0001a1b9   Thumb Code     0  arm_startup_nrf51.o(.text)
    SPI0_TWI0_IRQHandler                     0x0001a1b9   Thumb Code     0  arm_startup_nrf51.o(.text)
    SPI1_TWI1_IRQHandler                     0x0001a1b9   Thumb Code     0  arm_startup_nrf51.o(.text)
    SWI0_IRQHandler                          0x0001a1b9   Thumb Code     0  arm_startup_nrf51.o(.text)
    SWI1_IRQHandler                          0x0001a1b9   Thumb Code     0  arm_startup_nrf51.o(.text)
    SWI2_IRQHandler                          0x0001a1b9   Thumb Code     0  arm_startup_nrf51.o(.text)
    SWI3_IRQHandler                          0x0001a1b9   Thumb Code     0  arm_startup_nrf51.o(.text)
    SWI4_IRQHandler                          0x0001a1b9   Thumb Code     0  arm_startup_nrf51.o(.text)
    SWI5_IRQHandler                          0x0001a1b9   Thumb Code     0  arm_startup_nrf51.o(.text)
    TEMP_IRQHandler                          0x0001a1b9   Thumb Code     0  arm_startup_nrf51.o(.text)
    TIMER1_IRQHandler                        0x0001a1b9   Thumb Code     0  arm_startup_nrf51.o(.text)
    TIMER2_IRQHandler                        0x0001a1b9   Thumb Code     0  arm_startup_nrf51.o(.text)
    WDT_IRQHandler                           0x0001a1b9   Thumb Code     0  arm_startup_nrf51.o(.text)
    __user_initial_stackheap                 0x0001a1bd   Thumb Code    10  arm_startup_nrf51.o(.text)
    malloc                                   0x0001a1e9   Thumb Code    98  h1_alloc.o(.text)
    __use_two_region_memory                  0x0001a24b   Thumb Code     2  heapauxi.o(.text)
    __rt_heap_escrow                         0x0001a24d   Thumb Code     2  heapauxi.o(.text)
    __rt_heap_expand                         0x0001a24f   Thumb Code     2  heapauxi.o(.text)
    __rt_heap_descriptor                     0x0001a251   Thumb Code     8  rt_heap_descriptor_intlibspace.o(.text)
    __use_no_heap                            0x0001a259   Thumb Code     2  hguard.o(.text)
    __heap$guard                             0x0001a25b   Thumb Code     2  hguard.o(.text)
    _terminate_user_alloc                    0x0001a25d   Thumb Code     2  init_alloc.o(.text)
    _init_user_alloc                         0x0001a25f   Thumb Code     2  init_alloc.o(.text)
    __Heap_Full                              0x0001a261   Thumb Code    32  init_alloc.o(.text)
    __Heap_Broken                            0x0001a281   Thumb Code    10  init_alloc.o(.text)
    _init_alloc                              0x0001a28b   Thumb Code    90  init_alloc.o(.text)
    __Heap_Initialize                        0x0001a2e5   Thumb Code    10  h1_init.o(.text)
    __Heap_DescSize                          0x0001a2ef   Thumb Code     4  h1_init.o(.text)
    free                                     0x0001a2f3   Thumb Code    76  h1_free.o(.text)
    __user_libspace                          0x0001a341   Thumb Code     8  libspace.o(.text)
    __user_perproc_libspace                  0x0001a341   Thumb Code     0  libspace.o(.text)
    __user_perthread_libspace                0x0001a341   Thumb Code     0  libspace.o(.text)
    __Heap_ProvideMemory                     0x0001a349   Thumb Code    52  h1_extend.o(.text)
    __rt_SIGRTMEM                            0x0001a37d   Thumb Code    12  defsig_rtmem_outer.o(.text)
    __I$use$semihosting                      0x0001a389   Thumb Code     0  use_no_semi.o(.text)
    __use_no_semihosting_swi                 0x0001a389   Thumb Code     2  use_no_semi.o(.text)
    __semihosting_library_function           0x0001a38b   Thumb Code     0  indicate_semi.o(.text)
    __user_setup_stackheap                   0x0001a38b   Thumb Code    62  sys_stackheap_outer.o(.text)
    exit                                     0x0001a3c9   Thumb Code    16  exit.o(.text)
    __sig_exit                               0x0001a3d9   Thumb Code    12  defsig_exit.o(.text)
    __rt_SIGRTMEM_inner                      0x0001a3e5   Thumb Code    22  defsig_rtmem_inner.o(.text)
    _sys_exit                                0x0001a435   Thumb Code     8  sys_exit.o(.text)
    __default_signal_display                 0x0001a441   Thumb Code    52  defsig_general.o(.text)
    _ttywrch                                 0x0001a475   Thumb Code    12  sys_wrch.o(.text)
    RADIO_IRQHandler                         0x0001a5fd   Thumb Code  1282  main.o(i.RADIO_IRQHandler)
    Radio_Init                               0x0001ab1d   Thumb Code    68  radio_config.o(i.Radio_Init)
    Rom_Pos                                  0x0001ab79   Thumb Code   116  main.o(i.Rom_Pos)
    SystemInit                               0x0001abed   Thumb Code    76  system_nrf51.o(i.SystemInit)
    TIMER0_IRQHandler                        0x0001ac51   Thumb Code    80  main.o(i.TIMER0_IRQHandler)
    Timer0_Init                              0x0001acbd   Thumb Code    66  tim.o(i.Timer0_Init)
    UART0_IRQHandler                         0x0001ad11   Thumb Code   572  main.o(i.UART0_IRQHandler)
    UART_Init                                0x0001af5d   Thumb Code    50  main.o(i.UART_Init)
    UART_Send                                0x0001af99   Thumb Code    38  simple_uart.o(i.UART_Send)
    __ARM_common_switch8                     0x0001afc9   Thumb Code    28  main.o(i.__ARM_common_switch8)
    copybuf                                  0x0001afe5   Thumb Code    22  sys.o(i.copybuf)
    crc_check                                0x0001affd   Thumb Code    44  crc.o(i.crc_check)
    main                                     0x0001b141   Thumb Code   122  main.o(i.main)
    my_memset                                0x0001b1d1   Thumb Code    20  sys.o(i.my_memset)
    nrf_nvmc_page_erase                      0x0001b25d   Thumb Code    48  nrf_nvmc.o(i.nrf_nvmc_page_erase)
    nrf_nvmc_read_byte                       0x0001b295   Thumb Code     6  nrf_nvmc.o(i.nrf_nvmc_read_byte)
    nrf_nvmc_read_bytes                      0x0001b29b   Thumb Code    28  nrf_nvmc.o(i.nrf_nvmc_read_bytes)
    nrf_nvmc_write_byte                      0x0001b2b9   Thumb Code    70  nrf_nvmc.o(i.nrf_nvmc_write_byte)
    nrf_nvmc_write_bytes                     0x0001b309   Thumb Code    28  nrf_nvmc.o(i.nrf_nvmc_write_bytes)
    radio_cmd_process                        0x0001b325   Thumb Code  1508  main.o(i.radio_cmd_process)
    radio_configure                          0x0001b93d   Thumb Code    86  radio_config.o(i.radio_configure)
    radio_disable                            0x0001b9b5   Thumb Code    40  radio_config.o(i.radio_disable)
    radio_rx_carrier                         0x0001b9ed   Thumb Code    48  radio_config.o(i.radio_rx_carrier)
    radio_tx_carrier                         0x0001ba2d   Thumb Code    38  radio_config.o(i.radio_tx_carrier)
    rf_process                               0x0001ba65   Thumb Code   756  main.o(i.rf_process)
    settingsSetDefaultValues                 0x0001bdad   Thumb Code   618  main.o(i.settingsSetDefaultValues)
    simple_uart_config                       0x0001c055   Thumb Code    90  simple_uart.o(i.simple_uart_config)
    uart_process                             0x0001c0c1   Thumb Code  2172  main.o(i.uart_process)
    constTagID                               0x0001c93c   Data           4  main.o(.constdata)
    nvmc_flash_mark                          0x0001c940   Data          11  main.o(.constdata)
    ParaSet                                  0x0001c94b   Data          16  main.o(.constdata)
    caucTXPOWER                              0x0001c95b   Data           8  main.o(.constdata)
    wCRC16Table                              0x0001c964   Data         512  crc.o(.constdata)
    Region$$Table$$Base                      0x0001cb64   Number         0  anon$$obj.o(Region$$Table)
    Region$$Table$$Limit                     0x0001cb84   Number         0  anon$$obj.o(Region$$Table)
    i                                        0x20000000   Data           1  main.o(.data)
    ucRomMark                                0x20000001   Data           1  main.o(.data)
    ucROM0                                   0x20000002   Data           1  main.o(.data)
    ucROM1                                   0x20000003   Data           1  main.o(.data)
    ucROM2                                   0x20000004   Data           1  main.o(.data)
    ucROM3                                   0x20000005   Data           1  main.o(.data)
    pROM                                     0x20000008   Data           4  main.o(.data)
    caucpROM                                 0x2000000c   Data          16  main.o(.data)
    Rom_record_size                          0x2000001c   Data           4  main.o(.data)
    Rom_record_byte                          0x20000020   Data           4  main.o(.data)
    pg_size                                  0x20000024   Data           4  main.o(.data)
    pg_num                                   0x20000028   Data           4  main.o(.data)
    addr                                     0x2000002c   Data           4  main.o(.data)
    my_tx_power                              0x20000030   Data           1  main.o(.data)
    En_Period_Tx                             0x20000031   Data           1  main.o(.data)
    radio_channel                            0x20000032   Data           1  main.o(.data)
    config_send_state                        0x20000033   Data           1  main.o(.data)
    rf_cfg_state                             0x20000034   Data           1  main.o(.data)
    caucID                                   0x20000035   Data           4  main.o(.data)
    withRFRx                                 0x20000039   Data           1  main.o(.data)
    ucCntRFRx                                0x2000003a   Data           1  main.o(.data)
    bRFRxed                                  0x2000003b   Data           1  main.o(.data)
    bRFRPD                                   0x2000003c   Data           1  main.o(.data)
    uart_tx_en                               0x2000003d   Data           1  main.o(.data)
    tx_len                                   0x2000003e   Data           2  main.o(.data)
    pkt_len_temp                             0x20000040   Data           2  main.o(.data)
    RX_PACKET                                0x20000042   Data           4  main.o(.data)
    ptx_temp                                 0x20000048   Data           4  main.o(.data)
    work_mode                                0x2000004c   Data           1  main.o(.data)
    RFID_TX_EN                               0x2000004d   Data           1  main.o(.data)
    ucCycRFID                                0x2000004e   Data           1  main.o(.data)
    timeout_cnt_start                        0x2000004f   Data           1  main.o(.data)
    timeout_cnt                              0x20000050   Data           1  main.o(.data)
    time_cnt                                 0x20000052   Data           2  main.o(.data)
    time_cycle                               0x20000054   Data           2  main.o(.data)
    time_en                                  0x20000056   Data           1  main.o(.data)
    radio_status                             0x20000063   Data           1  radio_config.o(.data)
    SystemCoreClock                          0x20000064   Data           4  system_nrf51.o(.data)
    payload                                  0x20000068   Data          32  radio_config.o(.bss)
    __libspace_start                         0x20000088   Data          96  libspace.o(.bss)
    __temporary_stack_top$libspace           0x200000e8   Data           0  libspace.o(.bss)
    ToggleSerial                             0x20000201   Data           1  main.o(.ARM.__AT_0x20000201)
    astRFID                                  0x20000204   Data        1020  main.o(.bss)
    config                                   0x20000600   Data          39  main.o(.bss)
    Page_Base                                0x20000628   Data          20  main.o(.bss)
    CurParaSet                               0x2000063c   Data          16  main.o(.bss)
    U_Master                                 0x2000064c   Data         208  main.o(.bss)
    tx_buf                                   0x2000071c   Data        1000  main.o(.bss)



==============================================================================

Memory Map of the image

  Image Entry point : 0x0001a0c1

  Load Region LR_IROM1 (Base: 0x0001a000, Size: 0x00002bec, Max: 0x00024800, ABSOLUTE)

    Execution Region ER_IROM1 (Base: 0x0001a000, Size: 0x00002b84, Max: 0x00024800, ABSOLUTE)

    Base Addr    Size         Type   Attr      Idx    E Section Name        Object

    0x0001a000   0x000000c0   Data   RO          499    RESET               arm_startup_nrf51.o
    0x0001a0c0   0x00000008   Code   RO          611  * !!!main             c_p.l(__main.o)
    0x0001a0c8   0x00000014   Data   RO           17    .ARM.__AT_0x0001A0C8  main.o
    0x0001a0dc   0x00000014   Data   RO           18    .ARM.__AT_0x0001A0DC  main.o
    0x0001a0f0   0x0000003c   Code   RO          838    !!!scatter          c_p.l(__scatter.o)
    0x0001a12c   0x0000001a   Code   RO          840    !!handler_copy      c_p.l(__scatter_copy.o)
    0x0001a146   0x00000002   PAD
    0x0001a148   0x0000001c   Code   RO          842    !!handler_zi        c_p.l(__scatter_zi.o)
    0x0001a164   0x00000002   Code   RO          772    .ARM.Collect$$libinit$$00000000  c_p.l(libinit.o)
    0x0001a166   0x00000000   Code   RO          658    .ARM.Collect$$libinit$$00000002  c_p.l(libinit2.o)
    0x0001a166   0x00000000   Code   RO          660    .ARM.Collect$$libinit$$00000004  c_p.l(libinit2.o)
    0x0001a166   0x00000008   Code   RO          661    .ARM.Collect$$libinit$$00000005  c_p.l(libinit2.o)
    0x0001a16e   0x00000000   Code   RO          663    .ARM.Collect$$libinit$$0000000A  c_p.l(libinit2.o)
    0x0001a16e   0x00000000   Code   RO          665    .ARM.Collect$$libinit$$0000000C  c_p.l(libinit2.o)
    0x0001a16e   0x00000000   Code   RO          667    .ARM.Collect$$libinit$$0000000E  c_p.l(libinit2.o)
    0x0001a16e   0x00000000   Code   RO          670    .ARM.Collect$$libinit$$00000011  c_p.l(libinit2.o)
    0x0001a16e   0x00000000   Code   RO          672    .ARM.Collect$$libinit$$00000013  c_p.l(libinit2.o)
    0x0001a16e   0x00000000   Code   RO          674    .ARM.Collect$$libinit$$00000015  c_p.l(libinit2.o)
    0x0001a16e   0x00000000   Code   RO          676    .ARM.Collect$$libinit$$00000017  c_p.l(libinit2.o)
    0x0001a16e   0x00000000   Code   RO          678    .ARM.Collect$$libinit$$00000019  c_p.l(libinit2.o)
    0x0001a16e   0x00000000   Code   RO          680    .ARM.Collect$$libinit$$0000001B  c_p.l(libinit2.o)
    0x0001a16e   0x00000000   Code   RO          682    .ARM.Collect$$libinit$$0000001D  c_p.l(libinit2.o)
    0x0001a16e   0x00000000   Code   RO          684    .ARM.Collect$$libinit$$0000001F  c_p.l(libinit2.o)
    0x0001a16e   0x00000000   Code   RO          686    .ARM.Collect$$libinit$$00000021  c_p.l(libinit2.o)
    0x0001a16e   0x00000000   Code   RO          688    .ARM.Collect$$libinit$$00000023  c_p.l(libinit2.o)
    0x0001a16e   0x00000000   Code   RO          690    .ARM.Collect$$libinit$$00000025  c_p.l(libinit2.o)
    0x0001a16e   0x00000000   Code   RO          694    .ARM.Collect$$libinit$$0000002C  c_p.l(libinit2.o)
    0x0001a16e   0x00000000   Code   RO          696    .ARM.Collect$$libinit$$0000002E  c_p.l(libinit2.o)
    0x0001a16e   0x00000000   Code   RO          698    .ARM.Collect$$libinit$$00000030  c_p.l(libinit2.o)
    0x0001a16e   0x00000000   Code   RO          700    .ARM.Collect$$libinit$$00000032  c_p.l(libinit2.o)
    0x0001a16e   0x00000002   Code   RO          701    .ARM.Collect$$libinit$$00000033  c_p.l(libinit2.o)
    0x0001a170   0x00000002   Code   RO          835    .ARM.Collect$$libshutdown$$00000000  c_p.l(libshutdown.o)
    0x0001a172   0x00000000   Code   RO          791    .ARM.Collect$$libshutdown$$00000002  c_p.l(libshutdown2.o)
    0x0001a172   0x00000000   Code   RO          793    .ARM.Collect$$libshutdown$$00000004  c_p.l(libshutdown2.o)
    0x0001a172   0x00000000   Code   RO          796    .ARM.Collect$$libshutdown$$00000007  c_p.l(libshutdown2.o)
    0x0001a172   0x00000000   Code   RO          799    .ARM.Collect$$libshutdown$$0000000A  c_p.l(libshutdown2.o)
    0x0001a172   0x00000000   Code   RO          801    .ARM.Collect$$libshutdown$$0000000C  c_p.l(libshutdown2.o)
    0x0001a172   0x00000000   Code   RO          804    .ARM.Collect$$libshutdown$$0000000F  c_p.l(libshutdown2.o)
    0x0001a172   0x00000002   Code   RO          805    .ARM.Collect$$libshutdown$$00000010  c_p.l(libshutdown2.o)
    0x0001a174   0x00000000   Code   RO          615    .ARM.Collect$$rtentry$$00000000  c_p.l(__rtentry.o)
    0x0001a174   0x00000000   Code   RO          708    .ARM.Collect$$rtentry$$00000002  c_p.l(__rtentry2.o)
    0x0001a174   0x00000006   Code   RO          720    .ARM.Collect$$rtentry$$00000004  c_p.l(__rtentry4.o)
    0x0001a17a   0x00000000   Code   RO          710    .ARM.Collect$$rtentry$$00000009  c_p.l(__rtentry2.o)
    0x0001a17a   0x00000004   Code   RO          711    .ARM.Collect$$rtentry$$0000000A  c_p.l(__rtentry2.o)
    0x0001a17e   0x00000000   Code   RO          713    .ARM.Collect$$rtentry$$0000000C  c_p.l(__rtentry2.o)
    0x0001a17e   0x00000008   Code   RO          714    .ARM.Collect$$rtentry$$0000000D  c_p.l(__rtentry2.o)
    0x0001a186   0x00000002   Code   RO          776    .ARM.Collect$$rtexit$$00000000  c_p.l(rtexit.o)
    0x0001a188   0x00000000   Code   RO          809    .ARM.Collect$$rtexit$$00000002  c_p.l(rtexit2.o)
    0x0001a188   0x00000004   Code   RO          810    .ARM.Collect$$rtexit$$00000003  c_p.l(rtexit2.o)
    0x0001a18c   0x00000006   Code   RO          811    .ARM.Collect$$rtexit$$00000004  c_p.l(rtexit2.o)
    0x0001a192   0x00000002   PAD
    0x0001a194   0x00000000   Code   RO          728    .emb_text           c_p.l(maybetermalloc1.o)
    0x0001a194   0x00000054   Code   RO          500    .text               arm_startup_nrf51.o
    0x0001a1e8   0x00000062   Code   RO          555    .text               c_p.l(h1_alloc.o)
    0x0001a24a   0x00000006   Code   RO          609    .text               c_p.l(heapauxi.o)
    0x0001a250   0x00000008   Code   RO          619    .text               c_p.l(rt_heap_descriptor_intlibspace.o)
    0x0001a258   0x00000004   Code   RO          621    .text               c_p.l(hguard.o)
    0x0001a25c   0x00000088   Code   RO          623    .text               c_p.l(init_alloc.o)
    0x0001a2e4   0x0000000e   Code   RO          629    .text               c_p.l(h1_init.o)
    0x0001a2f2   0x0000004c   Code   RO          631    .text               c_p.l(h1_free.o)
    0x0001a33e   0x00000002   PAD
    0x0001a340   0x00000008   Code   RO          704    .text               c_p.l(libspace.o)
    0x0001a348   0x00000034   Code   RO          730    .text               c_p.l(h1_extend.o)
    0x0001a37c   0x0000000c   Code   RO          734    .text               c_p.l(defsig_rtmem_outer.o)
    0x0001a388   0x00000002   Code   RO          745    .text               c_p.l(use_no_semi.o)
    0x0001a38a   0x00000000   Code   RO          747    .text               c_p.l(indicate_semi.o)
    0x0001a38a   0x0000003e   Code   RO          748    .text               c_p.l(sys_stackheap_outer.o)
    0x0001a3c8   0x00000010   Code   RO          757    .text               c_p.l(exit.o)
    0x0001a3d8   0x0000000c   Code   RO          759    .text               c_p.l(defsig_exit.o)
    0x0001a3e4   0x00000050   Code   RO          761    .text               c_p.l(defsig_rtmem_inner.o)
    0x0001a434   0x0000000c   Code   RO          773    .text               c_p.l(sys_exit.o)
    0x0001a440   0x00000034   Code   RO          784    .text               c_p.l(defsig_general.o)
    0x0001a474   0x0000000c   Code   RO          806    .text               c_p.l(sys_wrch.o)
    0x0001a480   0x00000014   Code   RO          454    i.NVIC_EnableIRQ    tim.o
    0x0001a494   0x00000078   Code   RO            3    i.NVIC_SetPriority  main.o
    0x0001a50c   0x00000078   Code   RO          360    i.NVIC_SetPriority  radio_config.o
    0x0001a584   0x00000078   Code   RO          455    i.NVIC_SetPriority  tim.o
    0x0001a5fc   0x00000520   Code   RO            4    i.RADIO_IRQHandler  main.o
    0x0001ab1c   0x0000005c   Code   RO          361    i.Radio_Init        radio_config.o
    0x0001ab78   0x00000074   Code   RO            5    i.Rom_Pos           main.o
    0x0001abec   0x00000064   Code   RO          507    i.SystemInit        system_nrf51.o
    0x0001ac50   0x0000006c   Code   RO            6    i.TIMER0_IRQHandler  main.o
    0x0001acbc   0x00000054   Code   RO          456    i.Timer0_Init       tim.o
    0x0001ad10   0x0000024c   Code   RO            7    i.UART0_IRQHandler  main.o
    0x0001af5c   0x0000003c   Code   RO            8    i.UART_Init         main.o
    0x0001af98   0x00000030   Code   RO          221    i.UART_Send         simple_uart.o
    0x0001afc8   0x0000001c   Code   RO          101    i.__ARM_common_switch8  main.o
    0x0001afe4   0x00000016   Code   RO          422    i.copybuf           sys.o
    0x0001affa   0x00000002   PAD
    0x0001affc   0x00000030   Code   RO          198    i.crc_check         crc.o
    0x0001b02c   0x0000001c   Code   RO            9    i.hfclk_config      main.o
    0x0001b048   0x00000038   Code   RO          508    i.is_disabled_in_debug_needed  system_nrf51.o
    0x0001b080   0x0000006c   Code   RO          509    i.is_manual_peripheral_setup_needed  system_nrf51.o
    0x0001b0ec   0x00000054   Code   RO          510    i.is_peripheral_domain_setup_needed  system_nrf51.o
    0x0001b140   0x00000090   Code   RO           10    i.main              main.o
    0x0001b1d0   0x00000014   Code   RO          424    i.my_memset         sys.o
    0x0001b1e4   0x00000026   Code   RO          223    i.nrf_gpio_cfg      simple_uart.o
    0x0001b20a   0x0000001a   Code   RO          224    i.nrf_gpio_cfg_input  simple_uart.o
    0x0001b224   0x00000018   Code   RO          225    i.nrf_gpio_cfg_output  simple_uart.o
    0x0001b23c   0x00000010   Code   RO           11    i.nrf_gpio_pin_clear  main.o
    0x0001b24c   0x00000010   Code   RO           12    i.nrf_gpio_pin_set  main.o
    0x0001b25c   0x00000038   Code   RO          298    i.nrf_nvmc_page_erase  nrf_nvmc.o
    0x0001b294   0x00000006   Code   RO          299    i.nrf_nvmc_read_byte  nrf_nvmc.o
    0x0001b29a   0x0000001c   Code   RO          300    i.nrf_nvmc_read_bytes  nrf_nvmc.o
    0x0001b2b6   0x00000002   PAD
    0x0001b2b8   0x00000050   Code   RO          301    i.nrf_nvmc_write_byte  nrf_nvmc.o
    0x0001b308   0x0000001c   Code   RO          302    i.nrf_nvmc_write_bytes  nrf_nvmc.o
    0x0001b324   0x00000618   Code   RO           13    i.radio_cmd_process  main.o
    0x0001b93c   0x00000078   Code   RO          362    i.radio_configure   radio_config.o
    0x0001b9b4   0x00000038   Code   RO          363    i.radio_disable     radio_config.o
    0x0001b9ec   0x00000040   Code   RO          365    i.radio_rx_carrier  radio_config.o
    0x0001ba2c   0x00000038   Code   RO          366    i.radio_tx_carrier  radio_config.o
    0x0001ba64   0x00000348   Code   RO           14    i.rf_process        main.o
    0x0001bdac   0x000002a8   Code   RO           15    i.settingsSetDefaultValues  main.o
    0x0001c054   0x0000006c   Code   RO          226    i.simple_uart_config  simple_uart.o
    0x0001c0c0   0x0000087c   Code   RO           16    i.uart_process      main.o
    0x0001c93c   0x00000027   Data   RO           21    .constdata          main.o
    0x0001c963   0x00000001   PAD
    0x0001c964   0x00000200   Data   RO          199    .constdata          crc.o
    0x0001cb64   0x00000020   Data   RO          836    Region$$Table       anon$$obj.o


    Execution Region RW_IRAM1 (Base: 0x20000000, Size: 0x00001b08, Max: 0x00004000, ABSOLUTE)

    Base Addr    Size         Type   Attr      Idx    E Section Name        Object

    0x20000000   0x00000063   Data   RW           22    .data               main.o
    0x20000063   0x00000001   Data   RW          368    .data               radio_config.o
    0x20000064   0x00000004   Data   RW          511    .data               system_nrf51.o
    0x20000068   0x00000020   Zero   RW          367    .bss                radio_config.o
    0x20000088   0x00000060   Zero   RW          705    .bss                c_p.l(libspace.o)
    0x200000e8   0x00000119   PAD
    0x20000201   0x00000001   Zero   RW           19    .ARM.__AT_0x20000201  main.o
    0x20000202   0x00000002   PAD
    0x20000204   0x00000900   Zero   RW           20    .bss                main.o
    0x20000b04   0x00000004   PAD
    0x20000b08   0x00000800   Zero   RW          498    HEAP                arm_startup_nrf51.o
    0x20001308   0x00000800   Zero   RW          497    STACK               arm_startup_nrf51.o


==============================================================================

Image component sizes


      Code (inc. data)   RO Data    RW Data    ZI Data      Debug   Object Name

        84         36        192          0       4096        704   arm_startup_nrf51.o
        48          4        512          0          0       1110   crc.o
      7788        616         79         99       2305      47832   main.o
       198         18          0          0          0       3310   nrf_nvmc.o
       508        118          0          1         32      10296   radio_config.o
       244         28          0          0          0       6229   simple_uart.o
        42          0          0          0          0       1362   sys.o
       348         38          0          4          0       2295   system_nrf51.o
       224         34          0          0          0       7778   tim.o

    ----------------------------------------------------------------------
      9488        892        816        104       6439      80916   Object Totals
         0          0         32          0          0          0   (incl. Generated)
         4          0          1          0          6          0   (incl. Padding)

    ----------------------------------------------------------------------

      Code (inc. data)   RO Data    RW Data    ZI Data      Debug   Library Member Name

         8          0          0          0          0         68   __main.o
         0          0          0          0          0          0   __rtentry.o
        12          0          0          0          0          0   __rtentry2.o
         6          0          0          0          0          0   __rtentry4.o
        60          8          0          0          0          0   __scatter.o
        26          0          0          0          0          0   __scatter_copy.o
        28          0          0          0          0          0   __scatter_zi.o
        12          0          0          0          0         68   defsig_exit.o
        52          0          0          0          0         72   defsig_general.o
        80         58          0          0          0         68   defsig_rtmem_inner.o
        12          0          0          0          0         68   defsig_rtmem_outer.o
        16          0          0          0          0         68   exit.o
        98          0          0          0          0         72   h1_alloc.o
        52          0          0          0          0         68   h1_extend.o
        76          0          0          0          0         72   h1_free.o
        14          0          0          0          0         76   h1_init.o
         6          0          0          0          0        136   heapauxi.o
         4          0          0          0          0        120   hguard.o
         0          0          0          0          0          0   indicate_semi.o
       136          0          0          0          0        160   init_alloc.o
         2          0          0          0          0          0   libinit.o
        10          0          0          0          0          0   libinit2.o
         2          0          0          0          0          0   libshutdown.o
         2          0          0          0          0          0   libshutdown2.o
         8          4          0          0         96         68   libspace.o
         0          0          0          0          0          0   maybetermalloc1.o
         8          4          0          0          0         68   rt_heap_descriptor_intlibspace.o
         2          0          0          0          0          0   rtexit.o
        10          0          0          0          0          0   rtexit2.o
        12          4          0          0          0         60   sys_exit.o
        62          0          0          0          0         80   sys_stackheap_outer.o
        12          0          0          0          0         68   sys_wrch.o
         2          0          0          0          0         68   use_no_semi.o

    ----------------------------------------------------------------------
       836         78          0          0        377       1528   Library Totals
         6          0          0          0        281          0   (incl. Padding)

    ----------------------------------------------------------------------

      Code (inc. data)   RO Data    RW Data    ZI Data      Debug   Library Name

       830         78          0          0         96       1528   c_p.l

    ----------------------------------------------------------------------
       836         78          0          0        377       1528   Library Totals

    ----------------------------------------------------------------------

==============================================================================


      Code (inc. data)   RO Data    RW Data    ZI Data      Debug   

     10324        970        816        104       6816      80056   Grand Totals
     10324        970        816        104       6816      80056   ELF Image Totals
     10324        970        816        104          0          0   ROM Totals

==============================================================================

    Total RO  Size (Code + RO Data)                11140 (  10.88kB)
    Total RW  Size (RW Data + ZI Data)              6920 (   6.76kB)
    Total ROM Size (Code + RO Data + RW Data)      11244 (  10.98kB)

==============================================================================

